85.90.221.62 - - [03/Apr/2017:21:11:04 +0000] "GET /project/1/issue/create/ HTTP/1.1" 200 12892 "http://46.101.197.108/project/1/backlog/" "Mozilla/5.0 (X11; Ubuntu; Linux x86_64; rv:52.0) Gecko/20100101 Firefox/52.0"
85.90.221.62 - - [03/Apr/2017:21:11:06 +0000] "GET /socket.io/?EIO=3&transport=polling&t=Lirg2xN HTTP/1.1" 200 118 "http://46.101.197.108:5000/room/1/user/11/" "Mozilla/5.0 (X11; Ubuntu; Linux x86_64; rv:52.0) Gecko/20100101 Firefox/52.0" "-"
85.90.221.62 - - [03/Apr/2017:21:11:07 +0000] "POST /socket.io/?EIO=3&transport=polling&t=Lirg2yk&sid=db0fea05f70149d984e6205a92a9d5e4 HTTP/1.1" 200 12 "http://46.101.197.108:5000/room/1/user/11/" "Mozilla/5.0 (X11; Ubuntu; Linux x86_64; rv:52.0) Gecko/20100101 Firefox/52.0" "-"
85.90.221.62 - - [03/Apr/2017:21:11:07 +0000] "GET /socket.io/?EIO=3&transport=polling&t=Lirg2ym&sid=db0fea05f70149d984e6205a92a9d5e4 HTTP/1.1" 200 590 "http://46.101.197.108:5000/room/1/user/11/" "Mozilla/5.0 (X11; Ubuntu; Linux x86_64; rv:52.0) Gecko/20100101 Firefox/52.0" "-"
85.90.221.62 - - [03/Apr/2017:21:11:31 +0000] "POST /socket.io/?EIO=3&transport=polling&t=Lirg93P&sid=db0fea05f70149d984e6205a92a9d5e4 HTTP/1.1" 200 12 "http://46.101.197.108:5000/room/1/user/11/" "Mozilla/5.0 (X11; Ubuntu; Linux x86_64; rv:52.0) Gecko/20100101 Firefox/52.0" "-"
85.90.221.62 - - [03/Apr/2017:21:11:31 +0000] "GET /socket.io/?EIO=3&transport=polling&t=Lirg3Ao&sid=db0fea05f70149d984e6205a92a9d5e4 HTTP/1.1" 200 14 "http://46.101.197.108:5000/room/1/user/11/" "Mozilla/5.0 (X11; Ubuntu; Linux x86_64; rv:52.0) Gecko/20100101 Firefox/52.0" "-"
85.90.221.62 - - [03/Apr/2017:21:11:56 +0000] "POST /socket.io/?EIO=3&transport=polling&t=LirgFBx&sid=db0fea05f70149d984e6205a92a9d5e4 HTTP/1.1" 200 12 "http://46.101.197.108:5000/room/1/user/11/" "Mozilla/5.0 (X11; Ubuntu; Linux x86_64; rv:52.0) Gecko/20100101 Firefox/52.0" "-"
85.90.221.62 - - [03/Apr/2017:21:11:56 +0000] "GET /socket.io/?EIO=3&transport=polling&t=Lirg94A&sid=db0fea05f70149d984e6205a92a9d5e4 HTTP/1.1" 200 14 "http://46.101.197.108:5000/room/1/user/11/" "Mozilla/5.0 (X11; Ubuntu; Linux x86_64; rv:52.0) Gecko/20100101 Firefox/52.0" "-"
85.90.221.62 - - [03/Apr/2017:21:12:21 +0000] "POST /socket.io/?EIO=3&transport=polling&t=LirgLJM&sid=db0fea05f70149d984e6205a92a9d5e4 HTTP/1.1" 200 12 "http://46.101.197.108:5000/room/1/user/11/" "Mozilla/5.0 (X11; Ubuntu; Linux x86_64; rv:52.0) Gecko/20100101 Firefox/52.0" "-"
85.90.221.62 - - [03/Apr/2017:21:12:21 +0000] "GET /socket.io/?EIO=3&transport=polling&t=LirgFCk&sid=db0fea05f70149d984e6205a92a9d5e4 HTTP/1.1" 200 14 "http://46.101.197.108:5000/room/1/user/11/" "Mozilla/5.0 (X11; Ubuntu; Linux x86_64; rv:52.0) Gecko/20100101 Firefox/52.0" "-"
85.90.221.62 - - [03/Apr/2017:21:12:46 +0000] "POST /socket.io/?EIO=3&transport=polling&t=LirgRRR&sid=db0fea05f70149d984e6205a92a9d5e4 HTTP/1.1" 200 12 "http://46.101.197.108:5000/room/1/user/11/" "Mozilla/5.0 (X11; Ubuntu; Linux x86_64; rv:52.0) Gecko/20100101 Firefox/52.0" "-"
85.90.221.62 - - [03/Apr/2017:21:12:46 +0000] "GET /socket.io/?EIO=3&transport=polling&t=LirgLKn&sid=db0fea05f70149d984e6205a92a9d5e4 HTTP/1.1" 200 14 "http://46.101.197.108:5000/room/1/user/11/" "Mozilla/5.0 (X11; Ubuntu; Linux x86_64; rv:52.0) Gecko/20100101 Firefox/52.0" "-"
85.90.221.62 - - [03/Apr/2017:21:13:11 +0000] "POST /socket.io/?EIO=3&transport=polling&t=LirgXY-&sid=db0fea05f70149d984e6205a92a9d5e4 HTTP/1.1" 200 12 "http://46.101.197.108:5000/room/1/user/11/" "Mozilla/5.0 (X11; Ubuntu; Linux x86_64; rv:52.0) Gecko/20100101 Firefox/52.0" "-"
85.90.221.62 - - [03/Apr/2017:21:13:11 +0000] "GET /socket.io/?EIO=3&transport=polling&t=LirgRSM&sid=db0fea05f70149d984e6205a92a9d5e4 HTTP/1.1" 200 14 "http://46.101.197.108:5000/room/1/user/11/" "Mozilla/5.0 (X11; Ubuntu; Linux x86_64; rv:52.0) Gecko/20100101 Firefox/52.0" "-"
85.90.221.62 - - [03/Apr/2017:21:13:36 +0000] "POST /socket.io/?EIO=3&transport=polling&t=LirgdgZ&sid=db0fea05f70149d984e6205a92a9d5e4 HTTP/1.1" 200 12 "http://46.101.197.108:5000/room/1/user/11/" "Mozilla/5.0 (X11; Ubuntu; Linux x86_64; rv:52.0) Gecko/20100101 Firefox/52.0" "-"
85.90.221.62 - - [03/Apr/2017:21:13:36 +0000] "GET /socket.io/?EIO=3&transport=polling&t=LirgXZv&sid=db0fea05f70149d984e6205a92a9d5e4 HTTP/1.1" 200 14 "http://46.101.197.108:5000/room/1/user/11/" "Mozilla/5.0 (X11; Ubuntu; Linux x86_64; rv:52.0) Gecko/20100101 Firefox/52.0" "-"
85.90.221.62 - - [03/Apr/2017:21:14:01 +0000] "POST /socket.io/?EIO=3&transport=polling&t=LirgjoL&sid=db0fea05f70149d984e6205a92a9d5e4 HTTP/1.1" 200 12 "http://46.101.197.108:5000/room/1/user/11/" "Mozilla/5.0 (X11; Ubuntu; Linux x86_64; rv:52.0) Gecko/20100101 Firefox/52.0" "-"
85.90.221.62 - - [03/Apr/2017:21:14:01 +0000] "GET /socket.io/?EIO=3&transport=polling&t=Lirgdha&sid=db0fea05f70149d984e6205a92a9d5e4 HTTP/1.1" 200 14 "http://46.101.197.108:5000/room/1/user/11/" "Mozilla/5.0 (X11; Ubuntu; Linux x86_64; rv:52.0) Gecko/20100101 Firefox/52.0" "-"
85.90.221.62 - - [03/Apr/2017:21:14:26 +0000] "POST /socket.io/?EIO=3&transport=polling&t=LirgpwO&sid=db0fea05f70149d984e6205a92a9d5e4 HTTP/1.1" 200 12 "http://46.101.197.108:5000/room/1/user/11/" "Mozilla/5.0 (X11; Ubuntu; Linux x86_64; rv:52.0) Gecko/20100101 Firefox/52.0" "-"
85.90.221.62 - - [03/Apr/2017:21:14:26 +0000] "GET /socket.io/?EIO=3&transport=polling&t=Lirgjpj&sid=db0fea05f70149d984e6205a92a9d5e4 HTTP/1.1" 200 14 "http://46.101.197.108:5000/room/1/user/11/" "Mozilla/5.0 (X11; Ubuntu; Linux x86_64; rv:52.0) Gecko/20100101 Firefox/52.0" "-"
91.222.250.45 - - [03/Apr/2017:21:14:32 +0000] "GET /room/1/user/11/ HTTP/1.1" 200 827 "-" "Mozilla/5.0 (X11; Linux x86_64) AppleWebKit/537.36 (KHTML, like Gecko) Chrome/56.0.2924.87 Safari/537.36" "-"
91.222.250.45 - - [03/Apr/2017:21:14:33 +0000] "GET /static/js/vendors/jquery.min.js HTTP/1.1" 200 85578 "http://46.101.197.108:5000/room/1/user/11/" "Mozilla/5.0 (X11; Linux x86_64) AppleWebKit/537.36 (KHTML, like Gecko) Chrome/56.0.2924.87 Safari/537.36" "-"
91.222.250.45 - - [03/Apr/2017:21:14:33 +0000] "GET /static/js/vendors/socket.io.min.js HTTP/1.1" 200 69315 "http://46.101.197.108:5000/room/1/user/11/" "Mozilla/5.0 (X11; Linux x86_64) AppleWebKit/537.36 (KHTML, like Gecko) Chrome/56.0.2924.87 Safari/537.36" "-"
91.222.250.45 - - [03/Apr/2017:21:14:33 +0000] "GET /static/js/bundle.js HTTP/1.1" 200 43230 "http://46.101.197.108:5000/room/1/user/11/" "Mozilla/5.0 (X11; Linux x86_64) AppleWebKit/537.36 (KHTML, like Gecko) Chrome/56.0.2924.87 Safari/537.36" "-"
91.222.250.45 - - [03/Apr/2017:21:14:33 +0000] "GET /static/css/font-awesome.min.css HTTP/1.1" 200 31000 "http://46.101.197.108:5000/room/1/user/11/" "Mozilla/5.0 (X11; Linux x86_64) AppleWebKit/537.36 (KHTML, like Gecko) Chrome/56.0.2924.87 Safari/537.36" "-"
91.222.250.45 - - [03/Apr/2017:21:14:33 +0000] "GET /static/css/style.css HTTP/1.1" 200 3770 "http://46.101.197.108:5000/room/1/user/11/" "Mozilla/5.0 (X11; Linux x86_64) AppleWebKit/537.36 (KHTML, like Gecko) Chrome/56.0.2924.87 Safari/537.36" "-"
91.222.250.45 - - [03/Apr/2017:21:14:33 +0000] "GET /static/css/bootstrap.min.css HTTP/1.1" 200 121200 "http://46.101.197.108:5000/room/1/user/11/" "Mozilla/5.0 (X11; Linux x86_64) AppleWebKit/537.36 (KHTML, like Gecko) Chrome/56.0.2924.87 Safari/537.36" "-"
91.222.250.45 - - [03/Apr/2017:21:14:33 +0000] "GET /static/js/vendors/bootstrap.min.js HTTP/1.1" 200 37045 "http://46.101.197.108:5000/room/1/user/11/" "Mozilla/5.0 (X11; Linux x86_64) AppleWebKit/537.36 (KHTML, like Gecko) Chrome/56.0.2924.87 Safari/537.36" "-"
91.222.250.45 - - [03/Apr/2017:21:14:33 +0000] "GET /static/js/vendors/react.js HTTP/1.1" 200 127517 "http://46.101.197.108:5000/room/1/user/11/" "Mozilla/5.0 (X11; Linux x86_64) AppleWebKit/537.36 (KHTML, like Gecko) Chrome/56.0.2924.87 Safari/537.36" "-"
91.222.250.45 - - [03/Apr/2017:21:14:33 +0000] "GET /static/js/vendors/react-dom.js HTTP/1.1" 200 619308 "http://46.101.197.108:5000/room/1/user/11/" "Mozilla/5.0 (X11; Linux x86_64) AppleWebKit/537.36 (KHTML, like Gecko) Chrome/56.0.2924.87 Safari/537.36" "-"
91.222.250.45 - - [03/Apr/2017:21:14:34 +0000] "GET /socket.io/?EIO=3&transport=polling&t=Lirgro3 HTTP/1.1" 200 118 "http://46.101.197.108:5000/room/1/user/11/" "Mozilla/5.0 (X11; Linux x86_64) AppleWebKit/537.36 (KHTML, like Gecko) Chrome/56.0.2924.87 Safari/537.36" "-"
91.222.250.45 - - [03/Apr/2017:21:14:34 +0000] "POST /socket.io/?EIO=3&transport=polling&t=LirgrpC&sid=c70df3c6fc914754a63b923611de49c0 HTTP/1.1" 200 12 "http://46.101.197.108:5000/room/1/user/11/" "Mozilla/5.0 (X11; Linux x86_64) AppleWebKit/537.36 (KHTML, like Gecko) Chrome/56.0.2924.87 Safari/537.36" "-"
91.222.250.45 - - [03/Apr/2017:21:14:34 +0000] "GET /socket.io/?EIO=3&transport=polling&t=LirgrpD&sid=c70df3c6fc914754a63b923611de49c0 HTTP/1.1" 200 650 "http://46.101.197.108:5000/room/1/user/11/" "Mozilla/5.0 (X11; Linux x86_64) AppleWebKit/537.36 (KHTML, like Gecko) Chrome/56.0.2924.87 Safari/537.36" "-"
85.90.221.62 - - [03/Apr/2017:21:14:34 +0000] "GET /socket.io/?EIO=3&transport=polling&t=LirgpxJ&sid=db0fea05f70149d984e6205a92a9d5e4 HTTP/1.1" 200 97 "http://46.101.197.108:5000/room/1/user/11/" "Mozilla/5.0 (X11; Ubuntu; Linux x86_64; rv:52.0) Gecko/20100101 Firefox/52.0" "-"
91.222.250.45 - - [03/Apr/2017:21:14:34 +0000] "GET /favicon.ico HTTP/1.1" 404 233 "http://46.101.197.108:5000/room/1/user/11/" "Mozilla/5.0 (X11; Linux x86_64) AppleWebKit/537.36 (KHTML, like Gecko) Chrome/56.0.2924.87 Safari/537.36" "-"
91.222.250.45 - - [03/Apr/2017:21:14:34 +0000] "GET /static/fonts/fontawesome-webfont.woff2?v=4.7.0 HTTP/1.1" 200 77160 "http://46.101.197.108:5000/static/css/font-awesome.min.css" "Mozilla/5.0 (X11; Linux x86_64) AppleWebKit/537.36 (KHTML, like Gecko) Chrome/56.0.2924.87 Safari/537.36" "-"
91.222.250.45 - - [03/Apr/2017:21:14:34 +0000] "GET /static/fonts/glyphicons-halflings-regular.woff2 HTTP/1.1" 200 18028 "http://46.101.197.108:5000/static/css/bootstrap.min.css" "Mozilla/5.0 (X11; Linux x86_64) AppleWebKit/537.36 (KHTML, like Gecko) Chrome/56.0.2924.87 Safari/537.36" "-"
85.90.221.62 - - [03/Apr/2017:21:14:51 +0000] "POST /socket.io/?EIO=3&transport=polling&t=Lirgw1y&sid=db0fea05f70149d984e6205a92a9d5e4 HTTP/1.1" 200 12 "http://46.101.197.108:5000/room/1/user/11/" "Mozilla/5.0 (X11; Ubuntu; Linux x86_64; rv:52.0) Gecko/20100101 Firefox/52.0" "-"
85.90.221.62 - - [03/Apr/2017:21:14:51 +0000] "GET /socket.io/?EIO=3&transport=polling&t=Lirgrqb&sid=db0fea05f70149d984e6205a92a9d5e4 HTTP/1.1" 200 14 "http://46.101.197.108:5000/room/1/user/11/" "Mozilla/5.0 (X11; Ubuntu; Linux x86_64; rv:52.0) Gecko/20100101 Firefox/52.0" "-"
91.222.250.45 - - [03/Apr/2017:21:14:59 +0000] "POST /socket.io/?EIO=3&transport=polling&t=Lirgxxb&sid=c70df3c6fc914754a63b923611de49c0 HTTP/1.1" 200 12 "http://46.101.197.108:5000/room/1/user/11/" "Mozilla/5.0 (X11; Linux x86_64) AppleWebKit/537.36 (KHTML, like Gecko) Chrome/56.0.2924.87 Safari/537.36" "-"
91.222.250.45 - - [03/Apr/2017:21:14:59 +0000] "GET /socket.io/?EIO=3&transport=polling&t=Lirgrqa&sid=c70df3c6fc914754a63b923611de49c0 HTTP/1.1" 200 14 "http://46.101.197.108:5000/room/1/user/11/" "Mozilla/5.0 (X11; Linux x86_64) AppleWebKit/537.36 (KHTML, like Gecko) Chrome/56.0.2924.87 Safari/537.36" "-"
85.90.221.62 - - [03/Apr/2017:21:15:06 +0000] "GET /static/css/bootstrap.min.css.map HTTP/1.1" 200 542194 "-" "Mozilla/5.0 (X11; Ubuntu; Linux x86_64; rv:52.0) Gecko/20100101 Firefox/52.0" "-"
85.90.221.62 - - [03/Apr/2017:21:15:16 +0000] "GET /static/js/vendors/socket.io.min.js.map HTTP/1.1" 404 233 "-" "Mozilla/5.0 (X11; Ubuntu; Linux x86_64; rv:52.0) Gecko/20100101 Firefox/52.0" "-"
85.90.221.62 - - [03/Apr/2017:21:15:17 +0000] "POST /socket.io/?EIO=3&transport=polling&t=Lirh09W&sid=db0fea05f70149d984e6205a92a9d5e4 HTTP/1.1" 200 12 "http://46.101.197.108:5000/room/1/user/11/" "Mozilla/5.0 (X11; Ubuntu; Linux x86_64; rv:52.0) Gecko/20100101 Firefox/52.0" "-"
85.90.221.62 - - [03/Apr/2017:21:15:17 +0000] "GET /socket.io/?EIO=3&transport=polling&t=Lirgw2m&sid=db0fea05f70149d984e6205a92a9d5e4 HTTP/1.1" 200 14 "http://46.101.197.108:5000/room/1/user/11/" "Mozilla/5.0 (X11; Ubuntu; Linux x86_64; rv:52.0) Gecko/20100101 Firefox/52.0" "-"
91.222.250.45 - - [03/Apr/2017:21:15:25 +0000] "POST /socket.io/?EIO=3&transport=polling&t=Lirh2Hr&sid=c70df3c6fc914754a63b923611de49c0 HTTP/1.1" 200 12 "http://46.101.197.108:5000/room/1/user/11/" "Mozilla/5.0 (X11; Linux x86_64) AppleWebKit/537.36 (KHTML, like Gecko) Chrome/56.0.2924.87 Safari/537.36" "-"
91.222.250.45 - - [03/Apr/2017:21:15:25 +0000] "GET /socket.io/?EIO=3&transport=polling&t=Lirgxyb&sid=c70df3c6fc914754a63b923611de49c0 HTTP/1.1" 200 14 "http://46.101.197.108:5000/room/1/user/11/" "Mozilla/5.0 (X11; Linux x86_64) AppleWebKit/537.36 (KHTML, like Gecko) Chrome/56.0.2924.87 Safari/537.36" "-"
85.90.221.62 - - [03/Apr/2017:21:15:42 +0000] "POST /socket.io/?EIO=3&transport=polling&t=Lirh6Hd&sid=db0fea05f70149d984e6205a92a9d5e4 HTTP/1.1" 200 12 "http://46.101.197.108:5000/room/1/user/11/" "Mozilla/5.0 (X11; Ubuntu; Linux x86_64; rv:52.0) Gecko/20100101 Firefox/52.0" "-"
85.90.221.62 - - [03/Apr/2017:21:15:42 +0000] "GET /socket.io/?EIO=3&transport=polling&t=Lirh0Ay&sid=db0fea05f70149d984e6205a92a9d5e4 HTTP/1.1" 200 14 "http://46.101.197.108:5000/room/1/user/11/" "Mozilla/5.0 (X11; Ubuntu; Linux x86_64; rv:52.0) Gecko/20100101 Firefox/52.0" "-"
91.222.250.45 - - [03/Apr/2017:21:15:51 +0000] "POST /socket.io/?EIO=3&transport=polling&t=Lirh8e5&sid=c70df3c6fc914754a63b923611de49c0 HTTP/1.1" 200 12 "http://46.101.197.108:5000/room/1/user/11/" "Mozilla/5.0 (X11; Linux x86_64) AppleWebKit/537.36 (KHTML, like Gecko) Chrome/56.0.2924.87 Safari/537.36" "-"
91.222.250.45 - - [03/Apr/2017:21:15:51 +0000] "GET /socket.io/?EIO=3&transport=polling&t=Lirh2Ig&sid=c70df3c6fc914754a63b923611de49c0 HTTP/1.1" 200 14 "http://46.101.197.108:5000/room/1/user/11/" "Mozilla/5.0 (X11; Linux x86_64) AppleWebKit/537.36 (KHTML, like Gecko) Chrome/56.0.2924.87 Safari/537.36" "-"
85.90.221.62 - - [03/Apr/2017:21:16:07 +0000] "POST /socket.io/?EIO=3&transport=polling&t=LirhCPZ&sid=db0fea05f70149d984e6205a92a9d5e4 HTTP/1.1" 200 12 "http://46.101.197.108:5000/room/1/user/11/" "Mozilla/5.0 (X11; Ubuntu; Linux x86_64; rv:52.0) Gecko/20100101 Firefox/52.0" "-"
85.90.221.62 - - [03/Apr/2017:21:16:07 +0000] "GET /socket.io/?EIO=3&transport=polling&t=Lirh6In&sid=db0fea05f70149d984e6205a92a9d5e4 HTTP/1.1" 200 14 "http://46.101.197.108:5000/room/1/user/11/" "Mozilla/5.0 (X11; Ubuntu; Linux x86_64; rv:52.0) Gecko/20100101 Firefox/52.0" "-"
91.222.250.45 - - [03/Apr/2017:21:16:17 +0000] "POST /socket.io/?EIO=3&transport=polling&t=LirhE-L&sid=c70df3c6fc914754a63b923611de49c0 HTTP/1.1" 200 12 "http://46.101.197.108:5000/room/1/user/11/" "Mozilla/5.0 (X11; Linux x86_64) AppleWebKit/537.36 (KHTML, like Gecko) Chrome/56.0.2924.87 Safari/537.36" "-"
91.222.250.45 - - [03/Apr/2017:21:16:17 +0000] "GET /socket.io/?EIO=3&transport=polling&t=Lirh8gA&sid=c70df3c6fc914754a63b923611de49c0 HTTP/1.1" 200 14 "http://46.101.197.108:5000/room/1/user/11/" "Mozilla/5.0 (X11; Linux x86_64) AppleWebKit/537.36 (KHTML, like Gecko) Chrome/56.0.2924.87 Safari/537.36" "-"
91.222.250.45 - - [03/Apr/2017:21:16:24 +0000] "POST /socket.io/?EIO=3&transport=polling&t=LirhGfl&sid=c70df3c6fc914754a63b923611de49c0 HTTP/1.1" 200 12 "http://46.101.197.108:5000/room/1/user/11/" "Mozilla/5.0 (X11; Linux x86_64) AppleWebKit/537.36 (KHTML, like Gecko) Chrome/56.0.2924.87 Safari/537.36" "-"
91.222.250.45 - - [03/Apr/2017:21:16:24 +0000] "GET /socket.io/?EIO=3&transport=polling&t=LirhE_7&sid=c70df3c6fc914754a63b923611de49c0 HTTP/1.1" 200 140 "http://46.101.197.108:5000/room/1/user/11/" "Mozilla/5.0 (X11; Linux x86_64) AppleWebKit/537.36 (KHTML, like Gecko) Chrome/56.0.2924.87 Safari/537.36" "-"
85.90.221.62 - - [03/Apr/2017:21:16:24 +0000] "GET /socket.io/?EIO=3&transport=polling&t=LirhCQk&sid=db0fea05f70149d984e6205a92a9d5e4 HTTP/1.1" 200 140 "http://46.101.197.108:5000/room/1/user/11/" "Mozilla/5.0 (X11; Ubuntu; Linux x86_64; rv:52.0) Gecko/20100101 Firefox/52.0" "-"
85.90.221.62 - - [03/Apr/2017:21:16:32 +0000] "POST /socket.io/?EIO=3&transport=polling&t=LirhIXN&sid=db0fea05f70149d984e6205a92a9d5e4 HTTP/1.1" 200 12 "http://46.101.197.108:5000/room/1/user/11/" "Mozilla/5.0 (X11; Ubuntu; Linux x86_64; rv:52.0) Gecko/20100101 Firefox/52.0" "-"
85.90.221.62 - - [03/Apr/2017:21:16:32 +0000] "GET /socket.io/?EIO=3&transport=polling&t=LirhGh4&sid=db0fea05f70149d984e6205a92a9d5e4 HTTP/1.1" 200 14 "http://46.101.197.108:5000/room/1/user/11/" "Mozilla/5.0 (X11; Ubuntu; Linux x86_64; rv:52.0) Gecko/20100101 Firefox/52.0" "-"
91.222.250.45 - - [03/Apr/2017:21:16:40 +0000] "GET /room/1/user/12/ HTTP/1.1" 200 829 "-" "Mozilla/5.0 (X11; Linux x86_64) AppleWebKit/537.36 (KHTML, like Gecko) Chrome/56.0.2924.87 Safari/537.36" "-"
91.222.250.45 - - [03/Apr/2017:21:16:40 +0000] "GET /socket.io/?EIO=3&transport=polling&t=LirhKd8 HTTP/1.1" 200 118 "http://46.101.197.108:5000/room/1/user/12/" "Mozilla/5.0 (X11; Linux x86_64) AppleWebKit/537.36 (KHTML, like Gecko) Chrome/56.0.2924.87 Safari/537.36" "-"
91.222.250.45 - - [03/Apr/2017:21:16:40 +0000] "POST /socket.io/?EIO=3&transport=polling&t=LirhKeX&sid=6dce84721924495a8403e3e9665336cb HTTP/1.1" 200 12 "http://46.101.197.108:5000/room/1/user/12/" "Mozilla/5.0 (X11; Linux x86_64) AppleWebKit/537.36 (KHTML, like Gecko) Chrome/56.0.2924.87 Safari/537.36" "-"
91.222.250.45 - - [03/Apr/2017:21:16:40 +0000] "GET /socket.io/?EIO=3&transport=polling&t=LirhGgg&sid=c70df3c6fc914754a63b923611de49c0 HTTP/1.1" 200 99 "http://46.101.197.108:5000/room/1/user/11/" "Mozilla/5.0 (X11; Linux x86_64) AppleWebKit/537.36 (KHTML, like Gecko) Chrome/56.0.2924.87 Safari/537.36" "-"
85.90.221.62 - - [03/Apr/2017:21:16:40 +0000] "GET /socket.io/?EIO=3&transport=polling&t=LirhIYU&sid=db0fea05f70149d984e6205a92a9d5e4 HTTP/1.1" 200 99 "http://46.101.197.108:5000/room/1/user/11/" "Mozilla/5.0 (X11; Ubuntu; Linux x86_64; rv:52.0) Gecko/20100101 Firefox/52.0" "-"
91.222.250.45 - - [03/Apr/2017:21:16:40 +0000] "GET /socket.io/?EIO=3&transport=polling&t=LirhKeY&sid=6dce84721924495a8403e3e9665336cb HTTP/1.1" 200 714 "http://46.101.197.108:5000/room/1/user/12/" "Mozilla/5.0 (X11; Linux x86_64) AppleWebKit/537.36 (KHTML, like Gecko) Chrome/56.0.2924.87 Safari/537.36" "-"
91.222.250.45 - - [03/Apr/2017:21:16:43 +0000] "POST /socket.io/?EIO=3&transport=polling&t=LirhLKb&sid=c70df3c6fc914754a63b923611de49c0 HTTP/1.1" 200 12 "http://46.101.197.108:5000/room/1/user/11/" "Mozilla/5.0 (X11; Linux x86_64) AppleWebKit/537.36 (KHTML, like Gecko) Chrome/56.0.2924.87 Safari/537.36" "-"
91.222.250.45 - - [03/Apr/2017:21:16:43 +0000] "GET /socket.io/?EIO=3&transport=polling&t=LirhKfP&sid=c70df3c6fc914754a63b923611de49c0 HTTP/1.1" 200 14 "http://46.101.197.108:5000/room/1/user/11/" "Mozilla/5.0 (X11; Linux x86_64) AppleWebKit/537.36 (KHTML, like Gecko) Chrome/56.0.2924.87 Safari/537.36" "-"
91.222.250.45 - - [03/Apr/2017:21:16:47 +0000] "POST /socket.io/?EIO=3&transport=polling&t=LirhMM9&sid=6dce84721924495a8403e3e9665336cb HTTP/1.1" 200 12 "http://46.101.197.108:5000/room/1/user/12/" "Mozilla/5.0 (X11; Linux x86_64) AppleWebKit/537.36 (KHTML, like Gecko) Chrome/56.0.2924.87 Safari/537.36" "-"
91.222.250.45 - - [03/Apr/2017:21:16:47 +0000] "GET /socket.io/?EIO=3&transport=polling&t=LirhLLj&sid=c70df3c6fc914754a63b923611de49c0 HTTP/1.1" 200 141 "http://46.101.197.108:5000/room/1/user/11/" "Mozilla/5.0 (X11; Linux x86_64) AppleWebKit/537.36 (KHTML, like Gecko) Chrome/56.0.2924.87 Safari/537.36" "-"
85.90.221.62 - - [03/Apr/2017:21:16:47 +0000] "GET /socket.io/?EIO=3&transport=polling&t=LirhKfh&sid=db0fea05f70149d984e6205a92a9d5e4 HTTP/1.1" 200 141 "http://46.101.197.108:5000/room/1/user/11/" "Mozilla/5.0 (X11; Ubuntu; Linux x86_64; rv:52.0) Gecko/20100101 Firefox/52.0" "-"
91.222.250.45 - - [03/Apr/2017:21:16:47 +0000] "GET /socket.io/?EIO=3&transport=polling&t=LirhKg2&sid=6dce84721924495a8403e3e9665336cb HTTP/1.1" 200 141 "http://46.101.197.108:5000/room/1/user/12/" "Mozilla/5.0 (X11; Linux x86_64) AppleWebKit/537.36 (KHTML, like Gecko) Chrome/56.0.2924.87 Safari/537.36" "-"
91.222.250.45 - - [03/Apr/2017:21:16:50 +0000] "POST /socket.io/?EIO=3&transport=polling&t=LirhMzZ&sid=6dce84721924495a8403e3e9665336cb HTTP/1.1" 200 12 "http://46.101.197.108:5000/room/1/user/12/" "Mozilla/5.0 (X11; Linux x86_64) AppleWebKit/537.36 (KHTML, like Gecko) Chrome/56.0.2924.87 Safari/537.36" "-"
91.222.250.45 - - [03/Apr/2017:21:16:50 +0000] "GET /socket.io/?EIO=3&transport=polling&t=LirhMND&sid=c70df3c6fc914754a63b923611de49c0 HTTP/1.1" 200 493 "http://46.101.197.108:5000/room/1/user/11/" "Mozilla/5.0 (X11; Linux x86_64) AppleWebKit/537.36 (KHTML, like Gecko) Chrome/56.0.2924.87 Safari/537.36" "-"
85.90.221.62 - - [03/Apr/2017:21:16:50 +0000] "GET /socket.io/?EIO=3&transport=polling&t=LirhMNg&sid=db0fea05f70149d984e6205a92a9d5e4 HTTP/1.1" 200 493 "http://46.101.197.108:5000/room/1/user/11/" "Mozilla/5.0 (X11; Ubuntu; Linux x86_64; rv:52.0) Gecko/20100101 Firefox/52.0" "-"
91.222.250.45 - - [03/Apr/2017:21:16:50 +0000] "GET /socket.io/?EIO=3&transport=polling&t=LirhMNI&sid=6dce84721924495a8403e3e9665336cb HTTP/1.1" 200 493 "http://46.101.197.108:5000/room/1/user/12/" "Mozilla/5.0 (X11; Linux x86_64) AppleWebKit/537.36 (KHTML, like Gecko) Chrome/56.0.2924.87 Safari/537.36" "-"
85.90.221.62 - - [03/Apr/2017:21:16:57 +0000] "POST /socket.io/?EIO=3&transport=polling&t=LirhOf8&sid=db0fea05f70149d984e6205a92a9d5e4 HTTP/1.1" 200 12 "http://46.101.197.108:5000/room/1/user/11/" "Mozilla/5.0 (X11; Ubuntu; Linux x86_64; rv:52.0) Gecko/20100101 Firefox/52.0" "-"
85.90.221.62 - - [03/Apr/2017:21:16:57 +0000] "GET /socket.io/?EIO=3&transport=polling&t=LirhN26&sid=db0fea05f70149d984e6205a92a9d5e4 HTTP/1.1" 200 14 "http://46.101.197.108:5000/room/1/user/11/" "Mozilla/5.0 (X11; Ubuntu; Linux x86_64; rv:52.0) Gecko/20100101 Firefox/52.0" "-"
91.222.250.45 - - [03/Apr/2017:21:17:04 +0000] "GET /socket.io/?EIO=3&transport=polling&t=LirhN1-&sid=c70df3c6fc914754a63b923611de49c0 HTTP/1.1" 499 0 "http://46.101.197.108:5000/room/1/user/11/" "Mozilla/5.0 (X11; Linux x86_64) AppleWebKit/537.36 (KHTML, like Gecko) Chrome/56.0.2924.87 Safari/537.36" "-"
91.222.250.45 - - [03/Apr/2017:21:17:06 +0000] "POST /socket.io/?EIO=3&transport=polling&t=LirhQx-&sid=6dce84721924495a8403e3e9665336cb HTTP/1.1" 200 12 "http://46.101.197.108:5000/room/1/user/12/" "Mozilla/5.0 (X11; Linux x86_64) AppleWebKit/537.36 (KHTML, like Gecko) Chrome/56.0.2924.87 Safari/537.36" "-"
91.222.250.45 - - [03/Apr/2017:21:17:06 +0000] "GET /socket.io/?EIO=3&transport=polling&t=LirhN1_&sid=6dce84721924495a8403e3e9665336cb HTTP/1.1" 200 14 "http://46.101.197.108:5000/room/1/user/12/" "Mozilla/5.0 (X11; Linux x86_64) AppleWebKit/537.36 (KHTML, like Gecko) Chrome/56.0.2924.87 Safari/537.36" "-"
91.222.250.45 - - [03/Apr/2017:21:17:16 +0000] "GET / HTTP/1.1" 302 5 "-" "Mozilla/5.0 (X11; Linux x86_64) AppleWebKit/537.36 (KHTML, like Gecko) Chrome/56.0.2924.87 Safari/537.36"
91.222.250.45 - - [03/Apr/2017:21:17:16 +0000] "GET /login/ HTTP/1.1" 200 5404 "-" "Mozilla/5.0 (X11; Linux x86_64) AppleWebKit/537.36 (KHTML, like Gecko) Chrome/56.0.2924.87 Safari/537.36"
91.222.250.45 - - [03/Apr/2017:21:17:16 +0000] "GET /static/css/bootstrap-datepicker3.css HTTP/1.1" 200 28816 "http://46.101.197.108/login/" "Mozilla/5.0 (X11; Linux x86_64) AppleWebKit/537.36 (KHTML, like Gecko) Chrome/56.0.2924.87 Safari/537.36"
91.222.250.45 - - [03/Apr/2017:21:17:16 +0000] "GET /static/css/font-awesome.css HTTP/1.1" 200 33233 "http://46.101.197.108/login/" "Mozilla/5.0 (X11; Linux x86_64) AppleWebKit/537.36 (KHTML, like Gecko) Chrome/56.0.2924.87 Safari/537.36"
91.222.250.45 - - [03/Apr/2017:21:17:16 +0000] "GET /static/css/ace-fonts.css HTTP/1.1" 200 452 "http://46.101.197.108/login/" "Mozilla/5.0 (X11; Linux x86_64) AppleWebKit/537.36 (KHTML, like Gecko) Chrome/56.0.2924.87 Safari/537.36"
91.222.250.45 - - [03/Apr/2017:21:17:16 +0000] "GET /static/css/style.css HTTP/1.1" 200 3395 "http://46.101.197.108/login/" "Mozilla/5.0 (X11; Linux x86_64) AppleWebKit/537.36 (KHTML, like Gecko) Chrome/56.0.2924.87 Safari/537.36"
91.222.250.45 - - [03/Apr/2017:21:17:16 +0000] "GET /static/css/bootstrap.css HTTP/1.1" 200 146376 "http://46.101.197.108/login/" "Mozilla/5.0 (X11; Linux x86_64) AppleWebKit/537.36 (KHTML, like Gecko) Chrome/56.0.2924.87 Safari/537.36"
91.222.250.45 - - [03/Apr/2017:21:17:16 +0000] "GET /static/css/social.css HTTP/1.1" 200 1781 "http://46.101.197.108/login/" "Mozilla/5.0 (X11; Linux x86_64) AppleWebKit/537.36 (KHTML, like Gecko) Chrome/56.0.2924.87 Safari/537.36"
91.222.250.45 - - [03/Apr/2017:21:17:16 +0000] "GET /static/js/ace/bootstrap-datepicker.js HTTP/1.1" 200 54213 "http://46.101.197.108/login/" "Mozilla/5.0 (X11; Linux x86_64) AppleWebKit/537.36 (KHTML, like Gecko) Chrome/56.0.2924.87 Safari/537.36"
91.222.250.45 - - [03/Apr/2017:21:17:16 +0000] "GET /static/js/jquery.js HTTP/1.1" 200 247597 "http://46.101.197.108/login/" "Mozilla/5.0 (X11; Linux x86_64) AppleWebKit/537.36 (KHTML, like Gecko) Chrome/56.0.2924.87 Safari/537.36"
91.222.250.45 - - [03/Apr/2017:21:17:17 +0000] "GET /static/css/ace.css HTTP/1.1" 200 524157 "http://46.101.197.108/login/" "Mozilla/5.0 (X11; Linux x86_64) AppleWebKit/537.36 (KHTML, like Gecko) Chrome/56.0.2924.87 Safari/537.36"
91.222.250.45 - - [03/Apr/2017:21:17:17 +0000] "GET /static/img/pattern.jpg HTTP/1.1" 200 7080 "http://46.101.197.108/static/css/ace.css" "Mozilla/5.0 (X11; Linux x86_64) AppleWebKit/537.36 (KHTML, like Gecko) Chrome/56.0.2924.87 Safari/537.36"
91.222.250.45 - - [03/Apr/2017:21:17:17 +0000] "GET /static/fonts/fontawesome-webfont.woff2?v=4.5.0 HTTP/1.1" 200 66624 "http://46.101.197.108/static/css/font-awesome.css" "Mozilla/5.0 (X11; Linux x86_64) AppleWebKit/537.36 (KHTML, like Gecko) Chrome/56.0.2924.87 Safari/537.36"
91.222.250.45 - - [03/Apr/2017:21:17:17 +0000] "GET /static/fonts/OpenSans-300.woff HTTP/1.1" 200 22656 "http://46.101.197.108/static/css/ace-fonts.css" "Mozilla/5.0 (X11; Linux x86_64) AppleWebKit/537.36 (KHTML, like Gecko) Chrome/56.0.2924.87 Safari/537.36"
91.222.250.45 - - [03/Apr/2017:21:17:17 +0000] "GET /static/fonts/OpenSans-400.woff HTTP/1.1" 200 21956 "http://46.101.197.108/static/css/ace-fonts.css" "Mozilla/5.0 (X11; Linux x86_64) AppleWebKit/537.36 (KHTML, like Gecko) Chrome/56.0.2924.87 Safari/537.36"
91.222.250.45 - - [03/Apr/2017:21:17:18 +0000] "GET /static/img/favicon.ico HTTP/1.1" 200 0 "http://46.101.197.108/login/" "Mozilla/5.0 (X11; Linux x86_64) AppleWebKit/537.36 (KHTML, like Gecko) Chrome/56.0.2924.87 Safari/537.36"
85.90.221.62 - - [03/Apr/2017:21:17:22 +0000] "POST /socket.io/?EIO=3&transport=polling&t=LirhUmv&sid=db0fea05f70149d984e6205a92a9d5e4 HTTP/1.1" 200 12 "http://46.101.197.108:5000/room/1/user/11/" "Mozilla/5.0 (X11; Ubuntu; Linux x86_64; rv:52.0) Gecko/20100101 Firefox/52.0" "-"
85.90.221.62 - - [03/Apr/2017:21:17:22 +0000] "GET /socket.io/?EIO=3&transport=polling&t=LirhOg1&sid=db0fea05f70149d984e6205a92a9d5e4 HTTP/1.1" 200 14 "http://46.101.197.108:5000/room/1/user/11/" "Mozilla/5.0 (X11; Ubuntu; Linux x86_64; rv:52.0) Gecko/20100101 Firefox/52.0" "-"
91.222.250.45 - - [03/Apr/2017:21:17:30 +0000] "POST /login/ HTTP/1.1" 302 5 "http://46.101.197.108/login/" "Mozilla/5.0 (X11; Linux x86_64) AppleWebKit/537.36 (KHTML, like Gecko) Chrome/56.0.2924.87 Safari/537.36"
91.222.250.45 - - [03/Apr/2017:21:17:31 +0000] "GET / HTTP/1.1" 200 23846 "http://46.101.197.108/login/" "Mozilla/5.0 (X11; Linux x86_64) AppleWebKit/537.36 (KHTML, like Gecko) Chrome/56.0.2924.87 Safari/537.36"
91.222.250.45 - - [03/Apr/2017:21:17:31 +0000] "GET /static/css/table.css HTTP/1.1" 200 764 "http://46.101.197.108/" "Mozilla/5.0 (X11; Linux x86_64) AppleWebKit/537.36 (KHTML, like Gecko) Chrome/56.0.2924.87 Safari/537.36"
91.222.250.45 - - [03/Apr/2017:21:17:31 +0000] "GET /static/css/8bit.css HTTP/1.1" 200 4861 "http://46.101.197.108/" "Mozilla/5.0 (X11; Linux x86_64) AppleWebKit/537.36 (KHTML, like Gecko) Chrome/56.0.2924.87 Safari/537.36"
91.222.250.45 - - [03/Apr/2017:21:17:31 +0000] "GET /static/js/bootstrap.js HTTP/1.1" 200 69707 "http://46.101.197.108/" "Mozilla/5.0 (X11; Linux x86_64) AppleWebKit/537.36 (KHTML, like Gecko) Chrome/56.0.2924.87 Safari/537.36"
91.222.250.45 - - [03/Apr/2017:21:17:31 +0000] "GET /static/js/8bit.js HTTP/1.1" 200 359 "http://46.101.197.108/" "Mozilla/5.0 (X11; Linux x86_64) AppleWebKit/537.36 (KHTML, like Gecko) Chrome/56.0.2924.87 Safari/537.36"
91.222.250.45 - - [03/Apr/2017:21:17:31 +0000] "GET /static/js/ace/ace.js HTTP/1.1" 200 18683 "http://46.101.197.108/" "Mozilla/5.0 (X11; Linux x86_64) AppleWebKit/537.36 (KHTML, like Gecko) Chrome/56.0.2924.87 Safari/537.36"
91.222.250.45 - - [03/Apr/2017:21:17:31 +0000] "GET /static/js/ace/ace.sidebar.js HTTP/1.1" 200 20706 "http://46.101.197.108/" "Mozilla/5.0 (X11; Linux x86_64) AppleWebKit/537.36 (KHTML, like Gecko) Chrome/56.0.2924.87 Safari/537.36"
91.222.250.45 - - [03/Apr/2017:21:17:31 +0000] "GET /static/fonts/glyphicons-halflings-regular.woff2 HTTP/1.1" 200 18028 "http://46.101.197.108/static/css/bootstrap.css" "Mozilla/5.0 (X11; Linux x86_64) AppleWebKit/537.36 (KHTML, like Gecko) Chrome/56.0.2924.87 Safari/537.36"
91.222.250.45 - - [03/Apr/2017:21:17:32 +0000] "POST /socket.io/?EIO=3&transport=polling&t=LirhXID&sid=6dce84721924495a8403e3e9665336cb HTTP/1.1" 200 12 "http://46.101.197.108:5000/room/1/user/12/" "Mozilla/5.0 (X11; Linux x86_64) AppleWebKit/537.36 (KHTML, like Gecko) Chrome/56.0.2924.87 Safari/537.36" "-"
91.222.250.45 - - [03/Apr/2017:21:17:32 +0000] "GET /socket.io/?EIO=3&transport=polling&t=LirhQz4&sid=6dce84721924495a8403e3e9665336cb HTTP/1.1" 200 14 "http://46.101.197.108:5000/room/1/user/12/" "Mozilla/5.0 (X11; Linux x86_64) AppleWebKit/537.36 (KHTML, like Gecko) Chrome/56.0.2924.87 Safari/537.36" "-"
91.222.250.45 - - [03/Apr/2017:21:17:35 +0000] "GET /project/1/ HTTP/1.1" 200 8704 "http://46.101.197.108/" "Mozilla/5.0 (X11; Linux x86_64) AppleWebKit/537.36 (KHTML, like Gecko) Chrome/56.0.2924.87 Safari/537.36"
91.222.250.45 - - [03/Apr/2017:21:17:37 +0000] "GET /project/1/sprint/active/ HTTP/1.1" 200 12748 "http://46.101.197.108/project/1/" "Mozilla/5.0 (X11; Linux x86_64) AppleWebKit/537.36 (KHTML, like Gecko) Chrome/56.0.2924.87 Safari/537.36"
91.222.250.45 - - [03/Apr/2017:21:17:37 +0000] "GET /static/css/push-issue.css HTTP/1.1" 200 435 "http://46.101.197.108/project/1/sprint/active/" "Mozilla/5.0 (X11; Linux x86_64) AppleWebKit/537.36 (KHTML, like Gecko) Chrome/56.0.2924.87 Safari/537.36"
91.222.250.45 - - [03/Apr/2017:21:17:37 +0000] "GET /static/js/ajax_csrf.js HTTP/1.1" 200 959 "http://46.101.197.108/project/1/sprint/active/" "Mozilla/5.0 (X11; Linux x86_64) AppleWebKit/537.36 (KHTML, like Gecko) Chrome/56.0.2924.87 Safari/537.36"
91.222.250.45 - - [03/Apr/2017:21:17:37 +0000] "GET /static/project/js/push_issue_in_active_sprint.js HTTP/1.1" 200 4488 "http://46.101.197.108/project/1/sprint/active/" "Mozilla/5.0 (X11; Linux x86_64) AppleWebKit/537.36 (KHTML, like Gecko) Chrome/56.0.2924.87 Safari/537.36"
91.222.250.45 - - [03/Apr/2017:21:17:38 +0000] "GET /project/1/backlog/ HTTP/1.1" 200 17974 "http://46.101.197.108/project/1/sprint/active/" "Mozilla/5.0 (X11; Linux x86_64) AppleWebKit/537.36 (KHTML, like Gecko) Chrome/56.0.2924.87 Safari/537.36"
91.222.250.45 - - [03/Apr/2017:21:17:38 +0000] "GET /static/css/jquery-ui.css HTTP/1.1" 200 35973 "http://46.101.197.108/project/1/backlog/" "Mozilla/5.0 (X11; Linux x86_64) AppleWebKit/537.36 (KHTML, like Gecko) Chrome/56.0.2924.87 Safari/537.36"
91.222.250.45 - - [03/Apr/2017:21:17:38 +0000] "GET /static/project/js/prioritize_issue.js HTTP/1.1" 200 1802 "http://46.101.197.108/project/1/backlog/" "Mozilla/5.0 (X11; Linux x86_64) AppleWebKit/537.36 (KHTML, like Gecko) Chrome/56.0.2924.87 Safari/537.36"
91.222.250.45 - - [03/Apr/2017:21:17:39 +0000] "GET /static/js/jquery-ui.min.js HTTP/1.1" 200 253668 "http://46.101.197.108/project/1/backlog/" "Mozilla/5.0 (X11; Linux x86_64) AppleWebKit/537.36 (KHTML, like Gecko) Chrome/56.0.2924.87 Safari/537.36"
91.222.250.45 - - [03/Apr/2017:21:17:46 +0000] "GET /project/1/issue/117/ HTTP/1.1" 200 16107 "http://46.101.197.108/project/1/backlog/" "Mozilla/5.0 (X11; Linux x86_64) AppleWebKit/537.36 (KHTML, like Gecko) Chrome/56.0.2924.87 Safari/537.36"
91.222.250.45 - - [03/Apr/2017:21:17:46 +0000] "GET /static/js/log_modal.js HTTP/1.1" 200 1571 "http://46.101.197.108/project/1/issue/117/" "Mozilla/5.0 (X11; Linux x86_64) AppleWebKit/537.36 (KHTML, like Gecko) Chrome/56.0.2924.87 Safari/537.36"
85.90.221.62 - - [03/Apr/2017:21:17:47 +0000] "POST /socket.io/?EIO=3&transport=polling&t=Lirhauc&sid=db0fea05f70149d984e6205a92a9d5e4 HTTP/1.1" 200 12 "http://46.101.197.108:5000/room/1/user/11/" "Mozilla/5.0 (X11; Ubuntu; Linux x86_64; rv:52.0) Gecko/20100101 Firefox/52.0" "-"
85.90.221.62 - - [03/Apr/2017:21:17:47 +0000] "GET /socket.io/?EIO=3&transport=polling&t=LirhUny&sid=db0fea05f70149d984e6205a92a9d5e4 HTTP/1.1" 200 14 "http://46.101.197.108:5000/room/1/user/11/" "Mozilla/5.0 (X11; Ubuntu; Linux x86_64; rv:52.0) Gecko/20100101 Firefox/52.0" "-"
91.222.250.45 - - [03/Apr/2017:21:17:48 +0000] "GET /project/1/issue/117/edit/ HTTP/1.1" 200 13402 "http://46.101.197.108/project/1/issue/117/" "Mozilla/5.0 (X11; Linux x86_64) AppleWebKit/537.36 (KHTML, like Gecko) Chrome/56.0.2924.87 Safari/537.36"
91.222.250.45 - - [03/Apr/2017:21:17:58 +0000] "POST /socket.io/?EIO=3&transport=polling&t=LirhdeT&sid=6dce84721924495a8403e3e9665336cb HTTP/1.1" 200 12 "http://46.101.197.108:5000/room/1/user/12/" "Mozilla/5.0 (X11; Linux x86_64) AppleWebKit/537.36 (KHTML, like Gecko) Chrome/56.0.2924.87 Safari/537.36" "-"
91.222.250.45 - - [03/Apr/2017:21:17:58 +0000] "GET /socket.io/?EIO=3&transport=polling&t=LirhXJX&sid=6dce84721924495a8403e3e9665336cb HTTP/1.1" 200 14 "http://46.101.197.108:5000/room/1/user/12/" "Mozilla/5.0 (X11; Linux x86_64) AppleWebKit/537.36 (KHTML, like Gecko) Chrome/56.0.2924.87 Safari/537.36" "-"
85.90.221.62 - - [03/Apr/2017:21:18:12 +0000] "POST /socket.io/?EIO=3&transport=polling&t=Lirhh0R&sid=db0fea05f70149d984e6205a92a9d5e4 HTTP/1.1" 200 12 "http://46.101.197.108:5000/room/1/user/11/" "Mozilla/5.0 (X11; Ubuntu; Linux x86_64; rv:52.0) Gecko/20100101 Firefox/52.0" "-"
85.90.221.62 - - [03/Apr/2017:21:18:12 +0000] "GET /socket.io/?EIO=3&transport=polling&t=Lirhavo&sid=db0fea05f70149d984e6205a92a9d5e4 HTTP/1.1" 200 14 "http://46.101.197.108:5000/room/1/user/11/" "Mozilla/5.0 (X11; Ubuntu; Linux x86_64; rv:52.0) Gecko/20100101 Firefox/52.0" "-"
91.222.250.45 - - [03/Apr/2017:21:18:16 +0000] "GET /admin HTTP/1.1" 301 5 "-" "Mozilla/5.0 (X11; Linux x86_64) AppleWebKit/537.36 (KHTML, like Gecko) Chrome/56.0.2924.87 Safari/537.36"
91.222.250.45 - - [03/Apr/2017:21:18:16 +0000] "GET /admin/ HTTP/1.1" 200 14317 "-" "Mozilla/5.0 (X11; Linux x86_64) AppleWebKit/537.36 (KHTML, like Gecko) Chrome/56.0.2924.87 Safari/537.36"
91.222.250.45 - - [03/Apr/2017:21:18:16 +0000] "GET /static/admin/css/base.css HTTP/1.1" 200 15937 "http://46.101.197.108/admin/" "Mozilla/5.0 (X11; Linux x86_64) AppleWebKit/537.36 (KHTML, like Gecko) Chrome/56.0.2924.87 Safari/537.36"
91.222.250.45 - - [03/Apr/2017:21:18:16 +0000] "GET /static/admin/css/dashboard.css HTTP/1.1" 200 434 "http://46.101.197.108/admin/" "Mozilla/5.0 (X11; Linux x86_64) AppleWebKit/537.36 (KHTML, like Gecko) Chrome/56.0.2924.87 Safari/537.36"
91.222.250.45 - - [03/Apr/2017:21:18:16 +0000] "GET /static/admin/css/fonts.css HTTP/1.1" 200 423 "http://46.101.197.108/admin/" "Mozilla/5.0 (X11; Linux x86_64) AppleWebKit/537.36 (KHTML, like Gecko) Chrome/56.0.2924.87 Safari/537.36"
91.222.250.45 - - [03/Apr/2017:21:18:16 +0000] "GET /static/admin/fonts/Roboto-Light-webfont.woff HTTP/1.1" 200 81348 "http://46.101.197.108/static/admin/css/fonts.css" "Mozilla/5.0 (X11; Linux x86_64) AppleWebKit/537.36 (KHTML, like Gecko) Chrome/56.0.2924.87 Safari/537.36"
91.222.250.45 - - [03/Apr/2017:21:18:16 +0000] "GET /static/admin/fonts/Roboto-Regular-webfont.woff HTTP/1.1" 200 80304 "http://46.101.197.108/static/admin/css/fonts.css" "Mozilla/5.0 (X11; Linux x86_64) AppleWebKit/537.36 (KHTML, like Gecko) Chrome/56.0.2924.87 Safari/537.36"
91.222.250.45 - - [03/Apr/2017:21:18:16 +0000] "GET /static/admin/img/icon-changelink.svg HTTP/1.1" 200 380 "http://46.101.197.108/static/admin/css/base.css" "Mozilla/5.0 (X11; Linux x86_64) AppleWebKit/537.36 (KHTML, like Gecko) Chrome/56.0.2924.87 Safari/537.36"
91.222.250.45 - - [03/Apr/2017:21:18:16 +0000] "GET /static/admin/img/icon-deletelink.svg HTTP/1.1" 200 392 "http://46.101.197.108/static/admin/css/base.css" "Mozilla/5.0 (X11; Linux x86_64) AppleWebKit/537.36 (KHTML, like Gecko) Chrome/56.0.2924.87 Safari/537.36"
91.222.250.45 - - [03/Apr/2017:21:18:16 +0000] "GET /static/admin/fonts/Roboto-Bold-webfont.woff HTTP/1.1" 200 82564 "http://46.101.197.108/static/admin/css/fonts.css" "Mozilla/5.0 (X11; Linux x86_64) AppleWebKit/537.36 (KHTML, like Gecko) Chrome/56.0.2924.87 Safari/537.36"
91.222.250.45 - - [03/Apr/2017:21:18:16 +0000] "GET /static/admin/img/icon-addlink.svg HTTP/1.1" 200 331 "http://46.101.197.108/static/admin/css/base.css" "Mozilla/5.0 (X11; Linux x86_64) AppleWebKit/537.36 (KHTML, like Gecko) Chrome/56.0.2924.87 Safari/537.36"
91.222.250.45 - - [03/Apr/2017:21:18:16 +0000] "GET /favicon.ico HTTP/1.1" 200 9370 "http://46.101.197.108/admin/" "Mozilla/5.0 (X11; Linux x86_64) AppleWebKit/537.36 (KHTML, like Gecko) Chrome/56.0.2924.87 Safari/537.36"
91.222.250.45 - - [03/Apr/2017:21:18:19 +0000] "GET /admin/project/issue/ HTTP/1.1" 200 28200 "http://46.101.197.108/admin/" "Mozilla/5.0 (X11; Linux x86_64) AppleWebKit/537.36 (KHTML, like Gecko) Chrome/56.0.2924.87 Safari/537.36"
91.222.250.45 - - [03/Apr/2017:21:18:19 +0000] "GET /static/admin/js/core.js HTTP/1.1" 200 7976 "http://46.101.197.108/admin/project/issue/" "Mozilla/5.0 (X11; Linux x86_64) AppleWebKit/537.36 (KHTML, like Gecko) Chrome/56.0.2924.87 Safari/537.36"
91.222.250.45 - - [03/Apr/2017:21:18:19 +0000] "GET /static/admin/css/changelists.css HTTP/1.1" 200 6117 "http://46.101.197.108/admin/project/issue/" "Mozilla/5.0 (X11; Linux x86_64) AppleWebKit/537.36 (KHTML, like Gecko) Chrome/56.0.2924.87 Safari/537.36"
91.222.250.45 - - [03/Apr/2017:21:18:19 +0000] "GET /admin/jsi18n/ HTTP/1.1" 200 3229 "http://46.101.197.108/admin/project/issue/" "Mozilla/5.0 (X11; Linux x86_64) AppleWebKit/537.36 (KHTML, like Gecko) Chrome/56.0.2924.87 Safari/537.36"
91.222.250.45 - - [03/Apr/2017:21:18:19 +0000] "GET /static/admin/js/vendor/jquery/jquery.min.js HTTP/1.1" 200 85659 "http://46.101.197.108/admin/project/issue/" "Mozilla/5.0 (X11; Linux x86_64) AppleWebKit/537.36 (KHTML, like Gecko) Chrome/56.0.2924.87 Safari/537.36"
91.222.250.45 - - [03/Apr/2017:21:18:19 +0000] "GET /static/admin/js/jquery.init.js HTTP/1.1" 200 363 "http://46.101.197.108/admin/project/issue/" "Mozilla/5.0 (X11; Linux x86_64) AppleWebKit/537.36 (KHTML, like Gecko) Chrome/56.0.2924.87 Safari/537.36"
91.222.250.45 - - [03/Apr/2017:21:18:20 +0000] "GET /static/admin/js/admin/RelatedObjectLookups.js HTTP/1.1" 200 6577 "http://46.101.197.108/admin/project/issue/" "Mozilla/5.0 (X11; Linux x86_64) AppleWebKit/537.36 (KHTML, like Gecko) Chrome/56.0.2924.87 Safari/537.36"
91.222.250.45 - - [03/Apr/2017:21:18:20 +0000] "GET /static/admin/js/actions.min.js HTTP/1.1" 200 3162 "http://46.101.197.108/admin/project/issue/" "Mozilla/5.0 (X11; Linux x86_64) AppleWebKit/537.36 (KHTML, like Gecko) Chrome/56.0.2924.87 Safari/537.36"
91.222.250.45 - - [03/Apr/2017:21:18:20 +0000] "GET /static/admin/js/vendor/xregexp/xregexp.min.js HTTP/1.1" 200 62474 "http://46.101.197.108/admin/project/issue/" "Mozilla/5.0 (X11; Linux x86_64) AppleWebKit/537.36 (KHTML, like Gecko) Chrome/56.0.2924.87 Safari/537.36"
91.222.250.45 - - [03/Apr/2017:21:18:20 +0000] "GET /static/admin/js/urlify.js HTTP/1.1" 200 8186 "http://46.101.197.108/admin/project/issue/" "Mozilla/5.0 (X11; Linux x86_64) AppleWebKit/537.36 (KHTML, like Gecko) Chrome/56.0.2924.87 Safari/537.36"
91.222.250.45 - - [03/Apr/2017:21:18:20 +0000] "GET /static/admin/js/prepopulate.min.js HTTP/1.1" 200 372 "http://46.101.197.108/admin/project/issue/" "Mozilla/5.0 (X11; Linux x86_64) AppleWebKit/537.36 (KHTML, like Gecko) Chrome/56.0.2924.87 Safari/537.36"
91.222.250.45 - - [03/Apr/2017:21:18:20 +0000] "GET /static/admin/img/tooltag-add.svg HTTP/1.1" 200 331 "http://46.101.197.108/static/admin/css/base.css" "Mozilla/5.0 (X11; Linux x86_64) AppleWebKit/537.36 (KHTML, like Gecko) Chrome/56.0.2924.87 Safari/537.36"
91.222.250.45 - - [03/Apr/2017:21:18:20 +0000] "GET /favicon.ico HTTP/1.1" 200 9370 "http://46.101.197.108/admin/project/issue/" "Mozilla/5.0 (X11; Linux x86_64) AppleWebKit/537.36 (KHTML, like Gecko) Chrome/56.0.2924.87 Safari/537.36"
91.222.250.45 - - [03/Apr/2017:21:18:22 +0000] "GET /admin/project/issue/159/change/ HTTP/1.1" 200 22742 "http://46.101.197.108/admin/project/issue/" "Mozilla/5.0 (X11; Linux x86_64) AppleWebKit/537.36 (KHTML, like Gecko) Chrome/56.0.2924.87 Safari/537.36"
91.222.250.45 - - [03/Apr/2017:21:18:22 +0000] "GET /static/admin/css/forms.css HTTP/1.1" 200 7750 "http://46.101.197.108/admin/project/issue/159/change/" "Mozilla/5.0 (X11; Linux x86_64) AppleWebKit/537.36 (KHTML, like Gecko) Chrome/56.0.2924.87 Safari/537.36"
91.222.250.45 - - [03/Apr/2017:21:18:22 +0000] "GET /admin/jsi18n/ HTTP/1.1" 200 3229 "http://46.101.197.108/admin/project/issue/159/change/" "Mozilla/5.0 (X11; Linux x86_64) AppleWebKit/537.36 (KHTML, like Gecko) Chrome/56.0.2924.87 Safari/537.36"
91.222.250.45 - - [03/Apr/2017:21:18:22 +0000] "GET /static/admin/js/change_form.js HTTP/1.1" 200 698 "http://46.101.197.108/admin/project/issue/159/change/" "Mozilla/5.0 (X11; Linux x86_64) AppleWebKit/537.36 (KHTML, like Gecko) Chrome/56.0.2924.87 Safari/537.36"
91.222.250.45 - - [03/Apr/2017:21:18:22 +0000] "GET /static/admin/css/widgets.css HTTP/1.1" 200 10340 "http://46.101.197.108/admin/project/issue/159/change/" "Mozilla/5.0 (X11; Linux x86_64) AppleWebKit/537.36 (KHTML, like Gecko) Chrome/56.0.2924.87 Safari/537.36"
91.222.250.45 - - [03/Apr/2017:21:18:22 +0000] "GET /static/admin/js/prepopulate_init.js HTTP/1.1" 200 495 "http://46.101.197.108/admin/project/issue/159/change/" "Mozilla/5.0 (X11; Linux x86_64) AppleWebKit/537.36 (KHTML, like Gecko) Chrome/56.0.2924.87 Safari/537.36"
91.222.250.45 - - [03/Apr/2017:21:18:22 +0000] "GET /favicon.ico HTTP/1.1" 200 9370 "http://46.101.197.108/admin/project/issue/159/change/" "Mozilla/5.0 (X11; Linux x86_64) AppleWebKit/537.36 (KHTML, like Gecko) Chrome/56.0.2924.87 Safari/537.36"
91.222.250.45 - - [03/Apr/2017:21:18:24 +0000] "POST /socket.io/?EIO=3&transport=polling&t=Lirhj-j&sid=6dce84721924495a8403e3e9665336cb HTTP/1.1" 200 12 "http://46.101.197.108:5000/room/1/user/12/" "Mozilla/5.0 (X11; Linux x86_64) AppleWebKit/537.36 (KHTML, like Gecko) Chrome/56.0.2924.87 Safari/537.36" "-"
91.222.250.45 - - [03/Apr/2017:21:18:24 +0000] "GET /socket.io/?EIO=3&transport=polling&t=LirhdfH&sid=6dce84721924495a8403e3e9665336cb HTTP/1.1" 200 14 "http://46.101.197.108:5000/room/1/user/12/" "Mozilla/5.0 (X11; Linux x86_64) AppleWebKit/537.36 (KHTML, like Gecko) Chrome/56.0.2924.87 Safari/537.36" "-"
91.222.250.45 - - [03/Apr/2017:21:18:30 +0000] "POST /admin/project/issue/159/change/ HTTP/1.1" 200 22895 "http://46.101.197.108/admin/project/issue/159/change/" "Mozilla/5.0 (X11; Linux x86_64) AppleWebKit/537.36 (KHTML, like Gecko) Chrome/56.0.2924.87 Safari/537.36"
91.222.250.45 - - [03/Apr/2017:21:18:30 +0000] "GET /admin/jsi18n/ HTTP/1.1" 200 3229 "http://46.101.197.108/admin/project/issue/159/change/" "Mozilla/5.0 (X11; Linux x86_64) AppleWebKit/537.36 (KHTML, like Gecko) Chrome/56.0.2924.87 Safari/537.36"
91.222.250.45 - - [03/Apr/2017:21:18:30 +0000] "GET /favicon.ico HTTP/1.1" 200 9370 "http://46.101.197.108/admin/project/issue/159/change/" "Mozilla/5.0 (X11; Linux x86_64) AppleWebKit/537.36 (KHTML, like Gecko) Chrome/56.0.2924.87 Safari/537.36"
91.222.250.45 - - [03/Apr/2017:21:18:33 +0000] "POST /admin/project/issue/159/change/ HTTP/1.1" 302 5 "http://46.101.197.108/admin/project/issue/159/change/" "Mozilla/5.0 (X11; Linux x86_64) AppleWebKit/537.36 (KHTML, like Gecko) Chrome/56.0.2924.87 Safari/537.36"
91.222.250.45 - - [03/Apr/2017:21:18:34 +0000] "GET /admin/project/issue/ HTTP/1.1" 200 28389 "http://46.101.197.108/admin/project/issue/159/change/" "Mozilla/5.0 (X11; Linux x86_64) AppleWebKit/537.36 (KHTML, like Gecko) Chrome/56.0.2924.87 Safari/537.36"
91.222.250.45 - - [03/Apr/2017:21:18:34 +0000] "GET /admin/jsi18n/ HTTP/1.1" 200 3229 "http://46.101.197.108/admin/project/issue/" "Mozilla/5.0 (X11; Linux x86_64) AppleWebKit/537.36 (KHTML, like Gecko) Chrome/56.0.2924.87 Safari/537.36"
91.222.250.45 - - [03/Apr/2017:21:18:34 +0000] "GET /static/admin/img/icon-yes.svg HTTP/1.1" 200 436 "http://46.101.197.108/static/admin/css/base.css" "Mozilla/5.0 (X11; Linux x86_64) AppleWebKit/537.36 (KHTML, like Gecko) Chrome/56.0.2924.87 Safari/537.36"
91.222.250.45 - - [03/Apr/2017:21:18:34 +0000] "GET /favicon.ico HTTP/1.1" 200 9370 "http://46.101.197.108/admin/project/issue/" "Mozilla/5.0 (X11; Linux x86_64) AppleWebKit/537.36 (KHTML, like Gecko) Chrome/56.0.2924.87 Safari/537.36"
85.90.221.62 - - [03/Apr/2017:21:18:37 +0000] "POST /socket.io/?EIO=3&transport=polling&t=Lirhn85&sid=db0fea05f70149d984e6205a92a9d5e4 HTTP/1.1" 200 12 "http://46.101.197.108:5000/room/1/user/11/" "Mozilla/5.0 (X11; Ubuntu; Linux x86_64; rv:52.0) Gecko/20100101 Firefox/52.0" "-"
85.90.221.62 - - [03/Apr/2017:21:18:37 +0000] "GET /socket.io/?EIO=3&transport=polling&t=Lirhh1Q&sid=db0fea05f70149d984e6205a92a9d5e4 HTTP/1.1" 200 14 "http://46.101.197.108:5000/room/1/user/11/" "Mozilla/5.0 (X11; Ubuntu; Linux x86_64; rv:52.0) Gecko/20100101 Firefox/52.0" "-"
91.222.250.45 - - [03/Apr/2017:21:18:39 +0000] "GET / HTTP/1.1" 200 23846 "-" "Mozilla/5.0 (X11; Linux x86_64) AppleWebKit/537.36 (KHTML, like Gecko) Chrome/56.0.2924.87 Safari/537.36"
91.222.250.45 - - [03/Apr/2017:21:18:40 +0000] "GET /project/1/ HTTP/1.1" 200 8704 "http://46.101.197.108/" "Mozilla/5.0 (X11; Linux x86_64) AppleWebKit/537.36 (KHTML, like Gecko) Chrome/56.0.2924.87 Safari/537.36"
91.222.250.45 - - [03/Apr/2017:21:18:43 +0000] "GET /project/1/backlog/ HTTP/1.1" 200 17974 "http://46.101.197.108/project/1/" "Mozilla/5.0 (X11; Linux x86_64) AppleWebKit/537.36 (KHTML, like Gecko) Chrome/56.0.2924.87 Safari/537.36"
91.222.250.45 - - [03/Apr/2017:21:18:44 +0000] "GET /project/1/issue/134/ HTTP/1.1" 200 14889 "http://46.101.197.108/project/1/backlog/" "Mozilla/5.0 (X11; Linux x86_64) AppleWebKit/537.36 (KHTML, like Gecko) Chrome/56.0.2924.87 Safari/537.36"
91.222.250.45 - - [03/Apr/2017:21:18:45 +0000] "GET /project/1/issue/134/edit/ HTTP/1.1" 200 13305 "http://46.101.197.108/project/1/issue/134/" "Mozilla/5.0 (X11; Linux x86_64) AppleWebKit/537.36 (KHTML, like Gecko) Chrome/56.0.2924.87 Safari/537.36"
91.222.250.45 - - [03/Apr/2017:21:18:50 +0000] "POST /project/1/issue/134/edit/ HTTP/1.1" 302 5 "http://46.101.197.108/project/1/issue/134/edit/" "Mozilla/5.0 (X11; Linux x86_64) AppleWebKit/537.36 (KHTML, like Gecko) Chrome/56.0.2924.87 Safari/537.36"
91.222.250.45 - - [03/Apr/2017:21:18:50 +0000] "GET /project/1/issue/134/ HTTP/1.1" 200 14889 "http://46.101.197.108/project/1/issue/134/edit/" "Mozilla/5.0 (X11; Linux x86_64) AppleWebKit/537.36 (KHTML, like Gecko) Chrome/56.0.2924.87 Safari/537.36"
91.222.250.45 - - [03/Apr/2017:21:18:50 +0000] "POST /socket.io/?EIO=3&transport=polling&t=LirhqKz&sid=6dce84721924495a8403e3e9665336cb HTTP/1.1" 200 12 "http://46.101.197.108:5000/room/1/user/12/" "Mozilla/5.0 (X11; Linux x86_64) AppleWebKit/537.36 (KHTML, like Gecko) Chrome/56.0.2924.87 Safari/537.36" "-"
91.222.250.45 - - [03/Apr/2017:21:18:50 +0000] "GET /socket.io/?EIO=3&transport=polling&t=Lirhj_l&sid=6dce84721924495a8403e3e9665336cb HTTP/1.1" 200 14 "http://46.101.197.108:5000/room/1/user/12/" "Mozilla/5.0 (X11; Linux x86_64) AppleWebKit/537.36 (KHTML, like Gecko) Chrome/56.0.2924.87 Safari/537.36" "-"
91.222.250.45 - - [03/Apr/2017:21:18:58 +0000] "GET /project/1/ HTTP/1.1" 200 8704 "http://46.101.197.108/project/1/issue/134/" "Mozilla/5.0 (X11; Linux x86_64) AppleWebKit/537.36 (KHTML, like Gecko) Chrome/56.0.2924.87 Safari/537.36"
91.222.250.45 - - [03/Apr/2017:21:18:59 +0000] "GET /project/1/backlog/ HTTP/1.1" 200 17974 "http://46.101.197.108/project/1/" "Mozilla/5.0 (X11; Linux x86_64) AppleWebKit/537.36 (KHTML, like Gecko) Chrome/56.0.2924.87 Safari/537.36"
91.222.250.45 - - [03/Apr/2017:21:19:02 +0000] "GET /project/1/sprint/ HTTP/1.1" 200 12143 "http://46.101.197.108/project/1/backlog/" "Mozilla/5.0 (X11; Linux x86_64) AppleWebKit/537.36 (KHTML, like Gecko) Chrome/56.0.2924.87 Safari/537.36"
85.90.221.62 - - [03/Apr/2017:21:19:02 +0000] "POST /socket.io/?EIO=3&transport=polling&t=LirhtFT&sid=db0fea05f70149d984e6205a92a9d5e4 HTTP/1.1" 200 12 "http://46.101.197.108:5000/room/1/user/11/" "Mozilla/5.0 (X11; Ubuntu; Linux x86_64; rv:52.0) Gecko/20100101 Firefox/52.0" "-"
85.90.221.62 - - [03/Apr/2017:21:19:02 +0000] "GET /socket.io/?EIO=3&transport=polling&t=Lirhn8q&sid=db0fea05f70149d984e6205a92a9d5e4 HTTP/1.1" 200 14 "http://46.101.197.108:5000/room/1/user/11/" "Mozilla/5.0 (X11; Ubuntu; Linux x86_64; rv:52.0) Gecko/20100101 Firefox/52.0" "-"
91.222.250.45 - - [03/Apr/2017:21:19:03 +0000] "GET /project/1/backlog/ HTTP/1.1" 200 17974 "http://46.101.197.108/project/1/sprint/" "Mozilla/5.0 (X11; Linux x86_64) AppleWebKit/537.36 (KHTML, like Gecko) Chrome/56.0.2924.87 Safari/537.36"
91.222.250.45 - - [03/Apr/2017:21:19:05 +0000] "GET /project/2/ HTTP/1.1" 200 9388 "http://46.101.197.108/project/1/backlog/" "Mozilla/5.0 (X11; Linux x86_64) AppleWebKit/537.36 (KHTML, like Gecko) Chrome/56.0.2924.87 Safari/537.36"
91.222.250.45 - - [03/Apr/2017:21:19:07 +0000] "GET /project/1/ HTTP/1.1" 200 8704 "http://46.101.197.108/project/2/" "Mozilla/5.0 (X11; Linux x86_64) AppleWebKit/537.36 (KHTML, like Gecko) Chrome/56.0.2924.87 Safari/537.36"
