91.222.250.45 - - [03/Apr/2017:21:19:16 +0000] "POST /socket.io/?EIO=3&transport=polling&t=LirhwhD&sid=6dce84721924495a8403e3e9665336cb HTTP/1.1" 200 12 "http://46.101.197.108:5000/room/1/user/12/" "Mozilla/5.0 (X11; Linux x86_64) AppleWebKit/537.36 (KHTML, like Gecko) Chrome/56.0.2924.87 Safari/537.36" "-"
91.222.250.45 - - [03/Apr/2017:21:19:16 +0000] "GET /socket.io/?EIO=3&transport=polling&t=LirhqLp&sid=6dce84721924495a8403e3e9665336cb HTTP/1.1" 200 14 "http://46.101.197.108:5000/room/1/user/12/" "Mozilla/5.0 (X11; Linux x86_64) AppleWebKit/537.36 (KHTML, like Gecko) Chrome/56.0.2924.87 Safari/537.36" "-"
85.90.221.62 - - [03/Apr/2017:21:19:27 +0000] "POST /socket.io/?EIO=3&transport=polling&t=LirhzN5&sid=db0fea05f70149d984e6205a92a9d5e4 HTTP/1.1" 200 12 "http://46.101.197.108:5000/room/1/user/11/" "Mozilla/5.0 (X11; Ubuntu; Linux x86_64; rv:52.0) Gecko/20100101 Firefox/52.0" "-"
85.90.221.62 - - [03/Apr/2017:21:19:27 +0000] "GET /socket.io/?EIO=3&transport=polling&t=LirhtGS&sid=db0fea05f70149d984e6205a92a9d5e4 HTTP/1.1" 200 14 "http://46.101.197.108:5000/room/1/user/11/" "Mozilla/5.0 (X11; Ubuntu; Linux x86_64; rv:52.0) Gecko/20100101 Firefox/52.0" "-"
91.222.250.45 - - [03/Apr/2017:21:19:42 +0000] "POST /socket.io/?EIO=3&transport=polling&t=Liri11T&sid=6dce84721924495a8403e3e9665336cb HTTP/1.1" 200 12 "http://46.101.197.108:5000/room/1/user/12/" "Mozilla/5.0 (X11; Linux x86_64) AppleWebKit/537.36 (KHTML, like Gecko) Chrome/56.0.2924.87 Safari/537.36" "-"
91.222.250.45 - - [03/Apr/2017:21:19:42 +0000] "GET /socket.io/?EIO=3&transport=polling&t=Lirhwh-&sid=6dce84721924495a8403e3e9665336cb HTTP/1.1" 200 14 "http://46.101.197.108:5000/room/1/user/12/" "Mozilla/5.0 (X11; Linux x86_64) AppleWebKit/537.36 (KHTML, like Gecko) Chrome/56.0.2924.87 Safari/537.36" "-"
85.90.221.62 - - [03/Apr/2017:21:19:52 +0000] "POST /socket.io/?EIO=3&transport=polling&t=Liri3Uf&sid=db0fea05f70149d984e6205a92a9d5e4 HTTP/1.1" 200 12 "http://46.101.197.108:5000/room/1/user/11/" "Mozilla/5.0 (X11; Ubuntu; Linux x86_64; rv:52.0) Gecko/20100101 Firefox/52.0" "-"
85.90.221.62 - - [03/Apr/2017:21:19:52 +0000] "GET /socket.io/?EIO=3&transport=polling&t=LirhzN_&sid=db0fea05f70149d984e6205a92a9d5e4 HTTP/1.1" 200 14 "http://46.101.197.108:5000/room/1/user/11/" "Mozilla/5.0 (X11; Ubuntu; Linux x86_64; rv:52.0) Gecko/20100101 Firefox/52.0" "-"
91.222.250.45 - - [03/Apr/2017:21:20:08 +0000] "POST /socket.io/?EIO=3&transport=polling&t=Liri7Nj&sid=6dce84721924495a8403e3e9665336cb HTTP/1.1" 200 12 "http://46.101.197.108:5000/room/1/user/12/" "Mozilla/5.0 (X11; Linux x86_64) AppleWebKit/537.36 (KHTML, like Gecko) Chrome/56.0.2924.87 Safari/537.36" "-"
91.222.250.45 - - [03/Apr/2017:21:20:08 +0000] "GET /socket.io/?EIO=3&transport=polling&t=Liri12W&sid=6dce84721924495a8403e3e9665336cb HTTP/1.1" 200 14 "http://46.101.197.108:5000/room/1/user/12/" "Mozilla/5.0 (X11; Linux x86_64) AppleWebKit/537.36 (KHTML, like Gecko) Chrome/56.0.2924.87 Safari/537.36" "-"
85.90.221.62 - - [03/Apr/2017:21:20:17 +0000] "POST /socket.io/?EIO=3&transport=polling&t=Liri9c6&sid=db0fea05f70149d984e6205a92a9d5e4 HTTP/1.1" 200 12 "http://46.101.197.108:5000/room/1/user/11/" "Mozilla/5.0 (X11; Ubuntu; Linux x86_64; rv:52.0) Gecko/20100101 Firefox/52.0" "-"
85.90.221.62 - - [03/Apr/2017:21:20:17 +0000] "GET /socket.io/?EIO=3&transport=polling&t=Liri3VT&sid=db0fea05f70149d984e6205a92a9d5e4 HTTP/1.1" 200 14 "http://46.101.197.108:5000/room/1/user/11/" "Mozilla/5.0 (X11; Ubuntu; Linux x86_64; rv:52.0) Gecko/20100101 Firefox/52.0" "-"
91.222.250.45 - - [03/Apr/2017:21:20:34 +0000] "POST /socket.io/?EIO=3&transport=polling&t=LiriDj-&sid=6dce84721924495a8403e3e9665336cb HTTP/1.1" 200 12 "http://46.101.197.108:5000/room/1/user/12/" "Mozilla/5.0 (X11; Linux x86_64) AppleWebKit/537.36 (KHTML, like Gecko) Chrome/56.0.2924.87 Safari/537.36" "-"
91.222.250.45 - - [03/Apr/2017:21:20:34 +0000] "GET /socket.io/?EIO=3&transport=polling&t=Liri7Oh&sid=6dce84721924495a8403e3e9665336cb HTTP/1.1" 200 14 "http://46.101.197.108:5000/room/1/user/12/" "Mozilla/5.0 (X11; Linux x86_64) AppleWebKit/537.36 (KHTML, like Gecko) Chrome/56.0.2924.87 Safari/537.36" "-"
85.90.221.62 - - [03/Apr/2017:21:20:42 +0000] "POST /socket.io/?EIO=3&transport=polling&t=LiriFjf&sid=db0fea05f70149d984e6205a92a9d5e4 HTTP/1.1" 200 12 "http://46.101.197.108:5000/room/1/user/11/" "Mozilla/5.0 (X11; Ubuntu; Linux x86_64; rv:52.0) Gecko/20100101 Firefox/52.0" "-"
85.90.221.62 - - [03/Apr/2017:21:20:42 +0000] "GET /socket.io/?EIO=3&transport=polling&t=Liri9cz&sid=db0fea05f70149d984e6205a92a9d5e4 HTTP/1.1" 200 14 "http://46.101.197.108:5000/room/1/user/11/" "Mozilla/5.0 (X11; Ubuntu; Linux x86_64; rv:52.0) Gecko/20100101 Firefox/52.0" "-"
91.222.250.45 - - [03/Apr/2017:21:21:00 +0000] "POST /socket.io/?EIO=3&transport=polling&t=LiriK4D&sid=6dce84721924495a8403e3e9665336cb HTTP/1.1" 200 12 "http://46.101.197.108:5000/room/1/user/12/" "Mozilla/5.0 (X11; Linux x86_64) AppleWebKit/537.36 (KHTML, like Gecko) Chrome/56.0.2924.87 Safari/537.36" "-"
91.222.250.45 - - [03/Apr/2017:21:21:00 +0000] "GET /socket.io/?EIO=3&transport=polling&t=LiriDks&sid=6dce84721924495a8403e3e9665336cb HTTP/1.1" 200 14 "http://46.101.197.108:5000/room/1/user/12/" "Mozilla/5.0 (X11; Linux x86_64) AppleWebKit/537.36 (KHTML, like Gecko) Chrome/56.0.2924.87 Safari/537.36" "-"
85.90.221.62 - - [03/Apr/2017:21:21:07 +0000] "POST /socket.io/?EIO=3&transport=polling&t=LiriLrI&sid=db0fea05f70149d984e6205a92a9d5e4 HTTP/1.1" 200 12 "http://46.101.197.108:5000/room/1/user/11/" "Mozilla/5.0 (X11; Ubuntu; Linux x86_64; rv:52.0) Gecko/20100101 Firefox/52.0" "-"
85.90.221.62 - - [03/Apr/2017:21:21:07 +0000] "GET /socket.io/?EIO=3&transport=polling&t=LiriFkf&sid=db0fea05f70149d984e6205a92a9d5e4 HTTP/1.1" 200 14 "http://46.101.197.108:5000/room/1/user/11/" "Mozilla/5.0 (X11; Ubuntu; Linux x86_64; rv:52.0) Gecko/20100101 Firefox/52.0" "-"
91.222.250.45 - - [03/Apr/2017:21:21:26 +0000] "POST /socket.io/?EIO=3&transport=polling&t=LiriQQT&sid=6dce84721924495a8403e3e9665336cb HTTP/1.1" 200 12 "http://46.101.197.108:5000/room/1/user/12/" "Mozilla/5.0 (X11; Linux x86_64) AppleWebKit/537.36 (KHTML, like Gecko) Chrome/56.0.2924.87 Safari/537.36" "-"
91.222.250.45 - - [03/Apr/2017:21:21:26 +0000] "GET /socket.io/?EIO=3&transport=polling&t=LiriK52&sid=6dce84721924495a8403e3e9665336cb HTTP/1.1" 200 14 "http://46.101.197.108:5000/room/1/user/12/" "Mozilla/5.0 (X11; Linux x86_64) AppleWebKit/537.36 (KHTML, like Gecko) Chrome/56.0.2924.87 Safari/537.36" "-"
85.90.221.62 - - [03/Apr/2017:21:21:32 +0000] "POST /socket.io/?EIO=3&transport=polling&t=LiriRyi&sid=db0fea05f70149d984e6205a92a9d5e4 HTTP/1.1" 200 12 "http://46.101.197.108:5000/room/1/user/11/" "Mozilla/5.0 (X11; Ubuntu; Linux x86_64; rv:52.0) Gecko/20100101 Firefox/52.0" "-"
85.90.221.62 - - [03/Apr/2017:21:21:32 +0000] "GET /socket.io/?EIO=3&transport=polling&t=LiriLs1&sid=db0fea05f70149d984e6205a92a9d5e4 HTTP/1.1" 200 14 "http://46.101.197.108:5000/room/1/user/11/" "Mozilla/5.0 (X11; Ubuntu; Linux x86_64; rv:52.0) Gecko/20100101 Firefox/52.0" "-"
91.222.250.45 - - [03/Apr/2017:21:21:52 +0000] "POST /socket.io/?EIO=3&transport=polling&t=LiriWmk&sid=6dce84721924495a8403e3e9665336cb HTTP/1.1" 200 12 "http://46.101.197.108:5000/room/1/user/12/" "Mozilla/5.0 (X11; Linux x86_64) AppleWebKit/537.36 (KHTML, like Gecko) Chrome/56.0.2924.87 Safari/537.36" "-"
91.222.250.45 - - [03/Apr/2017:21:21:52 +0000] "GET /socket.io/?EIO=3&transport=polling&t=LiriQRK&sid=6dce84721924495a8403e3e9665336cb HTTP/1.1" 200 14 "http://46.101.197.108:5000/room/1/user/12/" "Mozilla/5.0 (X11; Linux x86_64) AppleWebKit/537.36 (KHTML, like Gecko) Chrome/56.0.2924.87 Safari/537.36" "-"
85.90.221.62 - - [03/Apr/2017:21:21:58 +0000] "POST /socket.io/?EIO=3&transport=polling&t=LiriY4T&sid=db0fea05f70149d984e6205a92a9d5e4 HTTP/1.1" 200 12 "http://46.101.197.108:5000/room/1/user/11/" "Mozilla/5.0 (X11; Ubuntu; Linux x86_64; rv:52.0) Gecko/20100101 Firefox/52.0" "-"
85.90.221.62 - - [03/Apr/2017:21:21:58 +0000] "GET /socket.io/?EIO=3&transport=polling&t=LiriRzY&sid=db0fea05f70149d984e6205a92a9d5e4 HTTP/1.1" 200 14 "http://46.101.197.108:5000/room/1/user/11/" "Mozilla/5.0 (X11; Ubuntu; Linux x86_64; rv:52.0) Gecko/20100101 Firefox/52.0" "-"
85.90.221.62 - - [03/Apr/2017:21:22:10 +0000] "GET /socket.io/?EIO=3&transport=polling&t=LiriY5H&sid=db0fea05f70149d984e6205a92a9d5e4 HTTP/1.1" 499 0 "http://46.101.197.108:5000/room/1/user/11/" "Mozilla/5.0 (X11; Ubuntu; Linux x86_64; rv:52.0) Gecko/20100101 Firefox/52.0" "-"
85.90.221.62 - - [03/Apr/2017:21:22:10 +0000] "GET /room/1/user/11/ HTTP/1.1" 200 827 "-" "Mozilla/5.0 (X11; Ubuntu; Linux x86_64; rv:52.0) Gecko/20100101 Firefox/52.0" "-"
85.90.221.62 - - [03/Apr/2017:21:22:10 +0000] "GET /static/css/style.css HTTP/1.1" 200 3770 "http://46.101.197.108:5000/room/1/user/11/" "Mozilla/5.0 (X11; Ubuntu; Linux x86_64; rv:52.0) Gecko/20100101 Firefox/52.0" "-"
85.90.221.62 - - [03/Apr/2017:21:22:10 +0000] "GET /static/css/font-awesome.min.css HTTP/1.1" 200 31000 "http://46.101.197.108:5000/room/1/user/11/" "Mozilla/5.0 (X11; Ubuntu; Linux x86_64; rv:52.0) Gecko/20100101 Firefox/52.0" "-"
85.90.221.62 - - [03/Apr/2017:21:22:10 +0000] "GET /static/js/vendors/jquery.min.js HTTP/1.1" 200 85578 "http://46.101.197.108:5000/room/1/user/11/" "Mozilla/5.0 (X11; Ubuntu; Linux x86_64; rv:52.0) Gecko/20100101 Firefox/52.0" "-"
85.90.221.62 - - [03/Apr/2017:21:22:10 +0000] "GET /static/js/vendors/socket.io.min.js HTTP/1.1" 200 69315 "http://46.101.197.108:5000/room/1/user/11/" "Mozilla/5.0 (X11; Ubuntu; Linux x86_64; rv:52.0) Gecko/20100101 Firefox/52.0" "-"
85.90.221.62 - - [03/Apr/2017:21:22:10 +0000] "GET /static/js/vendors/bootstrap.min.js HTTP/1.1" 200 37045 "http://46.101.197.108:5000/room/1/user/11/" "Mozilla/5.0 (X11; Ubuntu; Linux x86_64; rv:52.0) Gecko/20100101 Firefox/52.0" "-"
85.90.221.62 - - [03/Apr/2017:21:22:10 +0000] "GET /static/css/bootstrap.min.css HTTP/1.1" 200 121200 "http://46.101.197.108:5000/room/1/user/11/" "Mozilla/5.0 (X11; Ubuntu; Linux x86_64; rv:52.0) Gecko/20100101 Firefox/52.0" "-"
85.90.221.62 - - [03/Apr/2017:21:22:10 +0000] "GET /static/js/bundle.js HTTP/1.1" 200 43230 "http://46.101.197.108:5000/room/1/user/11/" "Mozilla/5.0 (X11; Ubuntu; Linux x86_64; rv:52.0) Gecko/20100101 Firefox/52.0" "-"
85.90.221.62 - - [03/Apr/2017:21:22:11 +0000] "GET /static/js/vendors/react.js HTTP/1.1" 200 127517 "http://46.101.197.108:5000/room/1/user/11/" "Mozilla/5.0 (X11; Ubuntu; Linux x86_64; rv:52.0) Gecko/20100101 Firefox/52.0" "-"
85.90.221.62 - - [03/Apr/2017:21:22:11 +0000] "GET /static/js/vendors/react-dom.js HTTP/1.1" 200 619308 "http://46.101.197.108:5000/room/1/user/11/" "Mozilla/5.0 (X11; Ubuntu; Linux x86_64; rv:52.0) Gecko/20100101 Firefox/52.0" "-"
85.90.221.62 - - [03/Apr/2017:21:22:11 +0000] "GET /socket.io/?EIO=3&transport=polling&t=LiribI- HTTP/1.1" 200 118 "http://46.101.197.108:5000/room/1/user/11/" "Mozilla/5.0 (X11; Ubuntu; Linux x86_64; rv:52.0) Gecko/20100101 Firefox/52.0" "-"
85.90.221.62 - - [03/Apr/2017:21:22:11 +0000] "POST /socket.io/?EIO=3&transport=polling&t=LiribJq&sid=f24300620a6640e08629c320f41d7f29 HTTP/1.1" 200 12 "http://46.101.197.108:5000/room/1/user/11/" "Mozilla/5.0 (X11; Ubuntu; Linux x86_64; rv:52.0) Gecko/20100101 Firefox/52.0" "-"
85.90.221.62 - - [03/Apr/2017:21:22:11 +0000] "GET /socket.io/?EIO=3&transport=polling&t=LiribJt&sid=f24300620a6640e08629c320f41d7f29 HTTP/1.1" 200 589 "http://46.101.197.108:5000/room/1/user/11/" "Mozilla/5.0 (X11; Ubuntu; Linux x86_64; rv:52.0) Gecko/20100101 Firefox/52.0" "-"
91.222.250.45 - - [03/Apr/2017:21:22:11 +0000] "GET /socket.io/?EIO=3&transport=polling&t=LiriWoh&sid=6dce84721924495a8403e3e9665336cb HTTP/1.1" 200 97 "http://46.101.197.108:5000/room/1/user/12/" "Mozilla/5.0 (X11; Linux x86_64) AppleWebKit/537.36 (KHTML, like Gecko) Chrome/56.0.2924.87 Safari/537.36" "-"
91.222.250.45 - - [03/Apr/2017:21:22:18 +0000] "POST /socket.io/?EIO=3&transport=polling&t=Lirid6z&sid=6dce84721924495a8403e3e9665336cb HTTP/1.1" 200 12 "http://46.101.197.108:5000/room/1/user/12/" "Mozilla/5.0 (X11; Linux x86_64) AppleWebKit/537.36 (KHTML, like Gecko) Chrome/56.0.2924.87 Safari/537.36" "-"
91.222.250.45 - - [03/Apr/2017:21:22:18 +0000] "GET /socket.io/?EIO=3&transport=polling&t=LiribNr&sid=6dce84721924495a8403e3e9665336cb HTTP/1.1" 200 14 "http://46.101.197.108:5000/room/1/user/12/" "Mozilla/5.0 (X11; Linux x86_64) AppleWebKit/537.36 (KHTML, like Gecko) Chrome/56.0.2924.87 Safari/537.36" "-"
85.90.221.62 - - [03/Apr/2017:21:22:36 +0000] "POST /socket.io/?EIO=3&transport=polling&t=LirihQR&sid=f24300620a6640e08629c320f41d7f29 HTTP/1.1" 200 12 "http://46.101.197.108:5000/room/1/user/11/" "Mozilla/5.0 (X11; Ubuntu; Linux x86_64; rv:52.0) Gecko/20100101 Firefox/52.0" "-"
85.90.221.62 - - [03/Apr/2017:21:22:36 +0000] "GET /socket.io/?EIO=3&transport=polling&t=LiribOd&sid=f24300620a6640e08629c320f41d7f29 HTTP/1.1" 200 14 "http://46.101.197.108:5000/room/1/user/11/" "Mozilla/5.0 (X11; Ubuntu; Linux x86_64; rv:52.0) Gecko/20100101 Firefox/52.0" "-"
91.222.250.45 - - [03/Apr/2017:21:22:44 +0000] "POST /socket.io/?EIO=3&transport=polling&t=LirijTD&sid=6dce84721924495a8403e3e9665336cb HTTP/1.1" 200 12 "http://46.101.197.108:5000/room/1/user/12/" "Mozilla/5.0 (X11; Linux x86_64) AppleWebKit/537.36 (KHTML, like Gecko) Chrome/56.0.2924.87 Safari/537.36" "-"
91.222.250.45 - - [03/Apr/2017:21:22:44 +0000] "GET /socket.io/?EIO=3&transport=polling&t=Lirid89&sid=6dce84721924495a8403e3e9665336cb HTTP/1.1" 200 14 "http://46.101.197.108:5000/room/1/user/12/" "Mozilla/5.0 (X11; Linux x86_64) AppleWebKit/537.36 (KHTML, like Gecko) Chrome/56.0.2924.87 Safari/537.36" "-"
85.90.221.62 - - [03/Apr/2017:21:23:01 +0000] "POST /socket.io/?EIO=3&transport=polling&t=LirinYL&sid=f24300620a6640e08629c320f41d7f29 HTTP/1.1" 200 12 "http://46.101.197.108:5000/room/1/user/11/" "Mozilla/5.0 (X11; Ubuntu; Linux x86_64; rv:52.0) Gecko/20100101 Firefox/52.0" "-"
85.90.221.62 - - [03/Apr/2017:21:23:01 +0000] "GET /socket.io/?EIO=3&transport=polling&t=LirihRi&sid=f24300620a6640e08629c320f41d7f29 HTTP/1.1" 200 14 "http://46.101.197.108:5000/room/1/user/11/" "Mozilla/5.0 (X11; Ubuntu; Linux x86_64; rv:52.0) Gecko/20100101 Firefox/52.0" "-"
91.222.250.45 - - [03/Apr/2017:21:23:10 +0000] "POST /socket.io/?EIO=3&transport=polling&t=LirippT&sid=6dce84721924495a8403e3e9665336cb HTTP/1.1" 200 12 "http://46.101.197.108:5000/room/1/user/12/" "Mozilla/5.0 (X11; Linux x86_64) AppleWebKit/537.36 (KHTML, like Gecko) Chrome/56.0.2924.87 Safari/537.36" "-"
91.222.250.45 - - [03/Apr/2017:21:23:10 +0000] "GET /socket.io/?EIO=3&transport=polling&t=LirijUA&sid=6dce84721924495a8403e3e9665336cb HTTP/1.1" 200 14 "http://46.101.197.108:5000/room/1/user/12/" "Mozilla/5.0 (X11; Linux x86_64) AppleWebKit/537.36 (KHTML, like Gecko) Chrome/56.0.2924.87 Safari/537.36" "-"
85.90.221.62 - - [03/Apr/2017:21:23:26 +0000] "POST /socket.io/?EIO=3&transport=polling&t=LiritgD&sid=f24300620a6640e08629c320f41d7f29 HTTP/1.1" 200 12 "http://46.101.197.108:5000/room/1/user/11/" "Mozilla/5.0 (X11; Ubuntu; Linux x86_64; rv:52.0) Gecko/20100101 Firefox/52.0" "-"
85.90.221.62 - - [03/Apr/2017:21:23:26 +0000] "GET /socket.io/?EIO=3&transport=polling&t=LirinZ9&sid=f24300620a6640e08629c320f41d7f29 HTTP/1.1" 200 14 "http://46.101.197.108:5000/room/1/user/11/" "Mozilla/5.0 (X11; Ubuntu; Linux x86_64; rv:52.0) Gecko/20100101 Firefox/52.0" "-"
91.222.250.45 - - [03/Apr/2017:21:23:36 +0000] "POST /socket.io/?EIO=3&transport=polling&t=Liriw9j&sid=6dce84721924495a8403e3e9665336cb HTTP/1.1" 200 12 "http://46.101.197.108:5000/room/1/user/12/" "Mozilla/5.0 (X11; Linux x86_64) AppleWebKit/537.36 (KHTML, like Gecko) Chrome/56.0.2924.87 Safari/537.36" "-"
91.222.250.45 - - [03/Apr/2017:21:23:36 +0000] "GET /socket.io/?EIO=3&transport=polling&t=LiripqJ&sid=6dce84721924495a8403e3e9665336cb HTTP/1.1" 200 14 "http://46.101.197.108:5000/room/1/user/12/" "Mozilla/5.0 (X11; Linux x86_64) AppleWebKit/537.36 (KHTML, like Gecko) Chrome/56.0.2924.87 Safari/537.36" "-"
85.90.221.62 - - [03/Apr/2017:21:23:51 +0000] "POST /socket.io/?EIO=3&transport=polling&t=LirizpW&sid=f24300620a6640e08629c320f41d7f29 HTTP/1.1" 200 12 "http://46.101.197.108:5000/room/1/user/11/" "Mozilla/5.0 (X11; Ubuntu; Linux x86_64; rv:52.0) Gecko/20100101 Firefox/52.0" "-"
85.90.221.62 - - [03/Apr/2017:21:23:51 +0000] "GET /socket.io/?EIO=3&transport=polling&t=Liritiq&sid=f24300620a6640e08629c320f41d7f29 HTTP/1.1" 200 14 "http://46.101.197.108:5000/room/1/user/11/" "Mozilla/5.0 (X11; Ubuntu; Linux x86_64; rv:52.0) Gecko/20100101 Firefox/52.0" "-"
91.222.250.45 - - [03/Apr/2017:21:24:02 +0000] "POST /socket.io/?EIO=3&transport=polling&t=Lirj0Vz&sid=6dce84721924495a8403e3e9665336cb HTTP/1.1" 200 12 "http://46.101.197.108:5000/room/1/user/12/" "Mozilla/5.0 (X11; Linux x86_64) AppleWebKit/537.36 (KHTML, like Gecko) Chrome/56.0.2924.87 Safari/537.36" "-"
91.222.250.45 - - [03/Apr/2017:21:24:02 +0000] "GET /socket.io/?EIO=3&transport=polling&t=LiriwAZ&sid=6dce84721924495a8403e3e9665336cb HTTP/1.1" 200 14 "http://46.101.197.108:5000/room/1/user/12/" "Mozilla/5.0 (X11; Linux x86_64) AppleWebKit/537.36 (KHTML, like Gecko) Chrome/56.0.2924.87 Safari/537.36" "-"
85.90.221.62 - - [03/Apr/2017:21:24:16 +0000] "POST /socket.io/?EIO=3&transport=polling&t=Lirj3xX&sid=f24300620a6640e08629c320f41d7f29 HTTP/1.1" 200 12 "http://46.101.197.108:5000/room/1/user/11/" "Mozilla/5.0 (X11; Ubuntu; Linux x86_64; rv:52.0) Gecko/20100101 Firefox/52.0" "-"
85.90.221.62 - - [03/Apr/2017:21:24:16 +0000] "GET /socket.io/?EIO=3&transport=polling&t=LirizqN&sid=f24300620a6640e08629c320f41d7f29 HTTP/1.1" 200 14 "http://46.101.197.108:5000/room/1/user/11/" "Mozilla/5.0 (X11; Ubuntu; Linux x86_64; rv:52.0) Gecko/20100101 Firefox/52.0" "-"
91.222.250.45 - - [03/Apr/2017:21:24:28 +0000] "POST /socket.io/?EIO=3&transport=polling&t=Lirj6sD&sid=6dce84721924495a8403e3e9665336cb HTTP/1.1" 200 12 "http://46.101.197.108:5000/room/1/user/12/" "Mozilla/5.0 (X11; Linux x86_64) AppleWebKit/537.36 (KHTML, like Gecko) Chrome/56.0.2924.87 Safari/537.36" "-"
91.222.250.45 - - [03/Apr/2017:21:24:28 +0000] "GET /socket.io/?EIO=3&transport=polling&t=Lirj0XG&sid=6dce84721924495a8403e3e9665336cb HTTP/1.1" 200 14 "http://46.101.197.108:5000/room/1/user/12/" "Mozilla/5.0 (X11; Linux x86_64) AppleWebKit/537.36 (KHTML, like Gecko) Chrome/56.0.2924.87 Safari/537.36" "-"
85.90.221.62 - - [03/Apr/2017:21:24:41 +0000] "POST /socket.io/?EIO=3&transport=polling&t=LirjA39&sid=f24300620a6640e08629c320f41d7f29 HTTP/1.1" 200 12 "http://46.101.197.108:5000/room/1/user/11/" "Mozilla/5.0 (X11; Ubuntu; Linux x86_64; rv:52.0) Gecko/20100101 Firefox/52.0" "-"
85.90.221.62 - - [03/Apr/2017:21:24:41 +0000] "GET /socket.io/?EIO=3&transport=polling&t=Lirj3yU&sid=f24300620a6640e08629c320f41d7f29 HTTP/1.1" 200 14 "http://46.101.197.108:5000/room/1/user/11/" "Mozilla/5.0 (X11; Ubuntu; Linux x86_64; rv:52.0) Gecko/20100101 Firefox/52.0" "-"
91.222.250.45 - - [03/Apr/2017:21:24:54 +0000] "POST /socket.io/?EIO=3&transport=polling&t=LirjDCT&sid=6dce84721924495a8403e3e9665336cb HTTP/1.1" 200 12 "http://46.101.197.108:5000/room/1/user/12/" "Mozilla/5.0 (X11; Linux x86_64) AppleWebKit/537.36 (KHTML, like Gecko) Chrome/56.0.2924.87 Safari/537.36" "-"
91.222.250.45 - - [03/Apr/2017:21:24:54 +0000] "GET /socket.io/?EIO=3&transport=polling&t=Lirj6tA&sid=6dce84721924495a8403e3e9665336cb HTTP/1.1" 200 14 "http://46.101.197.108:5000/room/1/user/12/" "Mozilla/5.0 (X11; Linux x86_64) AppleWebKit/537.36 (KHTML, like Gecko) Chrome/56.0.2924.87 Safari/537.36" "-"
85.90.221.62 - - [03/Apr/2017:21:25:06 +0000] "POST /socket.io/?EIO=3&transport=polling&t=LirjGAl&sid=f24300620a6640e08629c320f41d7f29 HTTP/1.1" 200 12 "http://46.101.197.108:5000/room/1/user/11/" "Mozilla/5.0 (X11; Ubuntu; Linux x86_64; rv:52.0) Gecko/20100101 Firefox/52.0" "-"
85.90.221.62 - - [03/Apr/2017:21:25:06 +0000] "GET /socket.io/?EIO=3&transport=polling&t=LirjA46&sid=f24300620a6640e08629c320f41d7f29 HTTP/1.1" 200 14 "http://46.101.197.108:5000/room/1/user/11/" "Mozilla/5.0 (X11; Ubuntu; Linux x86_64; rv:52.0) Gecko/20100101 Firefox/52.0" "-"
91.222.250.45 - - [03/Apr/2017:21:25:20 +0000] "POST /socket.io/?EIO=3&transport=polling&t=LirjJYk&sid=6dce84721924495a8403e3e9665336cb HTTP/1.1" 200 12 "http://46.101.197.108:5000/room/1/user/12/" "Mozilla/5.0 (X11; Linux x86_64) AppleWebKit/537.36 (KHTML, like Gecko) Chrome/56.0.2924.87 Safari/537.36" "-"
91.222.250.45 - - [03/Apr/2017:21:25:20 +0000] "GET /socket.io/?EIO=3&transport=polling&t=LirjDDS&sid=6dce84721924495a8403e3e9665336cb HTTP/1.1" 200 14 "http://46.101.197.108:5000/room/1/user/12/" "Mozilla/5.0 (X11; Linux x86_64) AppleWebKit/537.36 (KHTML, like Gecko) Chrome/56.0.2924.87 Safari/537.36" "-"
85.90.221.62 - - [03/Apr/2017:21:25:31 +0000] "POST /socket.io/?EIO=3&transport=polling&t=LirjMIN&sid=f24300620a6640e08629c320f41d7f29 HTTP/1.1" 200 12 "http://46.101.197.108:5000/room/1/user/11/" "Mozilla/5.0 (X11; Ubuntu; Linux x86_64; rv:52.0) Gecko/20100101 Firefox/52.0" "-"
85.90.221.62 - - [03/Apr/2017:21:25:31 +0000] "GET /socket.io/?EIO=3&transport=polling&t=LirjGBk&sid=f24300620a6640e08629c320f41d7f29 HTTP/1.1" 200 14 "http://46.101.197.108:5000/room/1/user/11/" "Mozilla/5.0 (X11; Ubuntu; Linux x86_64; rv:52.0) Gecko/20100101 Firefox/52.0" "-"
91.222.250.45 - - [03/Apr/2017:21:25:46 +0000] "POST /socket.io/?EIO=3&transport=polling&t=LirjPuz&sid=6dce84721924495a8403e3e9665336cb HTTP/1.1" 200 12 "http://46.101.197.108:5000/room/1/user/12/" "Mozilla/5.0 (X11; Linux x86_64) AppleWebKit/537.36 (KHTML, like Gecko) Chrome/56.0.2924.87 Safari/537.36" "-"
91.222.250.45 - - [03/Apr/2017:21:25:46 +0000] "GET /socket.io/?EIO=3&transport=polling&t=LirjJZf&sid=6dce84721924495a8403e3e9665336cb HTTP/1.1" 200 14 "http://46.101.197.108:5000/room/1/user/12/" "Mozilla/5.0 (X11; Linux x86_64) AppleWebKit/537.36 (KHTML, like Gecko) Chrome/56.0.2924.87 Safari/537.36" "-"
85.90.221.62 - - [03/Apr/2017:21:25:57 +0000] "POST /socket.io/?EIO=3&transport=polling&t=LirjSPy&sid=f24300620a6640e08629c320f41d7f29 HTTP/1.1" 200 12 "http://46.101.197.108:5000/room/1/user/11/" "Mozilla/5.0 (X11; Ubuntu; Linux x86_64; rv:52.0) Gecko/20100101 Firefox/52.0" "-"
85.90.221.62 - - [03/Apr/2017:21:25:57 +0000] "GET /socket.io/?EIO=3&transport=polling&t=LirjMJJ&sid=f24300620a6640e08629c320f41d7f29 HTTP/1.1" 200 14 "http://46.101.197.108:5000/room/1/user/11/" "Mozilla/5.0 (X11; Ubuntu; Linux x86_64; rv:52.0) Gecko/20100101 Firefox/52.0" "-"
91.222.250.45 - - [03/Apr/2017:21:26:12 +0000] "POST /socket.io/?EIO=3&transport=polling&t=LirjWFD&sid=6dce84721924495a8403e3e9665336cb HTTP/1.1" 200 12 "http://46.101.197.108:5000/room/1/user/12/" "Mozilla/5.0 (X11; Linux x86_64) AppleWebKit/537.36 (KHTML, like Gecko) Chrome/56.0.2924.87 Safari/537.36" "-"
91.222.250.45 - - [03/Apr/2017:21:26:12 +0000] "GET /socket.io/?EIO=3&transport=polling&t=LirjPvs&sid=6dce84721924495a8403e3e9665336cb HTTP/1.1" 200 14 "http://46.101.197.108:5000/room/1/user/12/" "Mozilla/5.0 (X11; Linux x86_64) AppleWebKit/537.36 (KHTML, like Gecko) Chrome/56.0.2924.87 Safari/537.36" "-"
85.90.221.62 - - [03/Apr/2017:21:26:22 +0000] "POST /socket.io/?EIO=3&transport=polling&t=LirjYXU&sid=f24300620a6640e08629c320f41d7f29 HTTP/1.1" 200 12 "http://46.101.197.108:5000/room/1/user/11/" "Mozilla/5.0 (X11; Ubuntu; Linux x86_64; rv:52.0) Gecko/20100101 Firefox/52.0" "-"
85.90.221.62 - - [03/Apr/2017:21:26:22 +0000] "GET /socket.io/?EIO=3&transport=polling&t=LirjSQq&sid=f24300620a6640e08629c320f41d7f29 HTTP/1.1" 200 14 "http://46.101.197.108:5000/room/1/user/11/" "Mozilla/5.0 (X11; Ubuntu; Linux x86_64; rv:52.0) Gecko/20100101 Firefox/52.0" "-"
91.222.250.45 - - [03/Apr/2017:21:26:38 +0000] "POST /socket.io/?EIO=3&transport=polling&t=LirjcbT&sid=6dce84721924495a8403e3e9665336cb HTTP/1.1" 200 12 "http://46.101.197.108:5000/room/1/user/12/" "Mozilla/5.0 (X11; Linux x86_64) AppleWebKit/537.36 (KHTML, like Gecko) Chrome/56.0.2924.87 Safari/537.36" "-"
91.222.250.45 - - [03/Apr/2017:21:26:38 +0000] "GET /socket.io/?EIO=3&transport=polling&t=LirjWF_&sid=6dce84721924495a8403e3e9665336cb HTTP/1.1" 200 14 "http://46.101.197.108:5000/room/1/user/12/" "Mozilla/5.0 (X11; Linux x86_64) AppleWebKit/537.36 (KHTML, like Gecko) Chrome/56.0.2924.87 Safari/537.36" "-"
85.90.221.62 - - [03/Apr/2017:21:26:47 +0000] "POST /socket.io/?EIO=3&transport=polling&t=Lirjee_&sid=f24300620a6640e08629c320f41d7f29 HTTP/1.1" 200 12 "http://46.101.197.108:5000/room/1/user/11/" "Mozilla/5.0 (X11; Ubuntu; Linux x86_64; rv:52.0) Gecko/20100101 Firefox/52.0" "-"
85.90.221.62 - - [03/Apr/2017:21:26:47 +0000] "GET /socket.io/?EIO=3&transport=polling&t=LirjYYM&sid=f24300620a6640e08629c320f41d7f29 HTTP/1.1" 200 14 "http://46.101.197.108:5000/room/1/user/11/" "Mozilla/5.0 (X11; Ubuntu; Linux x86_64; rv:52.0) Gecko/20100101 Firefox/52.0" "-"
91.222.250.45 - - [03/Apr/2017:21:27:04 +0000] "POST /socket.io/?EIO=3&transport=polling&t=Lirjixk&sid=6dce84721924495a8403e3e9665336cb HTTP/1.1" 200 12 "http://46.101.197.108:5000/room/1/user/12/" "Mozilla/5.0 (X11; Linux x86_64) AppleWebKit/537.36 (KHTML, like Gecko) Chrome/56.0.2924.87 Safari/537.36" "-"
91.222.250.45 - - [03/Apr/2017:21:27:04 +0000] "GET /socket.io/?EIO=3&transport=polling&t=LirjccZ&sid=6dce84721924495a8403e3e9665336cb HTTP/1.1" 200 14 "http://46.101.197.108:5000/room/1/user/12/" "Mozilla/5.0 (X11; Linux x86_64) AppleWebKit/537.36 (KHTML, like Gecko) Chrome/56.0.2924.87 Safari/537.36" "-"
85.90.221.62 - - [03/Apr/2017:21:27:12 +0000] "POST /socket.io/?EIO=3&transport=polling&t=LirjkmV&sid=f24300620a6640e08629c320f41d7f29 HTTP/1.1" 200 12 "http://46.101.197.108:5000/room/1/user/11/" "Mozilla/5.0 (X11; Ubuntu; Linux x86_64; rv:52.0) Gecko/20100101 Firefox/52.0" "-"
85.90.221.62 - - [03/Apr/2017:21:27:12 +0000] "GET /socket.io/?EIO=3&transport=polling&t=Lirjefr&sid=f24300620a6640e08629c320f41d7f29 HTTP/1.1" 200 14 "http://46.101.197.108:5000/room/1/user/11/" "Mozilla/5.0 (X11; Ubuntu; Linux x86_64; rv:52.0) Gecko/20100101 Firefox/52.0" "-"
91.222.250.45 - - [03/Apr/2017:21:27:30 +0000] "POST /socket.io/?EIO=3&transport=polling&t=LirjpHz&sid=6dce84721924495a8403e3e9665336cb HTTP/1.1" 200 12 "http://46.101.197.108:5000/room/1/user/12/" "Mozilla/5.0 (X11; Linux x86_64) AppleWebKit/537.36 (KHTML, like Gecko) Chrome/56.0.2924.87 Safari/537.36" "-"
91.222.250.45 - - [03/Apr/2017:21:27:30 +0000] "GET /socket.io/?EIO=3&transport=polling&t=LirjizK&sid=6dce84721924495a8403e3e9665336cb HTTP/1.1" 200 14 "http://46.101.197.108:5000/room/1/user/12/" "Mozilla/5.0 (X11; Linux x86_64) AppleWebKit/537.36 (KHTML, like Gecko) Chrome/56.0.2924.87 Safari/537.36" "-"
85.90.221.62 - - [03/Apr/2017:21:27:37 +0000] "POST /socket.io/?EIO=3&transport=polling&t=Lirjqu6&sid=f24300620a6640e08629c320f41d7f29 HTTP/1.1" 200 12 "http://46.101.197.108:5000/room/1/user/11/" "Mozilla/5.0 (X11; Ubuntu; Linux x86_64; rv:52.0) Gecko/20100101 Firefox/52.0" "-"
85.90.221.62 - - [03/Apr/2017:21:27:37 +0000] "GET /socket.io/?EIO=3&transport=polling&t=LirjknS&sid=f24300620a6640e08629c320f41d7f29 HTTP/1.1" 200 14 "http://46.101.197.108:5000/room/1/user/11/" "Mozilla/5.0 (X11; Ubuntu; Linux x86_64; rv:52.0) Gecko/20100101 Firefox/52.0" "-"
91.222.250.45 - - [03/Apr/2017:21:27:56 +0000] "POST /socket.io/?EIO=3&transport=polling&t=LirjveD&sid=6dce84721924495a8403e3e9665336cb HTTP/1.1" 200 12 "http://46.101.197.108:5000/room/1/user/12/" "Mozilla/5.0 (X11; Linux x86_64) AppleWebKit/537.36 (KHTML, like Gecko) Chrome/56.0.2924.87 Safari/537.36" "-"
91.222.250.45 - - [03/Apr/2017:21:27:56 +0000] "GET /socket.io/?EIO=3&transport=polling&t=LirjpIp&sid=6dce84721924495a8403e3e9665336cb HTTP/1.1" 200 14 "http://46.101.197.108:5000/room/1/user/12/" "Mozilla/5.0 (X11; Linux x86_64) AppleWebKit/537.36 (KHTML, like Gecko) Chrome/56.0.2924.87 Safari/537.36" "-"
85.90.221.62 - - [03/Apr/2017:21:28:02 +0000] "POST /socket.io/?EIO=3&transport=polling&t=Lirjw_e&sid=f24300620a6640e08629c320f41d7f29 HTTP/1.1" 200 12 "http://46.101.197.108:5000/room/1/user/11/" "Mozilla/5.0 (X11; Ubuntu; Linux x86_64; rv:52.0) Gecko/20100101 Firefox/52.0" "-"
85.90.221.62 - - [03/Apr/2017:21:28:02 +0000] "GET /socket.io/?EIO=3&transport=polling&t=Lirjquz&sid=f24300620a6640e08629c320f41d7f29 HTTP/1.1" 200 14 "http://46.101.197.108:5000/room/1/user/11/" "Mozilla/5.0 (X11; Ubuntu; Linux x86_64; rv:52.0) Gecko/20100101 Firefox/52.0" "-"
91.222.250.45 - - [03/Apr/2017:21:28:22 +0000] "POST /socket.io/?EIO=3&transport=polling&t=Lirj_-T&sid=6dce84721924495a8403e3e9665336cb HTTP/1.1" 200 12 "http://46.101.197.108:5000/room/1/user/12/" "Mozilla/5.0 (X11; Linux x86_64) AppleWebKit/537.36 (KHTML, like Gecko) Chrome/56.0.2924.87 Safari/537.36" "-"
91.222.250.45 - - [03/Apr/2017:21:28:22 +0000] "GET /socket.io/?EIO=3&transport=polling&t=LirjvfL&sid=6dce84721924495a8403e3e9665336cb HTTP/1.1" 200 14 "http://46.101.197.108:5000/room/1/user/12/" "Mozilla/5.0 (X11; Linux x86_64) AppleWebKit/537.36 (KHTML, like Gecko) Chrome/56.0.2924.87 Safari/537.36" "-"
85.90.221.62 - - [03/Apr/2017:21:28:27 +0000] "POST /socket.io/?EIO=3&transport=polling&t=Lirk178&sid=f24300620a6640e08629c320f41d7f29 HTTP/1.1" 200 12 "http://46.101.197.108:5000/room/1/user/11/" "Mozilla/5.0 (X11; Ubuntu; Linux x86_64; rv:52.0) Gecko/20100101 Firefox/52.0" "-"
85.90.221.62 - - [03/Apr/2017:21:28:27 +0000] "GET /socket.io/?EIO=3&transport=polling&t=Lirjx0U&sid=f24300620a6640e08629c320f41d7f29 HTTP/1.1" 200 14 "http://46.101.197.108:5000/room/1/user/11/" "Mozilla/5.0 (X11; Ubuntu; Linux x86_64; rv:52.0) Gecko/20100101 Firefox/52.0" "-"
91.222.250.45 - - [03/Apr/2017:21:28:48 +0000] "POST /socket.io/?EIO=3&transport=polling&t=Lirk6Kj&sid=6dce84721924495a8403e3e9665336cb HTTP/1.1" 200 12 "http://46.101.197.108:5000/room/1/user/12/" "Mozilla/5.0 (X11; Linux x86_64) AppleWebKit/537.36 (KHTML, like Gecko) Chrome/56.0.2924.87 Safari/537.36" "-"
91.222.250.45 - - [03/Apr/2017:21:28:48 +0000] "GET /socket.io/?EIO=3&transport=polling&t=Lirj__I&sid=6dce84721924495a8403e3e9665336cb HTTP/1.1" 200 14 "http://46.101.197.108:5000/room/1/user/12/" "Mozilla/5.0 (X11; Linux x86_64) AppleWebKit/537.36 (KHTML, like Gecko) Chrome/56.0.2924.87 Safari/537.36" "-"
85.90.221.62 - - [03/Apr/2017:21:28:53 +0000] "POST /socket.io/?EIO=3&transport=polling&t=Lirk7V8&sid=f24300620a6640e08629c320f41d7f29 HTTP/1.1" 200 12 "http://46.101.197.108:5000/room/1/user/11/" "Mozilla/5.0 (X11; Ubuntu; Linux x86_64; rv:52.0) Gecko/20100101 Firefox/52.0" "-"
85.90.221.62 - - [03/Apr/2017:21:28:53 +0000] "GET /socket.io/?EIO=3&transport=polling&t=Lirk17-&sid=f24300620a6640e08629c320f41d7f29 HTTP/1.1" 200 14 "http://46.101.197.108:5000/room/1/user/11/" "Mozilla/5.0 (X11; Ubuntu; Linux x86_64; rv:52.0) Gecko/20100101 Firefox/52.0" "-"
91.222.250.45 - - [03/Apr/2017:21:29:14 +0000] "POST /socket.io/?EIO=3&transport=polling&t=LirkCgz&sid=6dce84721924495a8403e3e9665336cb HTTP/1.1" 200 12 "http://46.101.197.108:5000/room/1/user/12/" "Mozilla/5.0 (X11; Linux x86_64) AppleWebKit/537.36 (KHTML, like Gecko) Chrome/56.0.2924.87 Safari/537.36" "-"
91.222.250.45 - - [03/Apr/2017:21:29:14 +0000] "GET /socket.io/?EIO=3&transport=polling&t=Lirk6RP&sid=6dce84721924495a8403e3e9665336cb HTTP/1.1" 200 14 "http://46.101.197.108:5000/room/1/user/12/" "Mozilla/5.0 (X11; Linux x86_64) AppleWebKit/537.36 (KHTML, like Gecko) Chrome/56.0.2924.87 Safari/537.36" "-"
85.90.221.62 - - [03/Apr/2017:21:29:18 +0000] "POST /socket.io/?EIO=3&transport=polling&t=LirkDde&sid=f24300620a6640e08629c320f41d7f29 HTTP/1.1" 200 12 "http://46.101.197.108:5000/room/1/user/11/" "Mozilla/5.0 (X11; Ubuntu; Linux x86_64; rv:52.0) Gecko/20100101 Firefox/52.0" "-"
85.90.221.62 - - [03/Apr/2017:21:29:18 +0000] "GET /socket.io/?EIO=3&transport=polling&t=Lirk7Wy&sid=f24300620a6640e08629c320f41d7f29 HTTP/1.1" 200 14 "http://46.101.197.108:5000/room/1/user/11/" "Mozilla/5.0 (X11; Ubuntu; Linux x86_64; rv:52.0) Gecko/20100101 Firefox/52.0" "-"
91.222.250.45 - - [03/Apr/2017:21:29:40 +0000] "POST /socket.io/?EIO=3&transport=polling&t=LirkJ1D&sid=6dce84721924495a8403e3e9665336cb HTTP/1.1" 200 12 "http://46.101.197.108:5000/room/1/user/12/" "Mozilla/5.0 (X11; Linux x86_64) AppleWebKit/537.36 (KHTML, like Gecko) Chrome/56.0.2924.87 Safari/537.36" "-"
91.222.250.45 - - [03/Apr/2017:21:29:40 +0000] "GET /socket.io/?EIO=3&transport=polling&t=LirkChs&sid=6dce84721924495a8403e3e9665336cb HTTP/1.1" 200 14 "http://46.101.197.108:5000/room/1/user/12/" "Mozilla/5.0 (X11; Linux x86_64) AppleWebKit/537.36 (KHTML, like Gecko) Chrome/56.0.2924.87 Safari/537.36" "-"
85.90.221.62 - - [03/Apr/2017:21:29:43 +0000] "POST /socket.io/?EIO=3&transport=polling&t=LirkJlD&sid=f24300620a6640e08629c320f41d7f29 HTTP/1.1" 200 12 "http://46.101.197.108:5000/room/1/user/11/" "Mozilla/5.0 (X11; Ubuntu; Linux x86_64; rv:52.0) Gecko/20100101 Firefox/52.0" "-"
85.90.221.62 - - [03/Apr/2017:21:29:43 +0000] "GET /socket.io/?EIO=3&transport=polling&t=LirkDea&sid=f24300620a6640e08629c320f41d7f29 HTTP/1.1" 200 14 "http://46.101.197.108:5000/room/1/user/11/" "Mozilla/5.0 (X11; Ubuntu; Linux x86_64; rv:52.0) Gecko/20100101 Firefox/52.0" "-"
91.222.250.45 - - [03/Apr/2017:21:30:07 +0000] "POST /socket.io/?EIO=3&transport=polling&t=LirkPd5&sid=6dce84721924495a8403e3e9665336cb HTTP/1.1" 200 12 "http://46.101.197.108:5000/room/1/user/12/" "Mozilla/5.0 (X11; Linux x86_64) AppleWebKit/537.36 (KHTML, like Gecko) Chrome/56.0.2924.87 Safari/537.36" "-"
91.222.250.45 - - [03/Apr/2017:21:30:07 +0000] "GET /socket.io/?EIO=3&transport=polling&t=LirkJTe&sid=6dce84721924495a8403e3e9665336cb HTTP/1.1" 200 14 "http://46.101.197.108:5000/room/1/user/12/" "Mozilla/5.0 (X11; Linux x86_64) AppleWebKit/537.36 (KHTML, like Gecko) Chrome/56.0.2924.87 Safari/537.36" "-"
85.90.221.62 - - [03/Apr/2017:21:30:08 +0000] "POST /socket.io/?EIO=3&transport=polling&t=LirkPss&sid=f24300620a6640e08629c320f41d7f29 HTTP/1.1" 200 12 "http://46.101.197.108:5000/room/1/user/11/" "Mozilla/5.0 (X11; Ubuntu; Linux x86_64; rv:52.0) Gecko/20100101 Firefox/52.0" "-"
85.90.221.62 - - [03/Apr/2017:21:30:08 +0000] "GET /socket.io/?EIO=3&transport=polling&t=LirkJmC&sid=f24300620a6640e08629c320f41d7f29 HTTP/1.1" 200 14 "http://46.101.197.108:5000/room/1/user/11/" "Mozilla/5.0 (X11; Ubuntu; Linux x86_64; rv:52.0) Gecko/20100101 Firefox/52.0" "-"
91.222.250.45 - - [03/Apr/2017:21:30:33 +0000] "POST /socket.io/?EIO=3&transport=polling&t=LirkVzL&sid=6dce84721924495a8403e3e9665336cb HTTP/1.1" 200 12 "http://46.101.197.108:5000/room/1/user/12/" "Mozilla/5.0 (X11; Linux x86_64) AppleWebKit/537.36 (KHTML, like Gecko) Chrome/56.0.2924.87 Safari/537.36" "-"
91.222.250.45 - - [03/Apr/2017:21:30:33 +0000] "GET /socket.io/?EIO=3&transport=polling&t=LirkPf5&sid=6dce84721924495a8403e3e9665336cb HTTP/1.1" 200 14 "http://46.101.197.108:5000/room/1/user/12/" "Mozilla/5.0 (X11; Linux x86_64) AppleWebKit/537.36 (KHTML, like Gecko) Chrome/56.0.2924.87 Safari/537.36" "-"
85.90.221.62 - - [03/Apr/2017:21:30:33 +0000] "POST /socket.io/?EIO=3&transport=polling&t=LirkV-N&sid=f24300620a6640e08629c320f41d7f29 HTTP/1.1" 200 12 "http://46.101.197.108:5000/room/1/user/11/" "Mozilla/5.0 (X11; Ubuntu; Linux x86_64; rv:52.0) Gecko/20100101 Firefox/52.0" "-"
85.90.221.62 - - [03/Apr/2017:21:30:33 +0000] "GET /socket.io/?EIO=3&transport=polling&t=LirkPtk&sid=f24300620a6640e08629c320f41d7f29 HTTP/1.1" 200 14 "http://46.101.197.108:5000/room/1/user/11/" "Mozilla/5.0 (X11; Ubuntu; Linux x86_64; rv:52.0) Gecko/20100101 Firefox/52.0" "-"
85.90.221.62 - - [03/Apr/2017:21:30:58 +0000] "POST /socket.io/?EIO=3&transport=polling&t=Lirkc5x&sid=f24300620a6640e08629c320f41d7f29 HTTP/1.1" 200 12 "http://46.101.197.108:5000/room/1/user/11/" "Mozilla/5.0 (X11; Ubuntu; Linux x86_64; rv:52.0) Gecko/20100101 Firefox/52.0" "-"
85.90.221.62 - - [03/Apr/2017:21:30:58 +0000] "GET /socket.io/?EIO=3&transport=polling&t=LirkV_I&sid=f24300620a6640e08629c320f41d7f29 HTTP/1.1" 200 14 "http://46.101.197.108:5000/room/1/user/11/" "Mozilla/5.0 (X11; Ubuntu; Linux x86_64; rv:52.0) Gecko/20100101 Firefox/52.0" "-"
91.222.250.45 - - [03/Apr/2017:21:30:59 +0000] "POST /socket.io/?EIO=3&transport=polling&t=LirkcJb&sid=6dce84721924495a8403e3e9665336cb HTTP/1.1" 200 12 "http://46.101.197.108:5000/room/1/user/12/" "Mozilla/5.0 (X11; Linux x86_64) AppleWebKit/537.36 (KHTML, like Gecko) Chrome/56.0.2924.87 Safari/537.36" "-"
91.222.250.45 - - [03/Apr/2017:21:30:59 +0000] "GET /socket.io/?EIO=3&transport=polling&t=LirkV-E&sid=6dce84721924495a8403e3e9665336cb HTTP/1.1" 200 14 "http://46.101.197.108:5000/room/1/user/12/" "Mozilla/5.0 (X11; Linux x86_64) AppleWebKit/537.36 (KHTML, like Gecko) Chrome/56.0.2924.87 Safari/537.36" "-"
85.90.221.62 - - [03/Apr/2017:21:31:23 +0000] "POST /socket.io/?EIO=3&transport=polling&t=LirkiDX&sid=f24300620a6640e08629c320f41d7f29 HTTP/1.1" 200 12 "http://46.101.197.108:5000/room/1/user/11/" "Mozilla/5.0 (X11; Ubuntu; Linux x86_64; rv:52.0) Gecko/20100101 Firefox/52.0" "-"
85.90.221.62 - - [03/Apr/2017:21:31:23 +0000] "GET /socket.io/?EIO=3&transport=polling&t=Lirkc6u&sid=f24300620a6640e08629c320f41d7f29 HTTP/1.1" 200 14 "http://46.101.197.108:5000/room/1/user/11/" "Mozilla/5.0 (X11; Ubuntu; Linux x86_64; rv:52.0) Gecko/20100101 Firefox/52.0" "-"
91.222.250.45 - - [03/Apr/2017:21:31:25 +0000] "POST /socket.io/?EIO=3&transport=polling&t=Lirkifr&sid=6dce84721924495a8403e3e9665336cb HTTP/1.1" 200 12 "http://46.101.197.108:5000/room/1/user/12/" "Mozilla/5.0 (X11; Linux x86_64) AppleWebKit/537.36 (KHTML, like Gecko) Chrome/56.0.2924.87 Safari/537.36" "-"
91.222.250.45 - - [03/Apr/2017:21:31:25 +0000] "GET /socket.io/?EIO=3&transport=polling&t=LirkcKm&sid=6dce84721924495a8403e3e9665336cb HTTP/1.1" 200 14 "http://46.101.197.108:5000/room/1/user/12/" "Mozilla/5.0 (X11; Linux x86_64) AppleWebKit/537.36 (KHTML, like Gecko) Chrome/56.0.2924.87 Safari/537.36" "-"
85.90.221.62 - - [03/Apr/2017:21:31:48 +0000] "POST /socket.io/?EIO=3&transport=polling&t=LirkoLK&sid=f24300620a6640e08629c320f41d7f29 HTTP/1.1" 200 12 "http://46.101.197.108:5000/room/1/user/11/" "Mozilla/5.0 (X11; Ubuntu; Linux x86_64; rv:52.0) Gecko/20100101 Firefox/52.0" "-"
85.90.221.62 - - [03/Apr/2017:21:31:48 +0000] "GET /socket.io/?EIO=3&transport=polling&t=LirkiER&sid=f24300620a6640e08629c320f41d7f29 HTTP/1.1" 200 14 "http://46.101.197.108:5000/room/1/user/11/" "Mozilla/5.0 (X11; Ubuntu; Linux x86_64; rv:52.0) Gecko/20100101 Firefox/52.0" "-"
91.222.250.45 - - [03/Apr/2017:21:31:51 +0000] "POST /socket.io/?EIO=3&transport=polling&t=Lirkp05&sid=6dce84721924495a8403e3e9665336cb HTTP/1.1" 200 12 "http://46.101.197.108:5000/room/1/user/12/" "Mozilla/5.0 (X11; Linux x86_64) AppleWebKit/537.36 (KHTML, like Gecko) Chrome/56.0.2924.87 Safari/537.36" "-"
91.222.250.45 - - [03/Apr/2017:21:31:51 +0000] "GET /socket.io/?EIO=3&transport=polling&t=Lirkigo&sid=6dce84721924495a8403e3e9665336cb HTTP/1.1" 200 14 "http://46.101.197.108:5000/room/1/user/12/" "Mozilla/5.0 (X11; Linux x86_64) AppleWebKit/537.36 (KHTML, like Gecko) Chrome/56.0.2924.87 Safari/537.36" "-"
85.90.221.62 - - [03/Apr/2017:21:32:14 +0000] "POST /socket.io/?EIO=3&transport=polling&t=LirkuT5&sid=f24300620a6640e08629c320f41d7f29 HTTP/1.1" 200 12 "http://46.101.197.108:5000/room/1/user/11/" "Mozilla/5.0 (X11; Ubuntu; Linux x86_64; rv:52.0) Gecko/20100101 Firefox/52.0" "-"
85.90.221.62 - - [03/Apr/2017:21:32:14 +0000] "GET /socket.io/?EIO=3&transport=polling&t=LirkoMI&sid=f24300620a6640e08629c320f41d7f29 HTTP/1.1" 200 14 "http://46.101.197.108:5000/room/1/user/11/" "Mozilla/5.0 (X11; Ubuntu; Linux x86_64; rv:52.0) Gecko/20100101 Firefox/52.0" "-"
91.222.250.45 - - [03/Apr/2017:21:32:17 +0000] "POST /socket.io/?EIO=3&transport=polling&t=LirkvML&sid=6dce84721924495a8403e3e9665336cb HTTP/1.1" 200 12 "http://46.101.197.108:5000/room/1/user/12/" "Mozilla/5.0 (X11; Linux x86_64) AppleWebKit/537.36 (KHTML, like Gecko) Chrome/56.0.2924.87 Safari/537.36" "-"
91.222.250.45 - - [03/Apr/2017:21:32:17 +0000] "GET /socket.io/?EIO=3&transport=polling&t=Lirkp26&sid=6dce84721924495a8403e3e9665336cb HTTP/1.1" 200 14 "http://46.101.197.108:5000/room/1/user/12/" "Mozilla/5.0 (X11; Linux x86_64) AppleWebKit/537.36 (KHTML, like Gecko) Chrome/56.0.2924.87 Safari/537.36" "-"
85.90.221.62 - - [03/Apr/2017:21:32:39 +0000] "POST /socket.io/?EIO=3&transport=polling&t=Lirk-an&sid=f24300620a6640e08629c320f41d7f29 HTTP/1.1" 200 12 "http://46.101.197.108:5000/room/1/user/11/" "Mozilla/5.0 (X11; Ubuntu; Linux x86_64; rv:52.0) Gecko/20100101 Firefox/52.0" "-"
85.90.221.62 - - [03/Apr/2017:21:32:39 +0000] "GET /socket.io/?EIO=3&transport=polling&t=LirkuU7&sid=f24300620a6640e08629c320f41d7f29 HTTP/1.1" 200 14 "http://46.101.197.108:5000/room/1/user/11/" "Mozilla/5.0 (X11; Ubuntu; Linux x86_64; rv:52.0) Gecko/20100101 Firefox/52.0" "-"
91.222.250.45 - - [03/Apr/2017:21:32:42 +0000] "POST /socket.io/?EIO=3&transport=polling&t=Lirk_Ts&sid=6dce84721924495a8403e3e9665336cb HTTP/1.1" 200 12 "http://46.101.197.108:5000/room/1/user/12/" "Mozilla/5.0 (X11; Linux x86_64) AppleWebKit/537.36 (KHTML, like Gecko) Chrome/56.0.2924.87 Safari/537.36" "-"
91.222.250.45 - - [03/Apr/2017:21:32:42 +0000] "GET /socket.io/?EIO=3&transport=polling&t=LirkvNE&sid=6dce84721924495a8403e3e9665336cb HTTP/1.1" 200 14 "http://46.101.197.108:5000/room/1/user/12/" "Mozilla/5.0 (X11; Linux x86_64) AppleWebKit/537.36 (KHTML, like Gecko) Chrome/56.0.2924.87 Safari/537.36" "-"
85.90.221.62 - - [03/Apr/2017:21:33:04 +0000] "POST /socket.io/?EIO=3&transport=polling&t=Lirl4iG&sid=f24300620a6640e08629c320f41d7f29 HTTP/1.1" 200 12 "http://46.101.197.108:5000/room/1/user/11/" "Mozilla/5.0 (X11; Ubuntu; Linux x86_64; rv:52.0) Gecko/20100101 Firefox/52.0" "-"
85.90.221.62 - - [03/Apr/2017:21:33:04 +0000] "GET /socket.io/?EIO=3&transport=polling&t=Lirk-bc&sid=f24300620a6640e08629c320f41d7f29 HTTP/1.1" 200 14 "http://46.101.197.108:5000/room/1/user/11/" "Mozilla/5.0 (X11; Ubuntu; Linux x86_64; rv:52.0) Gecko/20100101 Firefox/52.0" "-"
91.222.250.45 - - [03/Apr/2017:21:33:08 +0000] "POST /socket.io/?EIO=3&transport=polling&t=Lirl5pD&sid=6dce84721924495a8403e3e9665336cb HTTP/1.1" 200 12 "http://46.101.197.108:5000/room/1/user/12/" "Mozilla/5.0 (X11; Linux x86_64) AppleWebKit/537.36 (KHTML, like Gecko) Chrome/56.0.2924.87 Safari/537.36" "-"
91.222.250.45 - - [03/Apr/2017:21:33:08 +0000] "GET /socket.io/?EIO=3&transport=polling&t=Lirk_Uo&sid=6dce84721924495a8403e3e9665336cb HTTP/1.1" 200 14 "http://46.101.197.108:5000/room/1/user/12/" "Mozilla/5.0 (X11; Linux x86_64) AppleWebKit/537.36 (KHTML, like Gecko) Chrome/56.0.2924.87 Safari/537.36" "-"
85.90.221.62 - - [03/Apr/2017:21:33:29 +0000] "POST /socket.io/?EIO=3&transport=polling&t=LirlApp&sid=f24300620a6640e08629c320f41d7f29 HTTP/1.1" 200 12 "http://46.101.197.108:5000/room/1/user/11/" "Mozilla/5.0 (X11; Ubuntu; Linux x86_64; rv:52.0) Gecko/20100101 Firefox/52.0" "-"
85.90.221.62 - - [03/Apr/2017:21:33:29 +0000] "GET /socket.io/?EIO=3&transport=polling&t=Lirl4jA&sid=f24300620a6640e08629c320f41d7f29 HTTP/1.1" 200 14 "http://46.101.197.108:5000/room/1/user/11/" "Mozilla/5.0 (X11; Ubuntu; Linux x86_64; rv:52.0) Gecko/20100101 Firefox/52.0" "-"
91.222.250.45 - - [03/Apr/2017:21:33:34 +0000] "POST /socket.io/?EIO=3&transport=polling&t=LirlC9T&sid=6dce84721924495a8403e3e9665336cb HTTP/1.1" 200 12 "http://46.101.197.108:5000/room/1/user/12/" "Mozilla/5.0 (X11; Linux x86_64) AppleWebKit/537.36 (KHTML, like Gecko) Chrome/56.0.2924.87 Safari/537.36" "-"
91.222.250.45 - - [03/Apr/2017:21:33:34 +0000] "GET /socket.io/?EIO=3&transport=polling&t=Lirl5p-&sid=6dce84721924495a8403e3e9665336cb HTTP/1.1" 200 14 "http://46.101.197.108:5000/room/1/user/12/" "Mozilla/5.0 (X11; Linux x86_64) AppleWebKit/537.36 (KHTML, like Gecko) Chrome/56.0.2924.87 Safari/537.36" "-"
85.90.221.62 - - [03/Apr/2017:21:33:54 +0000] "POST /socket.io/?EIO=3&transport=polling&t=LirlGxB&sid=f24300620a6640e08629c320f41d7f29 HTTP/1.1" 200 12 "http://46.101.197.108:5000/room/1/user/11/" "Mozilla/5.0 (X11; Ubuntu; Linux x86_64; rv:52.0) Gecko/20100101 Firefox/52.0" "-"
85.90.221.62 - - [03/Apr/2017:21:33:54 +0000] "GET /socket.io/?EIO=3&transport=polling&t=LirlAqZ&sid=f24300620a6640e08629c320f41d7f29 HTTP/1.1" 200 14 "http://46.101.197.108:5000/room/1/user/11/" "Mozilla/5.0 (X11; Ubuntu; Linux x86_64; rv:52.0) Gecko/20100101 Firefox/52.0" "-"
91.222.250.45 - - [03/Apr/2017:21:33:58 +0000] "GET /socket.io/?EIO=3&transport=polling&t=LirlCAJ&sid=6dce84721924495a8403e3e9665336cb HTTP/1.1" 499 0 "http://46.101.197.108:5000/room/1/user/12/" "Mozilla/5.0 (X11; Linux x86_64) AppleWebKit/537.36 (KHTML, like Gecko) Chrome/56.0.2924.87 Safari/537.36" "-"
85.90.221.62 - - [03/Apr/2017:21:34:19 +0000] "POST /socket.io/?EIO=3&transport=polling&t=LirlN2t&sid=f24300620a6640e08629c320f41d7f29 HTTP/1.1" 200 12 "http://46.101.197.108:5000/room/1/user/11/" "Mozilla/5.0 (X11; Ubuntu; Linux x86_64; rv:52.0) Gecko/20100101 Firefox/52.0" "-"
85.90.221.62 - - [03/Apr/2017:21:34:19 +0000] "GET /socket.io/?EIO=3&transport=polling&t=LirlGyD&sid=f24300620a6640e08629c320f41d7f29 HTTP/1.1" 200 14 "http://46.101.197.108:5000/room/1/user/11/" "Mozilla/5.0 (X11; Ubuntu; Linux x86_64; rv:52.0) Gecko/20100101 Firefox/52.0" "-"
85.90.221.62 - - [03/Apr/2017:21:34:44 +0000] "POST /socket.io/?EIO=3&transport=polling&t=LirlTA-&sid=f24300620a6640e08629c320f41d7f29 HTTP/1.1" 200 12 "http://46.101.197.108:5000/room/1/user/11/" "Mozilla/5.0 (X11; Ubuntu; Linux x86_64; rv:52.0) Gecko/20100101 Firefox/52.0" "-"
85.90.221.62 - - [03/Apr/2017:21:34:44 +0000] "GET /socket.io/?EIO=3&transport=polling&t=LirlN3p&sid=f24300620a6640e08629c320f41d7f29 HTTP/1.1" 200 14 "http://46.101.197.108:5000/room/1/user/11/" "Mozilla/5.0 (X11; Ubuntu; Linux x86_64; rv:52.0) Gecko/20100101 Firefox/52.0" "-"
85.90.221.62 - - [03/Apr/2017:21:35:09 +0000] "POST /socket.io/?EIO=3&transport=polling&t=LirlZIQ&sid=f24300620a6640e08629c320f41d7f29 HTTP/1.1" 200 12 "http://46.101.197.108:5000/room/1/user/11/" "Mozilla/5.0 (X11; Ubuntu; Linux x86_64; rv:52.0) Gecko/20100101 Firefox/52.0" "-"
85.90.221.62 - - [03/Apr/2017:21:35:09 +0000] "GET /socket.io/?EIO=3&transport=polling&t=LirlTBm&sid=f24300620a6640e08629c320f41d7f29 HTTP/1.1" 200 14 "http://46.101.197.108:5000/room/1/user/11/" "Mozilla/5.0 (X11; Ubuntu; Linux x86_64; rv:52.0) Gecko/20100101 Firefox/52.0" "-"
85.90.221.62 - - [03/Apr/2017:21:35:34 +0000] "POST /socket.io/?EIO=3&transport=polling&t=LirlfP_&sid=f24300620a6640e08629c320f41d7f29 HTTP/1.1" 200 12 "http://46.101.197.108:5000/room/1/user/11/" "Mozilla/5.0 (X11; Ubuntu; Linux x86_64; rv:52.0) Gecko/20100101 Firefox/52.0" "-"
85.90.221.62 - - [03/Apr/2017:21:35:34 +0000] "GET /socket.io/?EIO=3&transport=polling&t=LirlZJM&sid=f24300620a6640e08629c320f41d7f29 HTTP/1.1" 200 14 "http://46.101.197.108:5000/room/1/user/11/" "Mozilla/5.0 (X11; Ubuntu; Linux x86_64; rv:52.0) Gecko/20100101 Firefox/52.0" "-"
85.90.221.62 - - [03/Apr/2017:21:35:59 +0000] "POST /socket.io/?EIO=3&transport=polling&t=LirllXQ&sid=f24300620a6640e08629c320f41d7f29 HTTP/1.1" 200 12 "http://46.101.197.108:5000/room/1/user/11/" "Mozilla/5.0 (X11; Ubuntu; Linux x86_64; rv:52.0) Gecko/20100101 Firefox/52.0" "-"
85.90.221.62 - - [03/Apr/2017:21:35:59 +0000] "GET /socket.io/?EIO=3&transport=polling&t=LirlfQn&sid=f24300620a6640e08629c320f41d7f29 HTTP/1.1" 200 14 "http://46.101.197.108:5000/room/1/user/11/" "Mozilla/5.0 (X11; Ubuntu; Linux x86_64; rv:52.0) Gecko/20100101 Firefox/52.0" "-"
85.90.221.62 - - [03/Apr/2017:21:36:24 +0000] "POST /socket.io/?EIO=3&transport=polling&t=Lirlreo&sid=f24300620a6640e08629c320f41d7f29 HTTP/1.1" 200 12 "http://46.101.197.108:5000/room/1/user/11/" "Mozilla/5.0 (X11; Ubuntu; Linux x86_64; rv:52.0) Gecko/20100101 Firefox/52.0" "-"
85.90.221.62 - - [03/Apr/2017:21:36:24 +0000] "GET /socket.io/?EIO=3&transport=polling&t=LirllYA&sid=f24300620a6640e08629c320f41d7f29 HTTP/1.1" 200 14 "http://46.101.197.108:5000/room/1/user/11/" "Mozilla/5.0 (X11; Ubuntu; Linux x86_64; rv:52.0) Gecko/20100101 Firefox/52.0" "-"
85.90.221.62 - - [03/Apr/2017:21:36:49 +0000] "POST /socket.io/?EIO=3&transport=polling&t=LirlxnH&sid=f24300620a6640e08629c320f41d7f29 HTTP/1.1" 200 12 "http://46.101.197.108:5000/room/1/user/11/" "Mozilla/5.0 (X11; Ubuntu; Linux x86_64; rv:52.0) Gecko/20100101 Firefox/52.0" "-"
85.90.221.62 - - [03/Apr/2017:21:36:49 +0000] "GET /socket.io/?EIO=3&transport=polling&t=Lirlrgc&sid=f24300620a6640e08629c320f41d7f29 HTTP/1.1" 200 14 "http://46.101.197.108:5000/room/1/user/11/" "Mozilla/5.0 (X11; Ubuntu; Linux x86_64; rv:52.0) Gecko/20100101 Firefox/52.0" "-"
85.90.221.62 - - [03/Apr/2017:21:37:14 +0000] "POST /socket.io/?EIO=3&transport=polling&t=Lirm1vc&sid=f24300620a6640e08629c320f41d7f29 HTTP/1.1" 200 12 "http://46.101.197.108:5000/room/1/user/11/" "Mozilla/5.0 (X11; Ubuntu; Linux x86_64; rv:52.0) Gecko/20100101 Firefox/52.0" "-"
85.90.221.62 - - [03/Apr/2017:21:37:14 +0000] "GET /socket.io/?EIO=3&transport=polling&t=Lirlxoz&sid=f24300620a6640e08629c320f41d7f29 HTTP/1.1" 200 14 "http://46.101.197.108:5000/room/1/user/11/" "Mozilla/5.0 (X11; Ubuntu; Linux x86_64; rv:52.0) Gecko/20100101 Firefox/52.0" "-"
85.90.221.62 - - [03/Apr/2017:21:37:39 +0000] "POST /socket.io/?EIO=3&transport=polling&t=Lirm814&sid=f24300620a6640e08629c320f41d7f29 HTTP/1.1" 200 12 "http://46.101.197.108:5000/room/1/user/11/" "Mozilla/5.0 (X11; Ubuntu; Linux x86_64; rv:52.0) Gecko/20100101 Firefox/52.0" "-"
85.90.221.62 - - [03/Apr/2017:21:37:39 +0000] "GET /socket.io/?EIO=3&transport=polling&t=Lirm1wR&sid=f24300620a6640e08629c320f41d7f29 HTTP/1.1" 200 14 "http://46.101.197.108:5000/room/1/user/11/" "Mozilla/5.0 (X11; Ubuntu; Linux x86_64; rv:52.0) Gecko/20100101 Firefox/52.0" "-"
85.90.221.62 - - [03/Apr/2017:21:38:04 +0000] "POST /socket.io/?EIO=3&transport=polling&t=LirmE8b&sid=f24300620a6640e08629c320f41d7f29 HTTP/1.1" 200 12 "http://46.101.197.108:5000/room/1/user/11/" "Mozilla/5.0 (X11; Ubuntu; Linux x86_64; rv:52.0) Gecko/20100101 Firefox/52.0" "-"
