85.90.221.62 - - [03/Apr/2017:22:57:25 +0000] "GET /static/css/font-awesome.css HTTP/1.1" 304 0 "http://46.101.197.108/project/1/issue/165/edit/" "Mozilla/5.0 (X11; Ubuntu; Linux x86_64; rv:52.0) Gecko/20100101 Firefox/52.0"
85.90.221.62 - - [03/Apr/2017:22:57:25 +0000] "GET /static/css/bootstrap.css HTTP/1.1" 304 0 "http://46.101.197.108/project/1/issue/165/edit/" "Mozilla/5.0 (X11; Ubuntu; Linux x86_64; rv:52.0) Gecko/20100101 Firefox/52.0"
85.90.221.62 - - [03/Apr/2017:22:57:25 +0000] "GET /static/css/ace-fonts.css HTTP/1.1" 304 0 "http://46.101.197.108/project/1/issue/165/edit/" "Mozilla/5.0 (X11; Ubuntu; Linux x86_64; rv:52.0) Gecko/20100101 Firefox/52.0"
85.90.221.62 - - [03/Apr/2017:22:57:25 +0000] "GET /static/css/ace.css HTTP/1.1" 304 0 "http://46.101.197.108/project/1/issue/165/edit/" "Mozilla/5.0 (X11; Ubuntu; Linux x86_64; rv:52.0) Gecko/20100101 Firefox/52.0"
85.90.221.62 - - [03/Apr/2017:22:57:25 +0000] "GET /static/css/table.css HTTP/1.1" 304 0 "http://46.101.197.108/project/1/issue/165/edit/" "Mozilla/5.0 (X11; Ubuntu; Linux x86_64; rv:52.0) Gecko/20100101 Firefox/52.0"
85.90.221.62 - - [03/Apr/2017:22:57:25 +0000] "GET /static/css/style.css HTTP/1.1" 304 0 "http://46.101.197.108/project/1/issue/165/edit/" "Mozilla/5.0 (X11; Ubuntu; Linux x86_64; rv:52.0) Gecko/20100101 Firefox/52.0"
85.90.221.62 - - [03/Apr/2017:22:57:25 +0000] "GET /static/css/8bit.css HTTP/1.1" 304 0 "http://46.101.197.108/project/1/issue/165/edit/" "Mozilla/5.0 (X11; Ubuntu; Linux x86_64; rv:52.0) Gecko/20100101 Firefox/52.0"
85.90.221.62 - - [03/Apr/2017:22:57:25 +0000] "GET /static/js/jquery.js HTTP/1.1" 304 0 "http://46.101.197.108/project/1/issue/165/edit/" "Mozilla/5.0 (X11; Ubuntu; Linux x86_64; rv:52.0) Gecko/20100101 Firefox/52.0"
85.90.221.62 - - [03/Apr/2017:22:57:25 +0000] "GET /static/js/bootstrap.js HTTP/1.1" 304 0 "http://46.101.197.108/project/1/issue/165/edit/" "Mozilla/5.0 (X11; Ubuntu; Linux x86_64; rv:52.0) Gecko/20100101 Firefox/52.0"
85.90.221.62 - - [03/Apr/2017:22:57:25 +0000] "GET /static/js/ace/ace.js HTTP/1.1" 304 0 "http://46.101.197.108/project/1/issue/165/edit/" "Mozilla/5.0 (X11; Ubuntu; Linux x86_64; rv:52.0) Gecko/20100101 Firefox/52.0"
85.90.221.62 - - [03/Apr/2017:22:57:25 +0000] "GET /static/js/ace/ace.sidebar.js HTTP/1.1" 304 0 "http://46.101.197.108/project/1/issue/165/edit/" "Mozilla/5.0 (X11; Ubuntu; Linux x86_64; rv:52.0) Gecko/20100101 Firefox/52.0"
85.90.221.62 - - [03/Apr/2017:22:57:25 +0000] "GET /static/js/8bit.js HTTP/1.1" 304 0 "http://46.101.197.108/project/1/issue/165/edit/" "Mozilla/5.0 (X11; Ubuntu; Linux x86_64; rv:52.0) Gecko/20100101 Firefox/52.0"
91.222.250.45 - - [03/Apr/2017:22:57:27 +0000] "GET /project/1/ HTTP/1.1" 200 8948 "http://46.101.197.108/project/" "Mozilla/5.0 (X11; Linux x86_64) AppleWebKit/537.36 (KHTML, like Gecko) Chrome/56.0.2924.87 Safari/537.36"
91.222.250.45 - - [03/Apr/2017:22:57:27 +0000] "GET /static/css/table.css HTTP/1.1" 304 0 "http://46.101.197.108/project/1/" "Mozilla/5.0 (X11; Linux x86_64) AppleWebKit/537.36 (KHTML, like Gecko) Chrome/56.0.2924.87 Safari/537.36"
91.222.250.45 - - [03/Apr/2017:22:57:27 +0000] "GET /static/js/bootstrap.js HTTP/1.1" 304 0 "http://46.101.197.108/project/1/" "Mozilla/5.0 (X11; Linux x86_64) AppleWebKit/537.36 (KHTML, like Gecko) Chrome/56.0.2924.87 Safari/537.36"
91.222.250.45 - - [03/Apr/2017:22:57:27 +0000] "GET /static/js/ace/ace.js HTTP/1.1" 304 0 "http://46.101.197.108/project/1/" "Mozilla/5.0 (X11; Linux x86_64) AppleWebKit/537.36 (KHTML, like Gecko) Chrome/56.0.2924.87 Safari/537.36"
91.222.250.45 - - [03/Apr/2017:22:57:27 +0000] "GET /static/js/ace/ace.sidebar.js HTTP/1.1" 304 0 "http://46.101.197.108/project/1/" "Mozilla/5.0 (X11; Linux x86_64) AppleWebKit/537.36 (KHTML, like Gecko) Chrome/56.0.2924.87 Safari/537.36"
91.222.250.45 - - [03/Apr/2017:22:57:27 +0000] "GET /static/js/8bit.js HTTP/1.1" 304 0 "http://46.101.197.108/project/1/" "Mozilla/5.0 (X11; Linux x86_64) AppleWebKit/537.36 (KHTML, like Gecko) Chrome/56.0.2924.87 Safari/537.36"
172.19.0.1 - - [03/Apr/2017:22:57:29 +0000] "POST /create_room/ HTTP/1.1" 302 207 "-" "python-requests/2.13.0" "-"
91.222.250.45 - - [03/Apr/2017:22:57:44 +0000] "GET /project/estimate/1/ HTTP/1.1" 499 0 "http://46.101.197.108/project/1/" "Mozilla/5.0 (X11; Linux x86_64) AppleWebKit/537.36 (KHTML, like Gecko) Chrome/56.0.2924.87 Safari/537.36"
91.222.250.45 - - [03/Apr/2017:22:57:44 +0000] "GET / HTTP/1.1" 404 233 "-" "Mozilla/5.0 (X11; Linux x86_64) AppleWebKit/537.36 (KHTML, like Gecko) Chrome/56.0.2924.87 Safari/537.36" "-"
91.222.250.45 - - [03/Apr/2017:22:57:44 +0000] "GET /favicon.ico HTTP/1.1" 404 233 "http://46.101.197.108:5000/" "Mozilla/5.0 (X11; Linux x86_64) AppleWebKit/537.36 (KHTML, like Gecko) Chrome/56.0.2924.87 Safari/537.36" "-"
91.222.250.45 - - [03/Apr/2017:22:57:47 +0000] "GET / HTTP/1.1" 404 233 "-" "Mozilla/5.0 (X11; Linux x86_64) AppleWebKit/537.36 (KHTML, like Gecko) Chrome/56.0.2924.87 Safari/537.36" "-"
172.19.0.1 - - [03/Apr/2017:22:57:59 +0000] "GET /None HTTP/1.1" 499 0 "-" "python-requests/2.13.0"
91.222.250.45 - - [03/Apr/2017:22:57:59 +0000] "GET /room/1 HTTP/1.1" 404 233 "-" "Mozilla/5.0 (X11; Linux x86_64) AppleWebKit/537.36 (KHTML, like Gecko) Chrome/56.0.2924.87 Safari/537.36" "-"
85.90.221.62 - - [03/Apr/2017:22:58:00 +0000] "POST /project/1/issue/165/edit/ HTTP/1.1" 302 5 "http://46.101.197.108/project/1/issue/165/edit/" "Mozilla/5.0 (X11; Ubuntu; Linux x86_64; rv:52.0) Gecko/20100101 Firefox/52.0"
85.90.221.62 - - [03/Apr/2017:22:58:00 +0000] "GET /project/1/issue/165/ HTTP/1.1" 200 14883 "http://46.101.197.108/project/1/issue/165/edit/" "Mozilla/5.0 (X11; Ubuntu; Linux x86_64; rv:52.0) Gecko/20100101 Firefox/52.0"
91.222.250.45 - - [03/Apr/2017:22:58:02 +0000] "GET /room/1 HTTP/1.1" 404 233 "-" "Mozilla/5.0 (X11; Linux x86_64) AppleWebKit/537.36 (KHTML, like Gecko) Chrome/56.0.2924.87 Safari/537.36" "-"
91.222.250.45 - - [03/Apr/2017:22:58:10 +0000] "GET /room/1/user/1/ HTTP/1.1" 200 9370 "-" "Mozilla/5.0 (X11; Linux x86_64) AppleWebKit/537.36 (KHTML, like Gecko) Chrome/56.0.2924.87 Safari/537.36"
91.222.250.45 - - [03/Apr/2017:22:58:10 +0000] "GET /static/css/bootstrap.css HTTP/1.1" 304 0 "http://46.101.197.108/room/1/user/1/" "Mozilla/5.0 (X11; Linux x86_64) AppleWebKit/537.36 (KHTML, like Gecko) Chrome/56.0.2924.87 Safari/537.36"
91.222.250.45 - - [03/Apr/2017:22:58:10 +0000] "GET /static/css/font-awesome.css HTTP/1.1" 304 0 "http://46.101.197.108/room/1/user/1/" "Mozilla/5.0 (X11; Linux x86_64) AppleWebKit/537.36 (KHTML, like Gecko) Chrome/56.0.2924.87 Safari/537.36"
91.222.250.45 - - [03/Apr/2017:22:58:10 +0000] "GET /static/css/ace-fonts.css HTTP/1.1" 304 0 "http://46.101.197.108/room/1/user/1/" "Mozilla/5.0 (X11; Linux x86_64) AppleWebKit/537.36 (KHTML, like Gecko) Chrome/56.0.2924.87 Safari/537.36"
91.222.250.45 - - [03/Apr/2017:22:58:10 +0000] "GET /static/css/style.css HTTP/1.1" 304 0 "http://46.101.197.108/room/1/user/1/" "Mozilla/5.0 (X11; Linux x86_64) AppleWebKit/537.36 (KHTML, like Gecko) Chrome/56.0.2924.87 Safari/537.36"
91.222.250.45 - - [03/Apr/2017:22:58:10 +0000] "GET /static/css/ace.css HTTP/1.1" 304 0 "http://46.101.197.108/room/1/user/1/" "Mozilla/5.0 (X11; Linux x86_64) AppleWebKit/537.36 (KHTML, like Gecko) Chrome/56.0.2924.87 Safari/537.36"
91.222.250.45 - - [03/Apr/2017:22:58:10 +0000] "GET /static/js/jquery.js HTTP/1.1" 304 0 "http://46.101.197.108/room/1/user/1/" "Mozilla/5.0 (X11; Linux x86_64) AppleWebKit/537.36 (KHTML, like Gecko) Chrome/56.0.2924.87 Safari/537.36"
91.222.250.45 - - [03/Apr/2017:22:58:10 +0000] "GET /static/fonts/glyphicons-halflings-regular.woff2 HTTP/1.1" 304 0 "http://46.101.197.108/static/css/bootstrap.css" "Mozilla/5.0 (X11; Linux x86_64) AppleWebKit/537.36 (KHTML, like Gecko) Chrome/56.0.2924.87 Safari/537.36"
91.222.250.45 - - [03/Apr/2017:22:58:22 +0000] "GET /project/1/ HTTP/1.1" 200 8948 "http://46.101.197.108/project/1/" "Mozilla/5.0 (X11; Linux x86_64) AppleWebKit/537.36 (KHTML, like Gecko) Chrome/56.0.2924.87 Safari/537.36"
91.222.250.45 - - [03/Apr/2017:22:58:25 +0000] "GET /project/poker_room/1/ HTTP/1.1" 302 5 "http://46.101.197.108/project/1/" "Mozilla/5.0 (X11; Linux x86_64) AppleWebKit/537.36 (KHTML, like Gecko) Chrome/56.0.2924.87 Safari/537.36"
91.222.250.45 - - [03/Apr/2017:22:58:26 +0000] "GET /room/1/user/1/ HTTP/1.1" 200 9370 "http://46.101.197.108/project/1/" "Mozilla/5.0 (X11; Linux x86_64) AppleWebKit/537.36 (KHTML, like Gecko) Chrome/56.0.2924.87 Safari/537.36"
91.222.250.45 - - [03/Apr/2017:22:58:26 +0000] "GET /static/img/404.gif HTTP/1.1" 304 0 "http://46.101.197.108/room/1/user/1/" "Mozilla/5.0 (X11; Linux x86_64) AppleWebKit/537.36 (KHTML, like Gecko) Chrome/56.0.2924.87 Safari/537.36"
172.19.0.1 - - [03/Apr/2017:22:58:29 +0000] "POST /create_room/ HTTP/1.1" 302 207 "-" "python-requests/2.13.0" "-"
91.222.250.45 - - [03/Apr/2017:22:58:34 +0000] "GET /project/estimate/1/ HTTP/1.1" 499 0 "http://46.101.197.108/project/1/" "Mozilla/5.0 (X11; Linux x86_64) AppleWebKit/537.36 (KHTML, like Gecko) Chrome/56.0.2924.87 Safari/537.36"
91.222.250.45 - - [03/Apr/2017:22:58:39 +0000] "GET /project/1/backlog/ HTTP/1.1" 499 0 "http://46.101.197.108/project/1/" "Mozilla/5.0 (X11; Linux x86_64) AppleWebKit/537.36 (KHTML, like Gecko) Chrome/56.0.2924.87 Safari/537.36"
91.222.250.45 - - [03/Apr/2017:22:58:48 +0000] "GET /project/1/backlog/ HTTP/1.1" 499 0 "http://46.101.197.108/project/1/" "Mozilla/5.0 (X11; Linux x86_64) AppleWebKit/537.36 (KHTML, like Gecko) Chrome/56.0.2924.87 Safari/537.36"
172.19.0.1 - - [03/Apr/2017:22:59:00 +0000] "GET /None HTTP/1.1" 499 0 "-" "python-requests/2.13.0"
91.222.250.45 - - [03/Apr/2017:22:59:01 +0000] "GET /room/1/user/1/ HTTP/1.1" 200 9370 "-" "Mozilla/5.0 (Linux; Android 6.0.1; Nexus 5 Build/M4B30Z) AppleWebKit/537.36 (KHTML, like Gecko) Chrome/56.0.2924.87 Mobile Safari/537.36"
91.222.250.45 - - [03/Apr/2017:22:59:02 +0000] "GET /static/fonts/fontawesome-webfont.woff2?v=4.5.0 HTTP/1.1" 304 0 "http://46.101.197.108/static/css/font-awesome.css" "Mozilla/5.0 (Linux; Android 6.0.1; Nexus 5 Build/M4B30Z) AppleWebKit/537.36 (KHTML, like Gecko) Chrome/56.0.2924.87 Mobile Safari/537.36"
91.222.250.45 - - [03/Apr/2017:22:59:03 +0000] "GET /static/fonts/OpenSans-400.woff HTTP/1.1" 304 0 "http://46.101.197.108/static/css/ace-fonts.css" "Mozilla/5.0 (Linux; Android 6.0.1; Nexus 5 Build/M4B30Z) AppleWebKit/537.36 (KHTML, like Gecko) Chrome/56.0.2924.87 Mobile Safari/537.36"
91.222.250.45 - - [03/Apr/2017:22:59:35 +0000] "GET / HTTP/1.1" 200 24137 "-" "Mozilla/5.0 (Linux; Android 6.0.1; Nexus 5 Build/M4B30Z) AppleWebKit/537.36 (KHTML, like Gecko) Chrome/56.0.2924.87 Mobile Safari/537.36"
91.222.250.45 - - [03/Apr/2017:22:59:36 +0000] "GET /static/fonts/OpenSans-300.woff HTTP/1.1" 304 0 "http://46.101.197.108/static/css/ace-fonts.css" "Mozilla/5.0 (Linux; Android 6.0.1; Nexus 5 Build/M4B30Z) AppleWebKit/537.36 (KHTML, like Gecko) Chrome/56.0.2924.87 Mobile Safari/537.36"
91.222.250.45 - - [03/Apr/2017:22:59:36 +0000] "GET /static/img/favicon.ico HTTP/1.1" 304 0 "http://46.101.197.108/" "Mozilla/5.0 (Linux; Android 6.0.1; Nexus 5 Build/M4B30Z) AppleWebKit/537.36 (KHTML, like Gecko) Chrome/56.0.2924.87 Mobile Safari/537.36"
91.222.250.45 - - [03/Apr/2017:22:59:41 +0000] "GET / HTTP/1.1" 200 24137 "-" "Mozilla/5.0 (X11; Linux x86_64) AppleWebKit/537.36 (KHTML, like Gecko) Chrome/56.0.2924.87 Safari/537.36"
91.222.250.45 - - [03/Apr/2017:22:59:42 +0000] "GET /static/css/bootstrap.css HTTP/1.1" 304 0 "http://46.101.197.108/" "Mozilla/5.0 (X11; Linux x86_64) AppleWebKit/537.36 (KHTML, like Gecko) Chrome/56.0.2924.87 Safari/537.36"
91.222.250.45 - - [03/Apr/2017:22:59:42 +0000] "GET /static/css/font-awesome.css HTTP/1.1" 304 0 "http://46.101.197.108/" "Mozilla/5.0 (X11; Linux x86_64) AppleWebKit/537.36 (KHTML, like Gecko) Chrome/56.0.2924.87 Safari/537.36"
91.222.250.45 - - [03/Apr/2017:22:59:42 +0000] "GET /static/css/ace-fonts.css HTTP/1.1" 304 0 "http://46.101.197.108/" "Mozilla/5.0 (X11; Linux x86_64) AppleWebKit/537.36 (KHTML, like Gecko) Chrome/56.0.2924.87 Safari/537.36"
91.222.250.45 - - [03/Apr/2017:22:59:42 +0000] "GET /static/css/ace.css HTTP/1.1" 304 0 "http://46.101.197.108/" "Mozilla/5.0 (X11; Linux x86_64) AppleWebKit/537.36 (KHTML, like Gecko) Chrome/56.0.2924.87 Safari/537.36"
91.222.250.45 - - [03/Apr/2017:22:59:42 +0000] "GET /static/css/table.css HTTP/1.1" 304 0 "http://46.101.197.108/" "Mozilla/5.0 (X11; Linux x86_64) AppleWebKit/537.36 (KHTML, like Gecko) Chrome/56.0.2924.87 Safari/537.36"
91.222.250.45 - - [03/Apr/2017:22:59:44 +0000] "GET /static/css/style.css HTTP/1.1" 304 0 "http://46.101.197.108/" "Mozilla/5.0 (X11; Linux x86_64) AppleWebKit/537.36 (KHTML, like Gecko) Chrome/56.0.2924.87 Safari/537.36"
91.222.250.45 - - [03/Apr/2017:22:59:44 +0000] "GET /static/css/8bit.css HTTP/1.1" 304 0 "http://46.101.197.108/" "Mozilla/5.0 (X11; Linux x86_64) AppleWebKit/537.36 (KHTML, like Gecko) Chrome/56.0.2924.87 Safari/537.36"
91.222.250.45 - - [03/Apr/2017:22:59:44 +0000] "GET /static/fonts/fontawesome-webfont.woff2?v=4.5.0 HTTP/1.1" 304 0 "http://46.101.197.108/static/css/font-awesome.css" "Mozilla/5.0 (X11; Linux x86_64) AppleWebKit/537.36 (KHTML, like Gecko) Chrome/56.0.2924.87 Safari/537.36"
91.222.250.45 - - [03/Apr/2017:22:59:44 +0000] "GET /static/fonts/OpenSans-400.woff HTTP/1.1" 304 0 "http://46.101.197.108/static/css/ace-fonts.css" "Mozilla/5.0 (X11; Linux x86_64) AppleWebKit/537.36 (KHTML, like Gecko) Chrome/56.0.2924.87 Safari/537.36"
91.222.250.45 - - [03/Apr/2017:22:59:44 +0000] "GET /static/fonts/glyphicons-halflings-regular.woff2 HTTP/1.1" 304 0 "http://46.101.197.108/static/css/bootstrap.css" "Mozilla/5.0 (X11; Linux x86_64) AppleWebKit/537.36 (KHTML, like Gecko) Chrome/56.0.2924.87 Safari/537.36"
91.222.250.45 - - [03/Apr/2017:22:59:44 +0000] "GET /static/fonts/OpenSans-300.woff HTTP/1.1" 304 0 "http://46.101.197.108/static/css/ace-fonts.css" "Mozilla/5.0 (X11; Linux x86_64) AppleWebKit/537.36 (KHTML, like Gecko) Chrome/56.0.2924.87 Safari/537.36"
91.222.250.45 - - [03/Apr/2017:22:59:44 +0000] "GET /static/js/bootstrap.js HTTP/1.1" 304 0 "http://46.101.197.108/" "Mozilla/5.0 (X11; Linux x86_64) AppleWebKit/537.36 (KHTML, like Gecko) Chrome/56.0.2924.87 Safari/537.36"
91.222.250.45 - - [03/Apr/2017:22:59:44 +0000] "GET /static/js/jquery.js HTTP/1.1" 304 0 "http://46.101.197.108/" "Mozilla/5.0 (X11; Linux x86_64) AppleWebKit/537.36 (KHTML, like Gecko) Chrome/56.0.2924.87 Safari/537.36"
91.222.250.45 - - [03/Apr/2017:22:59:44 +0000] "GET /static/js/ace/ace.js HTTP/1.1" 304 0 "http://46.101.197.108/" "Mozilla/5.0 (X11; Linux x86_64) AppleWebKit/537.36 (KHTML, like Gecko) Chrome/56.0.2924.87 Safari/537.36"
91.222.250.45 - - [03/Apr/2017:22:59:44 +0000] "GET /static/js/ace/ace.sidebar.js HTTP/1.1" 304 0 "http://46.101.197.108/" "Mozilla/5.0 (X11; Linux x86_64) AppleWebKit/537.36 (KHTML, like Gecko) Chrome/56.0.2924.87 Safari/537.36"
91.222.250.45 - - [03/Apr/2017:22:59:44 +0000] "GET /static/js/8bit.js HTTP/1.1" 304 0 "http://46.101.197.108/" "Mozilla/5.0 (X11; Linux x86_64) AppleWebKit/537.36 (KHTML, like Gecko) Chrome/56.0.2924.87 Safari/537.36"
91.222.250.45 - - [03/Apr/2017:22:59:44 +0000] "GET /static/img/favicon.ico HTTP/1.1" 200 0 "http://46.101.197.108/" "Mozilla/5.0 (X11; Linux x86_64) AppleWebKit/537.36 (KHTML, like Gecko) Chrome/56.0.2924.87 Safari/537.36"
91.222.250.45 - - [03/Apr/2017:22:59:45 +0000] "GET / HTTP/1.1" 200 24137 "-" "Mozilla/5.0 (X11; Linux x86_64) AppleWebKit/537.36 (KHTML, like Gecko) Chrome/56.0.2924.87 Safari/537.36"
91.222.250.45 - - [03/Apr/2017:22:59:57 +0000] "GET /project/ HTTP/1.1" 200 11178 "-" "Mozilla/5.0 (X11; Linux x86_64) AppleWebKit/537.36 (KHTML, like Gecko) Chrome/56.0.2924.87 Safari/537.36"
91.222.250.45 - - [03/Apr/2017:22:59:59 +0000] "GET /project/1/ HTTP/1.1" 200 8948 "http://46.101.197.108/project/" "Mozilla/5.0 (X11; Linux x86_64) AppleWebKit/537.36 (KHTML, like Gecko) Chrome/56.0.2924.87 Safari/537.36"
172.19.0.1 - - [03/Apr/2017:23:00:02 +0000] "POST /create_room/ HTTP/1.1" 302 207 "-" "python-requests/2.13.0" "-"
172.19.0.1 - - [03/Apr/2017:23:00:32 +0000] "GET /None HTTP/1.1" 499 0 "-" "python-requests/2.13.0"
91.222.250.45 - - [03/Apr/2017:23:00:32 +0000] "GET /project/estimate/1/ HTTP/1.1" 502 576 "http://46.101.197.108/project/1/" "Mozilla/5.0 (X11; Linux x86_64) AppleWebKit/537.36 (KHTML, like Gecko) Chrome/56.0.2924.87 Safari/537.36"
91.222.250.45 - - [03/Apr/2017:23:00:34 +0000] "GET /favicon.ico HTTP/1.1" 200 9370 "http://46.101.197.108/project/estimate/1/" "Mozilla/5.0 (X11; Linux x86_64) AppleWebKit/537.36 (KHTML, like Gecko) Chrome/56.0.2924.87 Safari/537.36"
172.19.0.1 - - [03/Apr/2017:23:00:38 +0000] "POST /create_room/ HTTP/1.1" 302 207 "-" "python-requests/2.13.0" "-"
172.19.0.1 - - [03/Apr/2017:23:01:09 +0000] "GET /None HTTP/1.1" 499 0 "-" "python-requests/2.13.0"
91.222.250.45 - - [03/Apr/2017:23:01:09 +0000] "GET /project/estimate/1/ HTTP/1.1" 502 576 "http://46.101.197.108/project/1/" "Mozilla/5.0 (X11; Linux x86_64) AppleWebKit/537.36 (KHTML, like Gecko) Chrome/56.0.2924.87 Safari/537.36"
91.222.250.45 - - [03/Apr/2017:23:01:10 +0000] "GET /favicon.ico HTTP/1.1" 200 9370 "http://46.101.197.108/project/estimate/1/" "Mozilla/5.0 (X11; Linux x86_64) AppleWebKit/537.36 (KHTML, like Gecko) Chrome/56.0.2924.87 Safari/537.36"
85.90.221.62 - - [03/Apr/2017:23:01:27 +0000] "GET /project/1/ HTTP/1.1" 200 8668 "http://46.101.197.108/project/1/issue/165/" "Mozilla/5.0 (X11; Ubuntu; Linux x86_64; rv:52.0) Gecko/20100101 Firefox/52.0"
85.90.221.62 - - [03/Apr/2017:23:01:27 +0000] "GET /static/css/ace.css HTTP/1.1" 304 0 "http://46.101.197.108/project/1/" "Mozilla/5.0 (X11; Ubuntu; Linux x86_64; rv:52.0) Gecko/20100101 Firefox/52.0"
85.90.221.62 - - [03/Apr/2017:23:01:27 +0000] "GET /static/js/ace/ace.js HTTP/1.1" 304 0 "http://46.101.197.108/project/1/" "Mozilla/5.0 (X11; Ubuntu; Linux x86_64; rv:52.0) Gecko/20100101 Firefox/52.0"
85.90.221.62 - - [03/Apr/2017:23:01:27 +0000] "GET /static/css/bootstrap.css HTTP/1.1" 304 0 "http://46.101.197.108/project/1/" "Mozilla/5.0 (X11; Ubuntu; Linux x86_64; rv:52.0) Gecko/20100101 Firefox/52.0"
85.90.221.62 - - [03/Apr/2017:23:01:27 +0000] "GET /static/css/font-awesome.css HTTP/1.1" 304 0 "http://46.101.197.108/project/1/" "Mozilla/5.0 (X11; Ubuntu; Linux x86_64; rv:52.0) Gecko/20100101 Firefox/52.0"
85.90.221.62 - - [03/Apr/2017:23:01:27 +0000] "GET /static/css/ace-fonts.css HTTP/1.1" 304 0 "http://46.101.197.108/project/1/" "Mozilla/5.0 (X11; Ubuntu; Linux x86_64; rv:52.0) Gecko/20100101 Firefox/52.0"
85.90.221.62 - - [03/Apr/2017:23:01:27 +0000] "GET /static/css/table.css HTTP/1.1" 304 0 "http://46.101.197.108/project/1/" "Mozilla/5.0 (X11; Ubuntu; Linux x86_64; rv:52.0) Gecko/20100101 Firefox/52.0"
85.90.221.62 - - [03/Apr/2017:23:01:27 +0000] "GET /static/css/style.css HTTP/1.1" 304 0 "http://46.101.197.108/project/1/" "Mozilla/5.0 (X11; Ubuntu; Linux x86_64; rv:52.0) Gecko/20100101 Firefox/52.0"
85.90.221.62 - - [03/Apr/2017:23:01:27 +0000] "GET /static/css/8bit.css HTTP/1.1" 304 0 "http://46.101.197.108/project/1/" "Mozilla/5.0 (X11; Ubuntu; Linux x86_64; rv:52.0) Gecko/20100101 Firefox/52.0"
85.90.221.62 - - [03/Apr/2017:23:01:27 +0000] "GET /static/js/jquery.js HTTP/1.1" 304 0 "http://46.101.197.108/project/1/" "Mozilla/5.0 (X11; Ubuntu; Linux x86_64; rv:52.0) Gecko/20100101 Firefox/52.0"
85.90.221.62 - - [03/Apr/2017:23:01:27 +0000] "GET /static/js/bootstrap.js HTTP/1.1" 304 0 "http://46.101.197.108/project/1/" "Mozilla/5.0 (X11; Ubuntu; Linux x86_64; rv:52.0) Gecko/20100101 Firefox/52.0"
85.90.221.62 - - [03/Apr/2017:23:01:27 +0000] "GET /static/js/ace/ace.sidebar.js HTTP/1.1" 304 0 "http://46.101.197.108/project/1/" "Mozilla/5.0 (X11; Ubuntu; Linux x86_64; rv:52.0) Gecko/20100101 Firefox/52.0"
85.90.221.62 - - [03/Apr/2017:23:01:27 +0000] "GET /static/js/8bit.js HTTP/1.1" 304 0 "http://46.101.197.108/project/1/" "Mozilla/5.0 (X11; Ubuntu; Linux x86_64; rv:52.0) Gecko/20100101 Firefox/52.0"
85.90.221.62 - - [03/Apr/2017:23:01:29 +0000] "GET /project/1/sprint/active/ HTTP/1.1" 200 12431 "http://46.101.197.108/project/1/" "Mozilla/5.0 (X11; Ubuntu; Linux x86_64; rv:52.0) Gecko/20100101 Firefox/52.0"
85.90.221.62 - - [03/Apr/2017:23:01:29 +0000] "GET /static/css/push-issue.css HTTP/1.1" 304 0 "http://46.101.197.108/project/1/sprint/active/" "Mozilla/5.0 (X11; Ubuntu; Linux x86_64; rv:52.0) Gecko/20100101 Firefox/52.0"
85.90.221.62 - - [03/Apr/2017:23:01:29 +0000] "GET /static/js/ajax_csrf.js HTTP/1.1" 304 0 "http://46.101.197.108/project/1/sprint/active/" "Mozilla/5.0 (X11; Ubuntu; Linux x86_64; rv:52.0) Gecko/20100101 Firefox/52.0"
85.90.221.62 - - [03/Apr/2017:23:01:29 +0000] "GET /static/project/js/push_issue_in_active_sprint.js HTTP/1.1" 304 0 "http://46.101.197.108/project/1/sprint/active/" "Mozilla/5.0 (X11; Ubuntu; Linux x86_64; rv:52.0) Gecko/20100101 Firefox/52.0"
85.90.221.62 - - [03/Apr/2017:23:01:32 +0000] "GET /project/2/ HTTP/1.1" 200 9352 "http://46.101.197.108/project/1/sprint/active/" "Mozilla/5.0 (X11; Ubuntu; Linux x86_64; rv:52.0) Gecko/20100101 Firefox/52.0"
85.90.221.62 - - [03/Apr/2017:23:01:33 +0000] "GET /project/1/ HTTP/1.1" 200 8668 "http://46.101.197.108/project/2/" "Mozilla/5.0 (X11; Ubuntu; Linux x86_64; rv:52.0) Gecko/20100101 Firefox/52.0"
85.90.221.62 - - [03/Apr/2017:23:01:35 +0000] "GET /project/1/sprint/active/ HTTP/1.1" 200 12431 "http://46.101.197.108/project/1/" "Mozilla/5.0 (X11; Ubuntu; Linux x86_64; rv:52.0) Gecko/20100101 Firefox/52.0"
85.90.221.62 - - [03/Apr/2017:23:01:37 +0000] "GET /project/1/backlog/ HTTP/1.1" 200 17255 "http://46.101.197.108/project/1/sprint/active/" "Mozilla/5.0 (X11; Ubuntu; Linux x86_64; rv:52.0) Gecko/20100101 Firefox/52.0"
85.90.221.62 - - [03/Apr/2017:23:05:48 +0000] "GET /project/1/ HTTP/1.1" 200 8668 "http://46.101.197.108/project/1/issue/165/" "Mozilla/5.0 (X11; Ubuntu; Linux x86_64; rv:52.0) Gecko/20100101 Firefox/52.0"
85.90.221.62 - - [03/Apr/2017:23:05:49 +0000] "GET /project/1/issue/165/edit/ HTTP/1.1" 200 13030 "http://46.101.197.108/project/1/issue/165/" "Mozilla/5.0 (X11; Ubuntu; Linux x86_64; rv:52.0) Gecko/20100101 Firefox/52.0"
85.90.221.62 - - [03/Apr/2017:23:05:50 +0000] "GET /project/1/issue/create/ HTTP/1.1" 200 12883 "http://46.101.197.108/project/1/backlog/" "Mozilla/5.0 (X11; Ubuntu; Linux x86_64; rv:52.0) Gecko/20100101 Firefox/52.0"
85.90.221.62 - - [03/Apr/2017:23:05:51 +0000] "GET /project/1/ HTTP/1.1" 200 8668 "http://46.101.197.108/project/1/" "Mozilla/5.0 (X11; Ubuntu; Linux x86_64; rv:52.0) Gecko/20100101 Firefox/52.0"
85.90.221.62 - - [03/Apr/2017:23:05:51 +0000] "GET /:5000/project/2/user/10/ HTTP/1.1" 200 9190 "-" "Mozilla/5.0 (X11; Ubuntu; Linux x86_64; rv:52.0) Gecko/20100101 Firefox/52.0"
85.90.221.62 - - [03/Apr/2017:23:05:51 +0000] "GET /:5000/project/2/user/1/ HTTP/1.1" 200 9190 "-" "Mozilla/5.0 (X11; Ubuntu; Linux x86_64; rv:52.0) Gecko/20100101 Firefox/52.0"
85.90.221.62 - - [03/Apr/2017:23:05:52 +0000] "GET /:5000/project/2/user/1 HTTP/1.1" 200 9190 "-" "Mozilla/5.0 (X11; Ubuntu; Linux x86_64; rv:52.0) Gecko/20100101 Firefox/52.0"
85.90.221.62 - - [03/Apr/2017:23:05:52 +0000] "GET /:5000/project/2/user HTTP/1.1" 200 9190 "-" "Mozilla/5.0 (X11; Ubuntu; Linux x86_64; rv:52.0) Gecko/20100101 Firefox/52.0"
85.90.221.62 - - [03/Apr/2017:23:05:53 +0000] "GET /:5000/project/2/ HTTP/1.1" 200 9190 "-" "Mozilla/5.0 (X11; Ubuntu; Linux x86_64; rv:52.0) Gecko/20100101 Firefox/52.0"
85.90.221.62 - - [03/Apr/2017:23:05:53 +0000] "GET /room/2/user/10/ HTTP/1.1" 200 9190 "http://46.101.197.108/project/2/" "Mozilla/5.0 (X11; Ubuntu; Linux x86_64; rv:52.0) Gecko/20100101 Firefox/52.0"
85.90.221.62 - - [03/Apr/2017:23:05:54 +0000] "GET /project/1/ HTTP/1.1" 200 8668 "http://46.101.197.108/" "Mozilla/5.0 (X11; Ubuntu; Linux x86_64; rv:52.0) Gecko/20100101 Firefox/52.0"
91.222.250.45 - - [03/Apr/2017:23:05:54 +0000] "GET /static/img/favicon.ico HTTP/1.1" 304 0 "http://46.101.197.108/project/1/" "Mozilla/5.0 (X11; Linux x86_64) AppleWebKit/537.36 (KHTML, like Gecko) Chrome/56.0.2924.87 Safari/537.36"
85.90.221.62 - - [03/Apr/2017:23:05:55 +0000] "GET / HTTP/1.1" 200 31288 "-" "Mozilla/5.0 (X11; Ubuntu; Linux x86_64; rv:52.0) Gecko/20100101 Firefox/52.0"
85.90.221.62 - - [03/Apr/2017:23:05:59 +0000] "GET /project/1/10 HTTP/1.1" 200 7461 "-" "Mozilla/5.0 (X11; Ubuntu; Linux x86_64; rv:52.0) Gecko/20100101 Firefox/52.0"
85.90.221.62 - - [03/Apr/2017:23:05:59 +0000] "GET /static/css/bootstrap.css HTTP/1.1" 304 0 "http://46.101.197.108/project/1/10" "Mozilla/5.0 (X11; Ubuntu; Linux x86_64; rv:52.0) Gecko/20100101 Firefox/52.0"
85.90.221.62 - - [03/Apr/2017:23:05:59 +0000] "GET /static/css/font-awesome.css HTTP/1.1" 304 0 "http://46.101.197.108/project/1/10" "Mozilla/5.0 (X11; Ubuntu; Linux x86_64; rv:52.0) Gecko/20100101 Firefox/52.0"
85.90.221.62 - - [03/Apr/2017:23:05:59 +0000] "GET /static/css/ace-fonts.css HTTP/1.1" 304 0 "http://46.101.197.108/project/1/10" "Mozilla/5.0 (X11; Ubuntu; Linux x86_64; rv:52.0) Gecko/20100101 Firefox/52.0"
85.90.221.62 - - [03/Apr/2017:23:05:59 +0000] "GET /static/css/ace.css HTTP/1.1" 304 0 "http://46.101.197.108/project/1/10" "Mozilla/5.0 (X11; Ubuntu; Linux x86_64; rv:52.0) Gecko/20100101 Firefox/52.0"
85.90.221.62 - - [03/Apr/2017:23:05:59 +0000] "GET /static/css/table.css HTTP/1.1" 304 0 "http://46.101.197.108/project/1/10" "Mozilla/5.0 (X11; Ubuntu; Linux x86_64; rv:52.0) Gecko/20100101 Firefox/52.0"
85.90.221.62 - - [03/Apr/2017:23:05:59 +0000] "GET /static/css/style.css HTTP/1.1" 304 0 "http://46.101.197.108/project/1/10" "Mozilla/5.0 (X11; Ubuntu; Linux x86_64; rv:52.0) Gecko/20100101 Firefox/52.0"
85.90.221.62 - - [03/Apr/2017:23:05:59 +0000] "GET /static/css/8bit.css HTTP/1.1" 304 0 "http://46.101.197.108/project/1/10" "Mozilla/5.0 (X11; Ubuntu; Linux x86_64; rv:52.0) Gecko/20100101 Firefox/52.0"
85.90.221.62 - - [03/Apr/2017:23:05:59 +0000] "GET /static/js/jquery.js HTTP/1.1" 304 0 "http://46.101.197.108/project/1/10" "Mozilla/5.0 (X11; Ubuntu; Linux x86_64; rv:52.0) Gecko/20100101 Firefox/52.0"
85.90.221.62 - - [03/Apr/2017:23:05:59 +0000] "GET /static/js/bootstrap.js HTTP/1.1" 304 0 "http://46.101.197.108/project/1/10" "Mozilla/5.0 (X11; Ubuntu; Linux x86_64; rv:52.0) Gecko/20100101 Firefox/52.0"
85.90.221.62 - - [03/Apr/2017:23:05:59 +0000] "GET /static/js/ace/ace.js HTTP/1.1" 304 0 "http://46.101.197.108/project/1/10" "Mozilla/5.0 (X11; Ubuntu; Linux x86_64; rv:52.0) Gecko/20100101 Firefox/52.0"
85.90.221.62 - - [03/Apr/2017:23:05:59 +0000] "GET /static/js/ace/ace.sidebar.js HTTP/1.1" 304 0 "http://46.101.197.108/project/1/10" "Mozilla/5.0 (X11; Ubuntu; Linux x86_64; rv:52.0) Gecko/20100101 Firefox/52.0"
85.90.221.62 - - [03/Apr/2017:23:05:59 +0000] "GET /static/js/8bit.js HTTP/1.1" 304 0 "http://46.101.197.108/project/1/10" "Mozilla/5.0 (X11; Ubuntu; Linux x86_64; rv:52.0) Gecko/20100101 Firefox/52.0"
85.90.221.62 - - [03/Apr/2017:23:05:59 +0000] "GET /static/img/404.gif HTTP/1.1" 304 0 "http://46.101.197.108/project/1/10" "Mozilla/5.0 (X11; Ubuntu; Linux x86_64; rv:52.0) Gecko/20100101 Firefox/52.0"
91.222.250.45 - - [03/Apr/2017:23:06:03 +0000] "GET /project/1/backlog/ HTTP/1.1" 200 17973 "http://46.101.197.108/project/1/" "Mozilla/5.0 (X11; Linux x86_64) AppleWebKit/537.36 (KHTML, like Gecko) Chrome/56.0.2924.87 Safari/537.36"
91.222.250.45 - - [03/Apr/2017:23:06:04 +0000] "GET /static/css/bootstrap.css HTTP/1.1" 304 0 "http://46.101.197.108/project/1/backlog/" "Mozilla/5.0 (X11; Linux x86_64) AppleWebKit/537.36 (KHTML, like Gecko) Chrome/56.0.2924.87 Safari/537.36"
91.222.250.45 - - [03/Apr/2017:23:06:04 +0000] "GET /static/css/font-awesome.css HTTP/1.1" 304 0 "http://46.101.197.108/project/1/backlog/" "Mozilla/5.0 (X11; Linux x86_64) AppleWebKit/537.36 (KHTML, like Gecko) Chrome/56.0.2924.87 Safari/537.36"
91.222.250.45 - - [03/Apr/2017:23:06:04 +0000] "GET /static/css/ace.css HTTP/1.1" 304 0 "http://46.101.197.108/project/1/backlog/" "Mozilla/5.0 (X11; Linux x86_64) AppleWebKit/537.36 (KHTML, like Gecko) Chrome/56.0.2924.87 Safari/537.36"
91.222.250.45 - - [03/Apr/2017:23:06:04 +0000] "GET /static/css/ace-fonts.css HTTP/1.1" 304 0 "http://46.101.197.108/project/1/backlog/" "Mozilla/5.0 (X11; Linux x86_64) AppleWebKit/537.36 (KHTML, like Gecko) Chrome/56.0.2924.87 Safari/537.36"
91.222.250.45 - - [03/Apr/2017:23:06:04 +0000] "GET /static/css/table.css HTTP/1.1" 304 0 "http://46.101.197.108/project/1/backlog/" "Mozilla/5.0 (X11; Linux x86_64) AppleWebKit/537.36 (KHTML, like Gecko) Chrome/56.0.2924.87 Safari/537.36"
91.222.250.45 - - [03/Apr/2017:23:06:04 +0000] "GET /static/css/style.css HTTP/1.1" 304 0 "http://46.101.197.108/project/1/backlog/" "Mozilla/5.0 (X11; Linux x86_64) AppleWebKit/537.36 (KHTML, like Gecko) Chrome/56.0.2924.87 Safari/537.36"
91.222.250.45 - - [03/Apr/2017:23:06:04 +0000] "GET /static/css/8bit.css HTTP/1.1" 304 0 "http://46.101.197.108/project/1/backlog/" "Mozilla/5.0 (X11; Linux x86_64) AppleWebKit/537.36 (KHTML, like Gecko) Chrome/56.0.2924.87 Safari/537.36"
91.222.250.45 - - [03/Apr/2017:23:06:04 +0000] "GET /static/css/jquery-ui.css HTTP/1.1" 200 35973 "http://46.101.197.108/project/1/backlog/" "Mozilla/5.0 (X11; Linux x86_64) AppleWebKit/537.36 (KHTML, like Gecko) Chrome/56.0.2924.87 Safari/537.36"
91.222.250.45 - - [03/Apr/2017:23:06:04 +0000] "GET /static/js/jquery.js HTTP/1.1" 304 0 "http://46.101.197.108/project/1/backlog/" "Mozilla/5.0 (X11; Linux x86_64) AppleWebKit/537.36 (KHTML, like Gecko) Chrome/56.0.2924.87 Safari/537.36"
91.222.250.45 - - [03/Apr/2017:23:06:04 +0000] "GET /static/js/bootstrap.js HTTP/1.1" 304 0 "http://46.101.197.108/project/1/backlog/" "Mozilla/5.0 (X11; Linux x86_64) AppleWebKit/537.36 (KHTML, like Gecko) Chrome/56.0.2924.87 Safari/537.36"
91.222.250.45 - - [03/Apr/2017:23:06:04 +0000] "GET /static/js/ace/ace.js HTTP/1.1" 304 0 "http://46.101.197.108/project/1/backlog/" "Mozilla/5.0 (X11; Linux x86_64) AppleWebKit/537.36 (KHTML, like Gecko) Chrome/56.0.2924.87 Safari/537.36"
91.222.250.45 - - [03/Apr/2017:23:06:04 +0000] "GET /static/js/ace/ace.sidebar.js HTTP/1.1" 304 0 "http://46.101.197.108/project/1/backlog/" "Mozilla/5.0 (X11; Linux x86_64) AppleWebKit/537.36 (KHTML, like Gecko) Chrome/56.0.2924.87 Safari/537.36"
91.222.250.45 - - [03/Apr/2017:23:06:04 +0000] "GET /static/js/8bit.js HTTP/1.1" 304 0 "http://46.101.197.108/project/1/backlog/" "Mozilla/5.0 (X11; Linux x86_64) AppleWebKit/537.36 (KHTML, like Gecko) Chrome/56.0.2924.87 Safari/537.36"
91.222.250.45 - - [03/Apr/2017:23:06:04 +0000] "GET /static/js/ajax_csrf.js HTTP/1.1" 200 959 "http://46.101.197.108/project/1/backlog/" "Mozilla/5.0 (X11; Linux x86_64) AppleWebKit/537.36 (KHTML, like Gecko) Chrome/56.0.2924.87 Safari/537.36"
91.222.250.45 - - [03/Apr/2017:23:06:04 +0000] "GET /static/project/js/prioritize_issue.js HTTP/1.1" 200 1802 "http://46.101.197.108/project/1/backlog/" "Mozilla/5.0 (X11; Linux x86_64) AppleWebKit/537.36 (KHTML, like Gecko) Chrome/56.0.2924.87 Safari/537.36"
91.222.250.45 - - [03/Apr/2017:23:06:05 +0000] "GET /static/fonts/OpenSans-400.woff HTTP/1.1" 304 0 "http://46.101.197.108/static/css/ace-fonts.css" "Mozilla/5.0 (X11; Linux x86_64) AppleWebKit/537.36 (KHTML, like Gecko) Chrome/56.0.2924.87 Safari/537.36"
91.222.250.45 - - [03/Apr/2017:23:06:05 +0000] "GET /static/fonts/fontawesome-webfont.woff2?v=4.5.0 HTTP/1.1" 304 0 "http://46.101.197.108/static/css/font-awesome.css" "Mozilla/5.0 (X11; Linux x86_64) AppleWebKit/537.36 (KHTML, like Gecko) Chrome/56.0.2924.87 Safari/537.36"
91.222.250.45 - - [03/Apr/2017:23:06:05 +0000] "GET /static/fonts/OpenSans-300.woff HTTP/1.1" 304 0 "http://46.101.197.108/static/css/ace-fonts.css" "Mozilla/5.0 (X11; Linux x86_64) AppleWebKit/537.36 (KHTML, like Gecko) Chrome/56.0.2924.87 Safari/537.36"
91.222.250.45 - - [03/Apr/2017:23:06:05 +0000] "GET /static/fonts/glyphicons-halflings-regular.woff2 HTTP/1.1" 304 0 "http://46.101.197.108/static/css/bootstrap.css" "Mozilla/5.0 (X11; Linux x86_64) AppleWebKit/537.36 (KHTML, like Gecko) Chrome/56.0.2924.87 Safari/537.36"
91.222.250.45 - - [03/Apr/2017:23:06:05 +0000] "GET /static/js/jquery-ui.min.js HTTP/1.1" 200 253668 "http://46.101.197.108/project/1/backlog/" "Mozilla/5.0 (X11; Linux x86_64) AppleWebKit/537.36 (KHTML, like Gecko) Chrome/56.0.2924.87 Safari/537.36"
91.222.250.45 - - [03/Apr/2017:23:06:09 +0000] "GET /project/1/issue/119/ HTTP/1.1" 200 15043 "http://46.101.197.108/project/1/backlog/" "Mozilla/5.0 (X11; Linux x86_64) AppleWebKit/537.36 (KHTML, like Gecko) Chrome/56.0.2924.87 Safari/537.36"
91.222.250.45 - - [03/Apr/2017:23:06:10 +0000] "GET /static/js/log_modal.js HTTP/1.1" 200 1571 "http://46.101.197.108/project/1/issue/119/" "Mozilla/5.0 (X11; Linux x86_64) AppleWebKit/537.36 (KHTML, like Gecko) Chrome/56.0.2924.87 Safari/537.36"
85.90.221.62 - - [03/Apr/2017:23:06:10 +0000] "GET /project/1/11 HTTP/1.1" 404 233 "-" "Mozilla/5.0 (X11; Ubuntu; Linux x86_64; rv:52.0) Gecko/20100101 Firefox/52.0" "-"
91.222.250.45 - - [03/Apr/2017:23:06:13 +0000] "GET /project/1/issue/119/edit/ HTTP/1.1" 200 13304 "http://46.101.197.108/project/1/issue/119/" "Mozilla/5.0 (X11; Linux x86_64) AppleWebKit/537.36 (KHTML, like Gecko) Chrome/56.0.2924.87 Safari/537.36"
85.90.221.62 - - [03/Apr/2017:23:06:13 +0000] "GET /project/1/12 HTTP/1.1" 404 233 "-" "Mozilla/5.0 (X11; Ubuntu; Linux x86_64; rv:52.0) Gecko/20100101 Firefox/52.0" "-"
85.90.221.62 - - [03/Apr/2017:23:06:16 +0000] "GET /project/1/10 HTTP/1.1" 404 233 "-" "Mozilla/5.0 (X11; Ubuntu; Linux x86_64; rv:52.0) Gecko/20100101 Firefox/52.0" "-"
91.222.250.45 - - [03/Apr/2017:23:06:20 +0000] "POST /project/1/issue/119/edit/ HTTP/1.1" 302 5 "http://46.101.197.108/project/1/issue/119/edit/" "Mozilla/5.0 (X11; Linux x86_64) AppleWebKit/537.36 (KHTML, like Gecko) Chrome/56.0.2924.87 Safari/537.36"
91.222.250.45 - - [03/Apr/2017:23:06:20 +0000] "GET /project/1/issue/119/ HTTP/1.1" 200 15149 "http://46.101.197.108/project/1/issue/119/edit/" "Mozilla/5.0 (X11; Linux x86_64) AppleWebKit/537.36 (KHTML, like Gecko) Chrome/56.0.2924.87 Safari/537.36"
172.19.0.1 - - [03/Apr/2017:23:06:22 +0000] "POST /add_issue/ HTTP/1.1" 302 207 "-" "python-requests/2.13.0" "-"
85.90.221.62 - - [03/Apr/2017:23:06:23 +0000] "GET /project/1/1 HTTP/1.1" 404 233 "-" "Mozilla/5.0 (X11; Ubuntu; Linux x86_64; rv:52.0) Gecko/20100101 Firefox/52.0" "-"
85.90.221.62 - - [03/Apr/2017:23:06:47 +0000] "GET /room/1/user/11/ HTTP/1.1" 499 0 "-" "Mozilla/5.0 (X11; Ubuntu; Linux x86_64; rv:52.0) Gecko/20100101 Firefox/52.0"
85.90.221.62 - - [03/Apr/2017:23:06:47 +0000] "GET /room/1/user/12 HTTP/1.1" 301 281 "-" "Mozilla/5.0 (X11; Ubuntu; Linux x86_64; rv:52.0) Gecko/20100101 Firefox/52.0" "-"
172.19.0.1 - - [03/Apr/2017:23:06:52 +0000] "GET /None HTTP/1.1" 499 0 "-" "python-requests/2.13.0"
91.222.250.45 - - [03/Apr/2017:23:06:52 +0000] "GET /project/1/issue/119/estimate/ HTTP/1.1" 502 576 "http://46.101.197.108/project/1/issue/119/" "Mozilla/5.0 (X11; Linux x86_64) AppleWebKit/537.36 (KHTML, like Gecko) Chrome/56.0.2924.87 Safari/537.36"
85.90.221.62 - - [03/Apr/2017:23:06:53 +0000] "GET /room/1/user/12/ HTTP/1.1" 200 9190 "-" "Mozilla/5.0 (X11; Ubuntu; Linux x86_64; rv:52.0) Gecko/20100101 Firefox/52.0"
91.222.250.45 - - [03/Apr/2017:23:06:53 +0000] "GET /favicon.ico HTTP/1.1" 200 9370 "http://46.101.197.108/project/1/issue/119/estimate/" "Mozilla/5.0 (X11; Linux x86_64) AppleWebKit/537.36 (KHTML, like Gecko) Chrome/56.0.2924.87 Safari/537.36"
85.90.221.62 - - [03/Apr/2017:23:06:54 +0000] "GET /static/fonts/OpenSans-400.woff HTTP/1.1" 304 0 "http://46.101.197.108/static/css/ace-fonts.css" "Mozilla/5.0 (X11; Ubuntu; Linux x86_64; rv:52.0) Gecko/20100101 Firefox/52.0"
85.90.221.62 - - [03/Apr/2017:23:06:54 +0000] "GET /static/fonts/fontawesome-webfont.woff2?v=4.5.0 HTTP/1.1" 304 0 "http://46.101.197.108/static/css/font-awesome.css" "Mozilla/5.0 (X11; Ubuntu; Linux x86_64; rv:52.0) Gecko/20100101 Firefox/52.0"
85.90.221.62 - - [03/Apr/2017:23:07:05 +0000] "GET /room/1/user/12/ HTTP/1.1" 200 9190 "-" "Mozilla/5.0 (X11; Ubuntu; Linux x86_64; rv:52.0) Gecko/20100101 Firefox/52.0"
85.90.221.62 - - [03/Apr/2017:23:07:14 +0000] "GET /room/1/user/10/ HTTP/1.1" 200 9190 "-" "Mozilla/5.0 (X11; Ubuntu; Linux x86_64; rv:52.0) Gecko/20100101 Firefox/52.0"
85.90.221.62 - - [03/Apr/2017:23:07:19 +0000] "GET /room/1/user/10/ HTTP/1.1" 400 192 "-" "Mozilla/5.0 (X11; Ubuntu; Linux x86_64; rv:52.0) Gecko/20100101 Firefox/52.0" "-"
85.90.221.62 - - [03/Apr/2017:23:07:23 +0000] "GET /room/1/user/12/ HTTP/1.1" 200 829 "-" "Mozilla/5.0 (X11; Ubuntu; Linux x86_64; rv:52.0) Gecko/20100101 Firefox/52.0" "-"
85.90.221.62 - - [03/Apr/2017:23:07:23 +0000] "GET /socket.io/?EIO=3&transport=polling&t=Lis4gO4 HTTP/1.1" 200 118 "http://46.101.197.108:5000/room/1/user/12/" "Mozilla/5.0 (X11; Ubuntu; Linux x86_64; rv:52.0) Gecko/20100101 Firefox/52.0" "-"
85.90.221.62 - - [03/Apr/2017:23:07:23 +0000] "POST /socket.io/?EIO=3&transport=polling&t=Lis4gO-&sid=33072e43887e4b80a518f99e7cbd0bb4 HTTP/1.1" 200 12 "http://46.101.197.108:5000/room/1/user/12/" "Mozilla/5.0 (X11; Ubuntu; Linux x86_64; rv:52.0) Gecko/20100101 Firefox/52.0" "-"
85.90.221.62 - - [03/Apr/2017:23:07:23 +0000] "GET /socket.io/?EIO=3&transport=polling&t=Lis4gP2&sid=33072e43887e4b80a518f99e7cbd0bb4 HTTP/1.1" 200 895 "http://46.101.197.108:5000/room/1/user/12/" "Mozilla/5.0 (X11; Ubuntu; Linux x86_64; rv:52.0) Gecko/20100101 Firefox/52.0" "-"
91.222.250.45 - - [03/Apr/2017:23:07:35 +0000] "GET /room/1/user/12/ HTTP/1.1" 200 829 "-" "Mozilla/5.0 (Linux; Android 6.0.1; Nexus 5 Build/M4B30Z) AppleWebKit/537.36 (KHTML, like Gecko) Chrome/56.0.2924.87 Mobile Safari/537.36" "-"
91.222.250.45 - - [03/Apr/2017:23:07:35 +0000] "GET /static/js/vendors/jquery.min.js HTTP/1.1" 200 85578 "http://46.101.197.108:5000/room/1/user/12/" "Mozilla/5.0 (Linux; Android 6.0.1; Nexus 5 Build/M4B30Z) AppleWebKit/537.36 (KHTML, like Gecko) Chrome/56.0.2924.87 Mobile Safari/537.36" "-"
91.222.250.45 - - [03/Apr/2017:23:07:35 +0000] "GET /static/css/style.css HTTP/1.1" 200 3770 "http://46.101.197.108:5000/room/1/user/12/" "Mozilla/5.0 (Linux; Android 6.0.1; Nexus 5 Build/M4B30Z) AppleWebKit/537.36 (KHTML, like Gecko) Chrome/56.0.2924.87 Mobile Safari/537.36" "-"
91.222.250.45 - - [03/Apr/2017:23:07:35 +0000] "GET /static/css/font-awesome.min.css HTTP/1.1" 200 31000 "http://46.101.197.108:5000/room/1/user/12/" "Mozilla/5.0 (Linux; Android 6.0.1; Nexus 5 Build/M4B30Z) AppleWebKit/537.36 (KHTML, like Gecko) Chrome/56.0.2924.87 Mobile Safari/537.36" "-"
91.222.250.45 - - [03/Apr/2017:23:07:35 +0000] "GET /static/js/vendors/socket.io.min.js HTTP/1.1" 200 69315 "http://46.101.197.108:5000/room/1/user/12/" "Mozilla/5.0 (Linux; Android 6.0.1; Nexus 5 Build/M4B30Z) AppleWebKit/537.36 (KHTML, like Gecko) Chrome/56.0.2924.87 Mobile Safari/537.36" "-"
91.222.250.45 - - [03/Apr/2017:23:07:35 +0000] "GET /static/js/bundle.js HTTP/1.1" 200 43373 "http://46.101.197.108:5000/room/1/user/12/" "Mozilla/5.0 (Linux; Android 6.0.1; Nexus 5 Build/M4B30Z) AppleWebKit/537.36 (KHTML, like Gecko) Chrome/56.0.2924.87 Mobile Safari/537.36" "-"
91.222.250.45 - - [03/Apr/2017:23:07:36 +0000] "GET /static/css/bootstrap.min.css HTTP/1.1" 200 121200 "http://46.101.197.108:5000/room/1/user/12/" "Mozilla/5.0 (Linux; Android 6.0.1; Nexus 5 Build/M4B30Z) AppleWebKit/537.36 (KHTML, like Gecko) Chrome/56.0.2924.87 Mobile Safari/537.36" "-"
91.222.250.45 - - [03/Apr/2017:23:07:36 +0000] "GET /static/js/vendors/react.js HTTP/1.1" 200 127517 "http://46.101.197.108:5000/room/1/user/12/" "Mozilla/5.0 (Linux; Android 6.0.1; Nexus 5 Build/M4B30Z) AppleWebKit/537.36 (KHTML, like Gecko) Chrome/56.0.2924.87 Mobile Safari/537.36" "-"
91.222.250.45 - - [03/Apr/2017:23:07:36 +0000] "GET /static/js/vendors/bootstrap.min.js HTTP/1.1" 200 37045 "http://46.101.197.108:5000/room/1/user/12/" "Mozilla/5.0 (Linux; Android 6.0.1; Nexus 5 Build/M4B30Z) AppleWebKit/537.36 (KHTML, like Gecko) Chrome/56.0.2924.87 Mobile Safari/537.36" "-"
91.222.250.45 - - [03/Apr/2017:23:07:37 +0000] "GET /static/js/vendors/react-dom.js HTTP/1.1" 200 619308 "http://46.101.197.108:5000/room/1/user/12/" "Mozilla/5.0 (Linux; Android 6.0.1; Nexus 5 Build/M4B30Z) AppleWebKit/537.36 (KHTML, like Gecko) Chrome/56.0.2924.87 Mobile Safari/537.36" "-"
91.222.250.45 - - [03/Apr/2017:23:07:38 +0000] "GET /socket.io/?EIO=3&transport=polling&t=Lis4ion HTTP/1.1" 200 118 "http://46.101.197.108:5000/room/1/user/12/" "Mozilla/5.0 (Linux; Android 6.0.1; Nexus 5 Build/M4B30Z) AppleWebKit/537.36 (KHTML, like Gecko) Chrome/56.0.2924.87 Mobile Safari/537.36" "-"
91.222.250.45 - - [03/Apr/2017:23:07:38 +0000] "POST /socket.io/?EIO=3&transport=polling&t=Lis4iqj&sid=51783d4ea72f4ee198e3d332c1d51298 HTTP/1.1" 200 12 "http://46.101.197.108:5000/room/1/user/12/" "Mozilla/5.0 (Linux; Android 6.0.1; Nexus 5 Build/M4B30Z) AppleWebKit/537.36 (KHTML, like Gecko) Chrome/56.0.2924.87 Mobile Safari/537.36" "-"
91.222.250.45 - - [03/Apr/2017:23:07:38 +0000] "GET /socket.io/?EIO=3&transport=polling&t=Lis4iqm&sid=51783d4ea72f4ee198e3d332c1d51298 HTTP/1.1" 200 958 "http://46.101.197.108:5000/room/1/user/12/" "Mozilla/5.0 (Linux; Android 6.0.1; Nexus 5 Build/M4B30Z) AppleWebKit/537.36 (KHTML, like Gecko) Chrome/56.0.2924.87 Mobile Safari/537.36" "-"
85.90.221.62 - - [03/Apr/2017:23:07:38 +0000] "GET /socket.io/?EIO=3&transport=polling&t=Lis4gRT&sid=33072e43887e4b80a518f99e7cbd0bb4 HTTP/1.1" 200 99 "http://46.101.197.108:5000/room/1/user/12/" "Mozilla/5.0 (X11; Ubuntu; Linux x86_64; rv:52.0) Gecko/20100101 Firefox/52.0" "-"
91.222.250.45 - - [03/Apr/2017:23:07:38 +0000] "GET /static/fonts/glyphicons-halflings-regular.woff2 HTTP/1.1" 200 18028 "http://46.101.197.108:5000/static/css/bootstrap.min.css" "Mozilla/5.0 (Linux; Android 6.0.1; Nexus 5 Build/M4B30Z) AppleWebKit/537.36 (KHTML, like Gecko) Chrome/56.0.2924.87 Mobile Safari/537.36" "-"
85.90.221.62 - - [03/Apr/2017:23:07:48 +0000] "POST /socket.io/?EIO=3&transport=polling&t=Lis4mVZ&sid=33072e43887e4b80a518f99e7cbd0bb4 HTTP/1.1" 200 12 "http://46.101.197.108:5000/room/1/user/12/" "Mozilla/5.0 (X11; Ubuntu; Linux x86_64; rv:52.0) Gecko/20100101 Firefox/52.0" "-"
85.90.221.62 - - [03/Apr/2017:23:07:48 +0000] "GET /socket.io/?EIO=3&transport=polling&t=Lis4k1e&sid=33072e43887e4b80a518f99e7cbd0bb4 HTTP/1.1" 200 14 "http://46.101.197.108:5000/room/1/user/12/" "Mozilla/5.0 (X11; Ubuntu; Linux x86_64; rv:52.0) Gecko/20100101 Firefox/52.0" "-"
91.222.250.45 - - [03/Apr/2017:23:08:02 +0000] "GET / HTTP/1.1" 200 24137 "-" "Mozilla/5.0 (Linux; Android 6.0.1; Nexus 5 Build/M4B30Z) AppleWebKit/537.36 (KHTML, like Gecko) Chrome/56.0.2924.87 Mobile Safari/537.36"
91.222.250.45 - - [03/Apr/2017:23:08:02 +0000] "GET /socket.io/?EIO=3&transport=polling&t=Lis4ivi&sid=51783d4ea72f4ee198e3d332c1d51298 HTTP/1.1" 499 0 "http://46.101.197.108:5000/room/1/user/12/" "Mozilla/5.0 (Linux; Android 6.0.1; Nexus 5 Build/M4B30Z) AppleWebKit/537.36 (KHTML, like Gecko) Chrome/56.0.2924.87 Mobile Safari/537.36" "-"
85.90.221.62 - - [03/Apr/2017:23:08:13 +0000] "POST /socket.io/?EIO=3&transport=polling&t=Lis4sd9&sid=33072e43887e4b80a518f99e7cbd0bb4 HTTP/1.1" 200 12 "http://46.101.197.108:5000/room/1/user/12/" "Mozilla/5.0 (X11; Ubuntu; Linux x86_64; rv:52.0) Gecko/20100101 Firefox/52.0" "-"
85.90.221.62 - - [03/Apr/2017:23:08:13 +0000] "GET /socket.io/?EIO=3&transport=polling&t=Lis4mWW&sid=33072e43887e4b80a518f99e7cbd0bb4 HTTP/1.1" 200 14 "http://46.101.197.108:5000/room/1/user/12/" "Mozilla/5.0 (X11; Ubuntu; Linux x86_64; rv:52.0) Gecko/20100101 Firefox/52.0" "-"
85.90.221.62 - - [03/Apr/2017:23:08:38 +0000] "POST /socket.io/?EIO=3&transport=polling&t=Lis4ykb&sid=33072e43887e4b80a518f99e7cbd0bb4 HTTP/1.1" 200 12 "http://46.101.197.108:5000/room/1/user/12/" "Mozilla/5.0 (X11; Ubuntu; Linux x86_64; rv:52.0) Gecko/20100101 Firefox/52.0" "-"
85.90.221.62 - - [03/Apr/2017:23:08:38 +0000] "GET /socket.io/?EIO=3&transport=polling&t=Lis4sdz&sid=33072e43887e4b80a518f99e7cbd0bb4 HTTP/1.1" 200 14 "http://46.101.197.108:5000/room/1/user/12/" "Mozilla/5.0 (X11; Ubuntu; Linux x86_64; rv:52.0) Gecko/20100101 Firefox/52.0" "-"
91.222.250.45 - - [03/Apr/2017:23:08:57 +0000] "GET / HTTP/1.1" 200 24137 "-" "Mozilla/5.0 (Linux; Android 6.0.1; Nexus 5 Build/M4B30Z) AppleWebKit/537.36 (KHTML, like Gecko) Chrome/56.0.2924.87 Mobile Safari/537.36"
85.90.221.62 - - [03/Apr/2017:23:09:03 +0000] "POST /socket.io/?EIO=3&transport=polling&t=Lis52sQ&sid=33072e43887e4b80a518f99e7cbd0bb4 HTTP/1.1" 200 12 "http://46.101.197.108:5000/room/1/user/12/" "Mozilla/5.0 (X11; Ubuntu; Linux x86_64; rv:52.0) Gecko/20100101 Firefox/52.0" "-"
85.90.221.62 - - [03/Apr/2017:23:09:03 +0000] "GET /socket.io/?EIO=3&transport=polling&t=Lis4ylm&sid=33072e43887e4b80a518f99e7cbd0bb4 HTTP/1.1" 200 14 "http://46.101.197.108:5000/room/1/user/12/" "Mozilla/5.0 (X11; Ubuntu; Linux x86_64; rv:52.0) Gecko/20100101 Firefox/52.0" "-"
91.222.250.45 - - [03/Apr/2017:23:09:05 +0000] "GET /project/ HTTP/1.1" 200 11178 "-" "Mozilla/5.0 (Linux; Android 6.0.1; Nexus 5 Build/M4B30Z) AppleWebKit/537.36 (KHTML, like Gecko) Chrome/56.0.2924.87 Mobile Safari/537.36"
91.222.250.45 - - [03/Apr/2017:23:09:06 +0000] "GET /static/img/favicon.ico HTTP/1.1" 304 0 "http://46.101.197.108/project/" "Mozilla/5.0 (Linux; Android 6.0.1; Nexus 5 Build/M4B30Z) AppleWebKit/537.36 (KHTML, like Gecko) Chrome/56.0.2924.87 Mobile Safari/537.36"
91.222.250.45 - - [03/Apr/2017:23:09:07 +0000] "GET /project/1/ HTTP/1.1" 200 8948 "http://46.101.197.108/project/" "Mozilla/5.0 (Linux; Android 6.0.1; Nexus 5 Build/M4B30Z) AppleWebKit/537.36 (KHTML, like Gecko) Chrome/56.0.2924.87 Mobile Safari/537.36"
91.222.250.45 - - [03/Apr/2017:23:09:10 +0000] "GET /project/poker_room/1/ HTTP/1.1" 302 5 "http://46.101.197.108/project/1/" "Mozilla/5.0 (Linux; Android 6.0.1; Nexus 5 Build/M4B30Z) AppleWebKit/537.36 (KHTML, like Gecko) Chrome/56.0.2924.87 Mobile Safari/537.36"
91.222.250.45 - - [03/Apr/2017:23:09:11 +0000] "GET /room/1/user/1/ HTTP/1.1" 200 9370 "http://46.101.197.108/project/1/" "Mozilla/5.0 (Linux; Android 6.0.1; Nexus 5 Build/M4B30Z) AppleWebKit/537.36 (KHTML, like Gecko) Chrome/56.0.2924.87 Mobile Safari/537.36"
91.222.250.45 - - [03/Apr/2017:23:09:11 +0000] "GET /static/img/404.gif HTTP/1.1" 304 0 "http://46.101.197.108/room/1/user/1/" "Mozilla/5.0 (Linux; Android 6.0.1; Nexus 5 Build/M4B30Z) AppleWebKit/537.36 (KHTML, like Gecko) Chrome/56.0.2924.87 Mobile Safari/537.36"
91.222.250.45 - - [03/Apr/2017:23:09:19 +0000] "GET /room/1/user/1/ HTTP/1.1" 400 192 "-" "Mozilla/5.0 (Linux; Android 6.0.1; Nexus 5 Build/M4B30Z) AppleWebKit/537.36 (KHTML, like Gecko) Chrome/56.0.2924.87 Mobile Safari/537.36" "-"
85.90.221.62 - - [03/Apr/2017:23:09:28 +0000] "POST /socket.io/?EIO=3&transport=polling&t=Lis58-1&sid=33072e43887e4b80a518f99e7cbd0bb4 HTTP/1.1" 200 12 "http://46.101.197.108:5000/room/1/user/12/" "Mozilla/5.0 (X11; Ubuntu; Linux x86_64; rv:52.0) Gecko/20100101 Firefox/52.0" "-"
85.90.221.62 - - [03/Apr/2017:23:09:28 +0000] "GET /socket.io/?EIO=3&transport=polling&t=Lis52tP&sid=33072e43887e4b80a518f99e7cbd0bb4 HTTP/1.1" 200 14 "http://46.101.197.108:5000/room/1/user/12/" "Mozilla/5.0 (X11; Ubuntu; Linux x86_64; rv:52.0) Gecko/20100101 Firefox/52.0" "-"
91.222.250.45 - - [03/Apr/2017:23:09:29 +0000] "GET /room/1/user/12/ HTTP/1.1" 200 829 "-" "Mozilla/5.0 (Linux; Android 6.0.1; Nexus 5 Build/M4B30Z) AppleWebKit/537.36 (KHTML, like Gecko) Chrome/56.0.2924.87 Mobile Safari/537.36" "-"
91.222.250.45 - - [03/Apr/2017:23:09:31 +0000] "GET /socket.io/?EIO=3&transport=polling&t=Lis58JQ HTTP/1.1" 200 118 "http://46.101.197.108:5000/room/1/user/12/" "Mozilla/5.0 (Linux; Android 6.0.1; Nexus 5 Build/M4B30Z) AppleWebKit/537.36 (KHTML, like Gecko) Chrome/56.0.2924.87 Mobile Safari/537.36" "-"
91.222.250.45 - - [03/Apr/2017:23:09:31 +0000] "POST /socket.io/?EIO=3&transport=polling&t=Lis58Lv&sid=486a5f4968c44cbdaef635da4f0cad84 HTTP/1.1" 200 12 "http://46.101.197.108:5000/room/1/user/12/" "Mozilla/5.0 (Linux; Android 6.0.1; Nexus 5 Build/M4B30Z) AppleWebKit/537.36 (KHTML, like Gecko) Chrome/56.0.2924.87 Mobile Safari/537.36" "-"
85.90.221.62 - - [03/Apr/2017:23:09:31 +0000] "GET /socket.io/?EIO=3&transport=polling&t=Lis58-n&sid=33072e43887e4b80a518f99e7cbd0bb4 HTTP/1.1" 200 99 "http://46.101.197.108:5000/room/1/user/12/" "Mozilla/5.0 (X11; Ubuntu; Linux x86_64; rv:52.0) Gecko/20100101 Firefox/52.0" "-"
91.222.250.45 - - [03/Apr/2017:23:09:31 +0000] "GET /socket.io/?EIO=3&transport=polling&t=Lis58M2&sid=486a5f4968c44cbdaef635da4f0cad84 HTTP/1.1" 200 1021 "http://46.101.197.108:5000/room/1/user/12/" "Mozilla/5.0 (Linux; Android 6.0.1; Nexus 5 Build/M4B30Z) AppleWebKit/537.36 (KHTML, like Gecko) Chrome/56.0.2924.87 Mobile Safari/537.36" "-"
91.222.250.45 - - [03/Apr/2017:23:09:41 +0000] "GET / HTTP/1.1" 200 24137 "-" "Mozilla/5.0 (Linux; Android 6.0.1; Nexus 5 Build/M4B30Z) AppleWebKit/537.36 (KHTML, like Gecko) Chrome/56.0.2924.87 Mobile Safari/537.36"
91.222.250.45 - - [03/Apr/2017:23:09:42 +0000] "GET /socket.io/?EIO=3&transport=polling&t=Lis58QE&sid=486a5f4968c44cbdaef635da4f0cad84 HTTP/1.1" 499 0 "http://46.101.197.108:5000/room/1/user/12/" "Mozilla/5.0 (Linux; Android 6.0.1; Nexus 5 Build/M4B30Z) AppleWebKit/537.36 (KHTML, like Gecko) Chrome/56.0.2924.87 Mobile Safari/537.36" "-"
91.222.250.45 - - [03/Apr/2017:23:09:42 +0000] "GET /static/css/ace-fonts.css HTTP/1.1" 304 0 "http://46.101.197.108/" "Mozilla/5.0 (Linux; Android 6.0.1; Nexus 5 Build/M4B30Z) AppleWebKit/537.36 (KHTML, like Gecko) Chrome/56.0.2924.87 Mobile Safari/537.36"
91.222.250.45 - - [03/Apr/2017:23:09:42 +0000] "GET /static/css/bootstrap.css HTTP/1.1" 304 0 "http://46.101.197.108/" "Mozilla/5.0 (Linux; Android 6.0.1; Nexus 5 Build/M4B30Z) AppleWebKit/537.36 (KHTML, like Gecko) Chrome/56.0.2924.87 Mobile Safari/537.36"
91.222.250.45 - - [03/Apr/2017:23:09:42 +0000] "GET /static/css/font-awesome.css HTTP/1.1" 304 0 "http://46.101.197.108/" "Mozilla/5.0 (Linux; Android 6.0.1; Nexus 5 Build/M4B30Z) AppleWebKit/537.36 (KHTML, like Gecko) Chrome/56.0.2924.87 Mobile Safari/537.36"
